15:22:33 **** Incremental Build of configuration Debug for project Generateur ****
make -j8 all 
arm-none-eabi-gcc "../Core/Src/generator.c" -mcpu=cortex-m4 -std=gnu11 -g3 -DDEBUG -DUSE_HAL_DRIVER -DSTM32F413xx -c -I../Core/Inc -I../Drivers/STM32F4xx_HAL_Driver/Inc -I../Drivers/STM32F4xx_HAL_Driver/Inc/Legacy -I../Drivers/CMSIS/Device/ST/STM32F4xx/Include -I../Drivers/CMSIS/Include -O0 -ffunction-sections -fdata-sections -Wall -fstack-usage -MMD -MP -MF"Core/Src/generator.d" -MT"Core/Src/generator.o" --specs=nano.specs -mfpu=fpv4-sp-d16 -mfloat-abi=hard -mthumb -o "Core/Src/generator.o"
arm-none-eabi-gcc -o "Generateur.elf" @"objects.list"   -mcpu=cortex-m4 -T"C:\Users\thoma\Mon Drive\5A\iot\TP_Objects_connectes\generateur\STM32F413ZHTX_FLASH.ld" --specs=nosys.specs -Wl,-Map="Generateur.map" -Wl,--gc-sections -static --specs=nano.specs -mfpu=fpv4-sp-d16 -mfloat-abi=hard -mthumb -Wl,--start-group -lc -lm -Wl,--end-group
Finished building target: Generateur.elf
 
arm-none-eabi-size   Generateur.elf 
arm-none-eabi-objdump -h -S  Generateur.elf  > "Generateur.list"
arm-none-eabi-objcopy  -O binary  Generateur.elf  "Generateur.bin"
   text	   data	    bss	    dec	    hex	filename
   9920	    112	   1664	  11696	   2db0	Generateur.elf
Finished building: default.size.stdout
 
Finished building: Generateur.bin
 
Finished building: Generateur.list
 

15:22:34 Build Finished. 0 errors, 0 warnings. (took 1s.159ms)

