14:15:08 **** Incremental Build of configuration Debug for project stm32f4_disc ****
make -j8 all 
arm-none-eabi-gcc "../Core/Src/main.c" -mcpu=cortex-m4 -std=gnu11 -g3 -DDEBUG -DUSE_HAL_DRIVER -DSTM32F407xx -c -I../Core/Inc -I../Drivers/STM32F4xx_HAL_Driver/Inc -I../Drivers/STM32F4xx_HAL_Driver/Inc/Legacy -I../Drivers/CMSIS/Device/ST/STM32F4xx/Include -I../Drivers/CMSIS/Include -O0 -ffunction-sections -fdata-sections -Wall -fstack-usage -MMD -MP -MF"Core/Src/main.d" -MT"Core/Src/main.o" --specs=nano.specs -mfpu=fpv4-sp-d16 -mfloat-abi=hard -mthumb -o "Core/Src/main.o"
arm-none-eabi-gcc -o "stm32f4_disc.elf" @"objects.list"   -mcpu=cortex-m4 -T"C:\Users\thoma\Documents\GitHub\Projet5ArobotInfirmier\STM32\STM32_Carte_principale\stm32f4_disc\STM32F407VGTX_FLASH.ld" --specs=nosys.specs -Wl,-Map="stm32f4_disc.map" -Wl,--gc-sections -static --specs=nano.specs -mfpu=fpv4-sp-d16 -mfloat-abi=hard -mthumb -Wl,--start-group -lc -lm -Wl,--end-group
Finished building target: stm32f4_disc.elf
 
arm-none-eabi-size   stm32f4_disc.elf 
arm-none-eabi-objdump -h -S  stm32f4_disc.elf  > "stm32f4_disc.list"
arm-none-eabi-objcopy  -O binary  stm32f4_disc.elf  "stm32f4_disc.bin"
   text	   data	    bss	    dec	    hex	filename
  17532	     24	   2608	  20164	   4ec4	stm32f4_disc.elf
Finished building: default.size.stdout
 
Finished building: stm32f4_disc.bin
 
Finished building: stm32f4_disc.list
 

14:15:10 Build Finished. 0 errors, 0 warnings. (took 1s.280ms)

