11:54:18 **** Incremental Build of configuration Debug for project stm32f4_disc ****
make -j8 all 
arm-none-eabi-gcc "../Core/Src/com_pc.c" -mcpu=cortex-m4 -std=gnu11 -g3 -DDEBUG -DUSE_HAL_DRIVER -DSTM32F407xx -c -I../Core/Inc -I../Drivers/STM32F4xx_HAL_Driver/Inc -I../Drivers/STM32F4xx_HAL_Driver/Inc/Legacy -I../Drivers/CMSIS/Device/ST/STM32F4xx/Include -I../Drivers/CMSIS/Include -O0 -ffunction-sections -fdata-sections -Wall -fstack-usage -MMD -MP -MF"Core/Src/com_pc.d" -MT"Core/Src/com_pc.o" --specs=nano.specs -mfpu=fpv4-sp-d16 -mfloat-abi=hard -mthumb -o "Core/Src/com_pc.o"
../Core/Src/com_pc.c: In function 'envoyer_message_pc':
../Core/Src/com_pc.c:18:29: warning: passing argument 2 of 'HAL_UART_Transmit' from incompatible pointer type [-Wincompatible-pointer-types]
   18 |  HAL_UART_Transmit(&huart2, &message, 50, 100);
      |                             ^~~~~~~~
      |                             |
      |                             char **
In file included from ../Core/Inc/stm32f4xx_hal_conf.h:406,
                 from ../Drivers/STM32F4xx_HAL_Driver/Inc/stm32f4xx_hal.h:30,
                 from ../Core/Inc/main.h:31,
                 from ../Core/Inc/usart.h:28,
                 from ../Core/Src/com_pc.c:2:
../Drivers/STM32F4xx_HAL_Driver/Inc/stm32f4xx_hal_uart.h:723:73: note: expected 'uint8_t *' {aka 'unsigned char *'} but argument is of type 'char **'
  723 | HAL_StatusTypeDef HAL_UART_Transmit(UART_HandleTypeDef *huart, uint8_t *pData, uint16_t Size, uint32_t Timeout);
      |                                                                ~~~~~~~~~^~~~~
../Core/Src/com_pc.c: In function 'recevoir_message_pc':
../Core/Src/com_pc.c:29:9: warning: passing argument 1 of 'strcpy' makes pointer from integer without a cast [-Wint-conversion]
   29 |  strcpy(UART2_rxBuffer,message_recu_PC);
      |         ^~~~~~~~~~~~~~
      |         |
      |         uint8_t {aka unsigned char}
In file included from ../Core/Src/com_pc.c:4:
c:\program files (x86)\stm32cubeide_1.7.0\stm32cubeide\plugins\com.st.stm32cube.ide.mcu.externaltools.gnu-tools-for-stm32.9-2020-q2-update.win32_2.0.0.202105311346\tools\arm-none-eabi\include\string.h:38:8: note: expected 'char * restrict' but argument is of type 'uint8_t' {aka 'unsigned char'}
   38 | char  *strcpy (char *__restrict, const char *__restrict);
      |        ^~~~~~
../Core/Src/com_pc.c:31:13: warning: passing argument 1 of 'strcmp' from incompatible pointer type [-Wincompatible-pointer-types]
   31 |  if (strcmp(&message_recu_PC,"test")){
      |             ^~~~~~~~~~~~~~~~
      |             |
      |             char (*)[100]
In file included from ../Core/Src/com_pc.c:4:
c:\program files (x86)\stm32cubeide_1.7.0\stm32cubeide\plugins\com.st.stm32cube.ide.mcu.externaltools.gnu-tools-for-stm32.9-2020-q2-update.win32_2.0.0.202105311346\tools\arm-none-eabi\include\string.h:36:14: note: expected 'const char *' but argument is of type 'char (*)[100]'
   36 | int  strcmp (const char *, const char *);
      |              ^~~~~~~~~~~~
../Core/Src/com_pc.c:36:18: warning: passing argument 1 of 'strcmp' from incompatible pointer type [-Wincompatible-pointer-types]
   36 |  else if (strcmp(&message_recu_PC,"A")){
      |                  ^~~~~~~~~~~~~~~~
      |                  |
      |                  char (*)[100]
In file included from ../Core/Src/com_pc.c:4:
c:\program files (x86)\stm32cubeide_1.7.0\stm32cubeide\plugins\com.st.stm32cube.ide.mcu.externaltools.gnu-tools-for-stm32.9-2020-q2-update.win32_2.0.0.202105311346\tools\arm-none-eabi\include\string.h:36:14: note: expected 'const char *' but argument is of type 'char (*)[100]'
   36 | int  strcmp (const char *, const char *);
      |              ^~~~~~~~~~~~
../Core/Src/com_pc.c: In function 'recevoir_message_pc2':
../Core/Src/com_pc.c:46:26: warning: pointer targets in passing argument 2 of 'strcpy' differ in signedness [-Wpointer-sign]
   46 |   strcpy(message_recu_PC,UART2_rxBuffer_2);
      |                          ^~~~~~~~~~~~~~~~
      |                          |
      |                          uint8_t * {aka unsigned char *}
In file included from ../Core/Src/com_pc.c:4:
c:\program files (x86)\stm32cubeide_1.7.0\stm32cubeide\plugins\com.st.stm32cube.ide.mcu.externaltools.gnu-tools-for-stm32.9-2020-q2-update.win32_2.0.0.202105311346\tools\arm-none-eabi\include\string.h:38:8: note: expected 'const char * restrict' but argument is of type 'uint8_t *' {aka 'unsigned char *'}
   38 | char  *strcpy (char *__restrict, const char *__restrict);
      |        ^~~~~~
../Core/Src/com_pc.c: In function 'traiter_message_pc':
../Core/Src/com_pc.c:61:6: warning: variable 'a' set but not used [-Wunused-but-set-variable]
   61 |  int a = 3;
      |      ^
arm-none-eabi-gcc -o "stm32f4_disc.elf" @"objects.list"   -mcpu=cortex-m4 -T"C:\Users\thoma\Documents\GitHub\Projet5ArobotInfirmier\STM32\STM32_Carte_principale\stm32f4_disc\STM32F407VGTX_FLASH.ld" --specs=nosys.specs -Wl,-Map="stm32f4_disc.map" -Wl,--gc-sections -static --specs=nano.specs -mfpu=fpv4-sp-d16 -mfloat-abi=hard -mthumb -Wl,--start-group -lc -lm -Wl,--end-group
Finished building target: stm32f4_disc.elf
 
arm-none-eabi-size   stm32f4_disc.elf 
arm-none-eabi-objdump -h -S  stm32f4_disc.elf  > "stm32f4_disc.list"
arm-none-eabi-objcopy  -O binary  stm32f4_disc.elf  "stm32f4_disc.bin"
   text	   data	    bss	    dec	    hex	filename
  16116	     20	   2380	  18516	   4854	stm32f4_disc.elf
Finished building: default.size.stdout
 
Finished building: stm32f4_disc.bin
 
Finished building: stm32f4_disc.list
 

11:54:20 Build Finished. 0 errors, 6 warnings. (took 1s.230ms)

