Archive member included to satisfy reference by file (symbol)

c:/program files (x86)/stm32cubeide_1.7.0/stm32cubeide/plugins/com.st.stm32cube.ide.mcu.externaltools.gnu-tools-for-stm32.9-2020-q2-update.win32_2.0.0.202105311346/tools/bin/../lib/gcc/arm-none-eabi/9.3.1/../../../../arm-none-eabi/lib/thumb/v7e-m+fp/hard\libc_nano.a(lib_a-errno.o)
                              ./Core/Src/syscalls.o (__errno)
c:/program files (x86)/stm32cubeide_1.7.0/stm32cubeide/plugins/com.st.stm32cube.ide.mcu.externaltools.gnu-tools-for-stm32.9-2020-q2-update.win32_2.0.0.202105311346/tools/bin/../lib/gcc/arm-none-eabi/9.3.1/../../../../arm-none-eabi/lib/thumb/v7e-m+fp/hard\libc_nano.a(lib_a-exit.o)
                              c:/program files (x86)/stm32cubeide_1.7.0/stm32cubeide/plugins/com.st.stm32cube.ide.mcu.externaltools.gnu-tools-for-stm32.9-2020-q2-update.win32_2.0.0.202105311346/tools/bin/../lib/gcc/arm-none-eabi/9.3.1/../../../../arm-none-eabi/lib/thumb/v7e-m+fp/hard/crt0.o (exit)
c:/program files (x86)/stm32cubeide_1.7.0/stm32cubeide/plugins/com.st.stm32cube.ide.mcu.externaltools.gnu-tools-for-stm32.9-2020-q2-update.win32_2.0.0.202105311346/tools/bin/../lib/gcc/arm-none-eabi/9.3.1/../../../../arm-none-eabi/lib/thumb/v7e-m+fp/hard\libc_nano.a(lib_a-impure.o)
                              c:/program files (x86)/stm32cubeide_1.7.0/stm32cubeide/plugins/com.st.stm32cube.ide.mcu.externaltools.gnu-tools-for-stm32.9-2020-q2-update.win32_2.0.0.202105311346/tools/bin/../lib/gcc/arm-none-eabi/9.3.1/../../../../arm-none-eabi/lib/thumb/v7e-m+fp/hard\libc_nano.a(lib_a-exit.o) (_global_impure_ptr)
c:/program files (x86)/stm32cubeide_1.7.0/stm32cubeide/plugins/com.st.stm32cube.ide.mcu.externaltools.gnu-tools-for-stm32.9-2020-q2-update.win32_2.0.0.202105311346/tools/bin/../lib/gcc/arm-none-eabi/9.3.1/../../../../arm-none-eabi/lib/thumb/v7e-m+fp/hard\libc_nano.a(lib_a-init.o)
                              c:/program files (x86)/stm32cubeide_1.7.0/stm32cubeide/plugins/com.st.stm32cube.ide.mcu.externaltools.gnu-tools-for-stm32.9-2020-q2-update.win32_2.0.0.202105311346/tools/bin/../lib/gcc/arm-none-eabi/9.3.1/../../../../arm-none-eabi/lib/thumb/v7e-m+fp/hard/crt0.o (__libc_init_array)
c:/program files (x86)/stm32cubeide_1.7.0/stm32cubeide/plugins/com.st.stm32cube.ide.mcu.externaltools.gnu-tools-for-stm32.9-2020-q2-update.win32_2.0.0.202105311346/tools/bin/../lib/gcc/arm-none-eabi/9.3.1/../../../../arm-none-eabi/lib/thumb/v7e-m+fp/hard\libc_nano.a(lib_a-memset.o)
                              c:/program files (x86)/stm32cubeide_1.7.0/stm32cubeide/plugins/com.st.stm32cube.ide.mcu.externaltools.gnu-tools-for-stm32.9-2020-q2-update.win32_2.0.0.202105311346/tools/bin/../lib/gcc/arm-none-eabi/9.3.1/../../../../arm-none-eabi/lib/thumb/v7e-m+fp/hard/crt0.o (memset)
c:/program files (x86)/stm32cubeide_1.7.0/stm32cubeide/plugins/com.st.stm32cube.ide.mcu.externaltools.gnu-tools-for-stm32.9-2020-q2-update.win32_2.0.0.202105311346/tools/bin/../lib/gcc/arm-none-eabi/9.3.1/../../../../arm-none-eabi/lib/thumb/v7e-m+fp/hard\libc_nano.a(lib_a-strcpy.o)
                              ./Core/Src/com_pc.o (strcpy)
c:/program files (x86)/stm32cubeide_1.7.0/stm32cubeide/plugins/com.st.stm32cube.ide.mcu.externaltools.gnu-tools-for-stm32.9-2020-q2-update.win32_2.0.0.202105311346/tools/bin/../lib/gcc/arm-none-eabi/9.3.1/thumb/v7e-m+fp/hard\libgcc.a(_aeabi_uldivmod.o)
                              ./Drivers/STM32F4xx_HAL_Driver/Src/stm32f4xx_hal_rcc.o (__aeabi_uldivmod)
c:/program files (x86)/stm32cubeide_1.7.0/stm32cubeide/plugins/com.st.stm32cube.ide.mcu.externaltools.gnu-tools-for-stm32.9-2020-q2-update.win32_2.0.0.202105311346/tools/bin/../lib/gcc/arm-none-eabi/9.3.1/thumb/v7e-m+fp/hard\libgcc.a(_udivmoddi4.o)
                              c:/program files (x86)/stm32cubeide_1.7.0/stm32cubeide/plugins/com.st.stm32cube.ide.mcu.externaltools.gnu-tools-for-stm32.9-2020-q2-update.win32_2.0.0.202105311346/tools/bin/../lib/gcc/arm-none-eabi/9.3.1/thumb/v7e-m+fp/hard\libgcc.a(_aeabi_uldivmod.o) (__udivmoddi4)
c:/program files (x86)/stm32cubeide_1.7.0/stm32cubeide/plugins/com.st.stm32cube.ide.mcu.externaltools.gnu-tools-for-stm32.9-2020-q2-update.win32_2.0.0.202105311346/tools/bin/../lib/gcc/arm-none-eabi/9.3.1/thumb/v7e-m+fp/hard\libgcc.a(_dvmd_tls.o)
                              c:/program files (x86)/stm32cubeide_1.7.0/stm32cubeide/plugins/com.st.stm32cube.ide.mcu.externaltools.gnu-tools-for-stm32.9-2020-q2-update.win32_2.0.0.202105311346/tools/bin/../lib/gcc/arm-none-eabi/9.3.1/thumb/v7e-m+fp/hard\libgcc.a(_aeabi_uldivmod.o) (__aeabi_ldiv0)

Allocating common symbols
Common symbol       size              file

index_ecriture_message_recu
                    0x4               ./Core/Src/lidar.o
UART2_rxBuffer      0x1               ./Core/Src/usart.o
UART2_rxBuffer_2    0x64              ./Core/Src/usart.o
bit_state           0x1               ./Core/Src/lidar.o
message_recu_PC     0x64              ./Core/Src/com_pc.o
[...]
Memory Configuration

Name             Origin             Length             Attributes
CCMRAM           0x0000000010000000 0x0000000000010000 xrw
RAM              0x0000000020000000 0x0000000000020000 xrw
FLASH            0x0000000008000000 0x0000000000100000 xr
*default*        0x0000000000000000 0xffffffffffffffff

Linker script and memory map

LOAD c:/program files (x86)/stm32cubeide_1.7.0/stm32cubeide/plugins/com.st.stm32cube.ide.mcu.externaltools.gnu-tools-for-stm32.9-2020-q2-update.win32_2.0.0.202105311346/tools/bin/../lib/gcc/arm-none-eabi/9.3.1/thumb/v7e-m+fp/hard/crti.o
LOAD c:/program files (x86)/stm32cubeide_1.7.0/stm32cubeide/plugins/com.st.stm32cube.ide.mcu.externaltools.gnu-tools-for-stm32.9-2020-q2-update.win32_2.0.0.202105311346/tools/bin/../lib/gcc/arm-none-eabi/9.3.1/thumb/v7e-m+fp/hard/crtbegin.o
LOAD c:/program files (x86)/stm32cubeide_1.7.0/stm32cubeide/plugins/com.st.stm32cube.ide.mcu.externaltools.gnu-tools-for-stm32.9-2020-q2-update.win32_2.0.0.202105311346/tools/bin/../lib/gcc/arm-none-eabi/9.3.1/../../../../arm-none-eabi/lib/thumb/v7e-m+fp/hard/crt0.o
LOAD ./Core/Src/com_FPGA_spi.o
LOAD ./Core/Src/com_M0.o
LOAD ./Core/Src/com_pc.o
LOAD ./Core/Src/gpio.o
LOAD ./Core/Src/lidar.o
LOAD ./Core/Src/main.o
LOAD ./Core/Src/moteur.o
LOAD ./Core/Src/spi.o
LOAD ./Core/Src/stm32f4xx_hal_msp.o
LOAD ./Core/Src/stm32f4xx_it.o
LOAD ./Core/Src/syscalls.o
LOAD ./Core/Src/sysmem.o
LOAD ./Core/Src/system_stm32f4xx.o
LOAD ./Core/Src/tim.o
LOAD ./Core/Src/usart.o
LOAD ./Core/Startup/startup_stm32f407vgtx.o
LOAD ./Drivers/STM32F4xx_HAL_Driver/Src/stm32f4xx_hal.o
LOAD ./Drivers/STM32F4xx_HAL_Driver/Src/stm32f4xx_hal_cortex.o
LOAD ./Drivers/STM32F4xx_HAL_Driver/Src/stm32f4xx_hal_dma.o
LOAD ./Drivers/STM32F4xx_HAL_Driver/Src/stm32f4xx_hal_dma_ex.o
LOAD ./Drivers/STM32F4xx_HAL_Driver/Src/stm32f4xx_hal_exti.o
LOAD ./Drivers/STM32F4xx_HAL_Driver/Src/stm32f4xx_hal_flash.o
LOAD ./Drivers/STM32F4xx_HAL_Driver/Src/stm32f4xx_hal_flash_ex.o
LOAD ./Drivers/STM32F4xx_HAL_Driver/Src/stm32f4xx_hal_flash_ramfunc.o
LOAD ./Drivers/STM32F4xx_HAL_Driver/Src/stm32f4xx_hal_gpio.o
LOAD ./Drivers/STM32F4xx_HAL_Driver/Src/stm32f4xx_hal_pwr.o
LOAD ./Drivers/STM32F4xx_HAL_Driver/Src/stm32f4xx_hal_pwr_ex.o
LOAD ./Drivers/STM32F4xx_HAL_Driver/Src/stm32f4xx_hal_rcc.o
LOAD ./Drivers/STM32F4xx_HAL_Driver/Src/stm32f4xx_hal_rcc_ex.o
LOAD ./Drivers/STM32F4xx_HAL_Driver/Src/stm32f4xx_hal_spi.o
LOAD ./Drivers/STM32F4xx_HAL_Driver/Src/stm32f4xx_hal_tim.o
LOAD ./Drivers/STM32F4xx_HAL_Driver/Src/stm32f4xx_hal_tim_ex.o
LOAD ./Drivers/STM32F4xx_HAL_Driver/Src/stm32f4xx_hal_uart.o
START GROUP
LOAD c:/program files (x86)/stm32cubeide_1.7.0/stm32cubeide/plugins/com.st.stm32cube.ide.mcu.externaltools.gnu-tools-for-stm32.9-2020-q2-update.win32_2.0.0.202105311346/tools/bin/../lib/gcc/arm-none-eabi/9.3.1/../../../../arm-none-eabi/lib/thumb/v7e-m+fp/hard\libc_nano.a
LOAD c:/program files (x86)/stm32cubeide_1.7.0/stm32cubeide/plugins/com.st.stm32cube.ide.mcu.externaltools.gnu-tools-for-stm32.9-2020-q2-update.win32_2.0.0.202105311346/tools/bin/../lib/gcc/arm-none-eabi/9.3.1/../../../../arm-none-eabi/lib/thumb/v7e-m+fp/hard\libm.a
END GROUP
START GROUP
LOAD c:/program files (x86)/stm32cubeide_1.7.0/stm32cubeide/plugins/com.st.stm32cube.ide.mcu.externaltools.gnu-tools-for-stm32.9-2020-q2-update.win32_2.0.0.202105311346/tools/bin/../lib/gcc/arm-none-eabi/9.3.1/thumb/v7e-m+fp/hard\libgcc.a
LOAD c:/program files (x86)/stm32cubeide_1.7.0/stm32cubeide/plugins/com.st.stm32cube.ide.mcu.externaltools.gnu-tools-for-stm32.9-2020-q2-update.win32_2.0.0.202105311346/tools/bin/../lib/gcc/arm-none-eabi/9.3.1/../../../../arm-none-eabi/lib/thumb/v7e-m+fp/hard\libc_nano.a
END GROUP
START GROUP
LOAD c:/program files (x86)/stm32cubeide_1.7.0/stm32cubeide/plugins/com.st.stm32cube.ide.mcu.externaltools.gnu-tools-for-stm32.9-2020-q2-update.win32_2.0.0.202105311346/tools/bin/../lib/gcc/arm-none-eabi/9.3.1/thumb/v7e-m+fp/hard\libgcc.a
LOAD c:/program files (x86)/stm32cubeide_1.7.0/stm32cubeide/plugins/com.st.stm32cube.ide.mcu.externaltools.gnu-tools-for-stm32.9-2020-q2-update.win32_2.0.0.202105311346/tools/bin/../lib/gcc/arm-none-eabi/9.3.1/../../../../arm-none-eabi/lib/thumb/v7e-m+fp/hard\libc_nano.a
LOAD c:/program files (x86)/stm32cubeide_1.7.0/stm32cubeide/plugins/com.st.stm32cube.ide.mcu.externaltools.gnu-tools-for-stm32.9-2020-q2-update.win32_2.0.0.202105311346/tools/bin/../lib/gcc/arm-none-eabi/9.3.1/../../../../arm-none-eabi/lib/thumb/v7e-m+fp/hard\libnosys.a
END GROUP
START GROUP
LOAD c:/program files (x86)/stm32cubeide_1.7.0/stm32cubeide/plugins/com.st.stm32cube.ide.mcu.externaltools.gnu-tools-for-stm32.9-2020-q2-update.win32_2.0.0.202105311346/tools/bin/../lib/gcc/arm-none-eabi/9.3.1/thumb/v7e-m+fp/hard\libgcc.a
LOAD c:/program files (x86)/stm32cubeide_1.7.0/stm32cubeide/plugins/com.st.stm32cube.ide.mcu.externaltools.gnu-tools-for-stm32.9-2020-q2-update.win32_2.0.0.202105311346/tools/bin/../lib/gcc/arm-none-eabi/9.3.1/../../../../arm-none-eabi/lib/thumb/v7e-m+fp/hard\libc_nano.a
LOAD c:/program files (x86)/stm32cubeide_1.7.0/stm32cubeide/plugins/com.st.stm32cube.ide.mcu.externaltools.gnu-tools-for-stm32.9-2020-q2-update.win32_2.0.0.202105311346/tools/bin/../lib/gcc/arm-none-eabi/9.3.1/../../../../arm-none-eabi/lib/thumb/v7e-m+fp/hard\libnosys.a
END GROUP
LOAD c:/program files (x86)/stm32cubeide_1.7.0/stm32cubeide/plugins/com.st.stm32cube.ide.mcu.externaltools.gnu-tools-for-stm32.9-2020-q2-update.win32_2.0.0.202105311346/tools/bin/../lib/gcc/arm-none-eabi/9.3.1/thumb/v7e-m+fp/hard/crtend.o
LOAD c:/program files (x86)/stm32cubeide_1.7.0/stm32cubeide/plugins/com.st.stm32cube.ide.mcu.externaltools.gnu-tools-for-stm32.9-2020-q2-update.win32_2.0.0.202105311346/tools/bin/../lib/gcc/arm-none-eabi/9.3.1/thumb/v7e-m+fp/hard/crtn.o
                0x0000000020020000                _estack = (ORIGIN (RAM) + LENGTH (RAM))
                0x0000000000000200                _Min_Heap_Size = 0x200
                0x0000000000000400                _Min_Stack_Size = 0x400

.isr_vector     0x0000000008000000      0x188
                0x0000000008000000                . = ALIGN (0x4)
 *(.isr_vector)
 .isr_vector    0x0000000008000000      0x188 ./Core/Startup/startup_stm32f407vgtx.o
                0x0000000008000000                g_pfnVectors
                0x0000000008000188                . = ALIGN (0x4)

.text           0x0000000008000188     0x4c70
                0x0000000008000188                . = ALIGN (0x4)
 *(.text)
 .text          0x0000000008000188       0x40 c:/program files (x86)/stm32cubeide_1.7.0/stm32cubeide/plugins/com.st.stm32cube.ide.mcu.externaltools.gnu-tools-for-stm32.9-2020-q2-update.win32_2.0.0.202105311346/tools/bin/../lib/gcc/arm-none-eabi/9.3.1/thumb/v7e-m+fp/hard/crtbegin.o
 .text          0x00000000080001c8       0x30 c:/program files (x86)/stm32cubeide_1.7.0/stm32cubeide/plugins/com.st.stm32cube.ide.mcu.externaltools.gnu-tools-for-stm32.9-2020-q2-update.win32_2.0.0.202105311346/tools/bin/../lib/gcc/arm-none-eabi/9.3.1/thumb/v7e-m+fp/hard\libgcc.a(_aeabi_uldivmod.o)
                0x00000000080001c8                __aeabi_uldivmod
 .text          0x00000000080001f8      0x2c4 c:/program files (x86)/stm32cubeide_1.7.0/stm32cubeide/plugins/com.st.stm32cube.ide.mcu.externaltools.gnu-tools-for-stm32.9-2020-q2-update.win32_2.0.0.202105311346/tools/bin/../lib/gcc/arm-none-eabi/9.3.1/thumb/v7e-m+fp/hard\libgcc.a(_udivmoddi4.o)
                0x00000000080001f8                __udivmoddi4
 .text          0x00000000080004bc        0x4 c:/program files (x86)/stm32cubeide_1.7.0/stm32cubeide/plugins/com.st.stm32cube.ide.mcu.externaltools.gnu-tools-for-stm32.9-2020-q2-update.win32_2.0.0.202105311346/tools/bin/../lib/gcc/arm-none-eabi/9.3.1/thumb/v7e-m+fp/hard\libgcc.a(_dvmd_tls.o)
                0x00000000080004bc                __aeabi_idiv0
                0x00000000080004bc                __aeabi_ldiv0
 *(.text*)
 .text.test_spi
                0x00000000080004c0       0xf8 ./Core/Src/com_FPGA_spi.o
                0x00000000080004c0                test_spi
 .text.moteur1  0x00000000080005b8       0x20 ./Core/Src/com_FPGA_spi.o
                0x00000000080005b8                moteur1
 .text.moteur2  0x00000000080005d8       0x20 ./Core/Src/com_FPGA_spi.o
                0x00000000080005d8                moteur2
 .text.cmd_marche
                0x00000000080005f8       0x34 ./Core/Src/com_FPGA_spi.o
                0x00000000080005f8                cmd_marche
 .text.config_freq_PWM
                0x000000000800062c       0x30 ./Core/Src/com_FPGA_spi.o
                0x000000000800062c                config_freq_PWM
 .text.vit_rap_cyc
                0x000000000800065c       0x3c ./Core/Src/com_FPGA_spi.o
                0x000000000800065c                vit_rap_cyc
 .text.fct_vierge
                0x0000000008000698       0x20 ./Core/Src/com_FPGA_spi.o
                0x0000000008000698                fct_vierge
 .text.spi_transmission
                0x00000000080006b8       0x38 ./Core/Src/com_FPGA_spi.o
                0x00000000080006b8                spi_transmission
 .text.reception_M0
                0x00000000080006f0       0x1c ./Core/Src/com_M0.o
                0x00000000080006f0                reception_M0
 .text.recevoir_message_pc2
                0x000000000800070c       0x54 ./Core/Src/com_pc.o
                0x000000000800070c                recevoir_message_pc2
 .text.traiter_message_pc
                0x0000000008000760       0xb0 ./Core/Src/com_pc.o
                0x0000000008000760                traiter_message_pc
 .text.MX_GPIO_Init
                0x0000000008000810      0x29c ./Core/Src/gpio.o
                0x0000000008000810                MX_GPIO_Init
 .text.demarrer_pwm_lidar
                0x0000000008000aac       0x20 ./Core/Src/lidar.o
                0x0000000008000aac                demarrer_pwm_lidar
 .text.lidar_scan
                0x0000000008000acc       0x24 ./Core/Src/lidar.o
                0x0000000008000acc                lidar_scan
 .text.uart_lidar_recieve
                0x0000000008000af0      0x170 ./Core/Src/lidar.o
                0x0000000008000af0                uart_lidar_recieve
 .text.reception_octet_data
                0x0000000008000c60       0x4c ./Core/Src/lidar.o
                0x0000000008000c60                reception_octet_data
 .text.lidar_fin_du_message_recu
                0x0000000008000cac       0x40 ./Core/Src/lidar.o
                0x0000000008000cac                lidar_fin_du_message_recu
 .text.error_check
                0x0000000008000cec       0x38 ./Core/Src/lidar.o
                0x0000000008000cec                error_check
 .text.main     0x0000000008000d24       0x6c ./Core/Src/main.o
                0x0000000008000d24                main
 .text.SystemClock_Config
                0x0000000008000d90       0xd4 ./Core/Src/main.o
                0x0000000008000d90                SystemClock_Config
 .text.Error_Handler
                0x0000000008000e64        0xa ./Core/Src/main.o
                0x0000000008000e64                Error_Handler
 *fill*         0x0000000008000e6e        0x2 
 .text.MX_SPI1_Init
                0x0000000008000e70       0x6c ./Core/Src/spi.o
                0x0000000008000e70                MX_SPI1_Init
 .text.HAL_SPI_MspInit
                0x0000000008000edc       0xc0 ./Core/Src/spi.o
                0x0000000008000edc                HAL_SPI_MspInit
 .text.HAL_SPI_MspDeInit
                0x0000000008000f9c       0x44 ./Core/Src/spi.o
                0x0000000008000f9c                HAL_SPI_MspDeInit
 .text.HAL_MspInit
                0x0000000008000fe0       0x50 ./Core/Src/stm32f4xx_hal_msp.o
                0x0000000008000fe0                HAL_MspInit
 .text.NMI_Handler
                0x0000000008001030        0x6 ./Core/Src/stm32f4xx_it.o
                0x0000000008001030                NMI_Handler
 .text.HardFault_Handler
                0x0000000008001036        0x6 ./Core/Src/stm32f4xx_it.o
                0x0000000008001036                HardFault_Handler
 .text.MemManage_Handler
                0x000000000800103c        0x6 ./Core/Src/stm32f4xx_it.o
                0x000000000800103c                MemManage_Handler
 .text.BusFault_Handler
                0x0000000008001042        0x6 ./Core/Src/stm32f4xx_it.o
                0x0000000008001042                BusFault_Handler
 .text.UsageFault_Handler
                0x0000000008001048        0x6 ./Core/Src/stm32f4xx_it.o
                0x0000000008001048                UsageFault_Handler
 .text.SVC_Handler
                0x000000000800104e        0xe ./Core/Src/stm32f4xx_it.o
                0x000000000800104e                SVC_Handler
 .text.DebugMon_Handler
                0x000000000800105c        0xe ./Core/Src/stm32f4xx_it.o
                0x000000000800105c                DebugMon_Handler
 .text.PendSV_Handler
                0x000000000800106a        0xe ./Core/Src/stm32f4xx_it.o
                0x000000000800106a                PendSV_Handler
 .text.SysTick_Handler
                0x0000000008001078        0xc ./Core/Src/stm32f4xx_it.o
                0x0000000008001078                SysTick_Handler
 .text.SPI1_IRQHandler
                0x0000000008001084       0x14 ./Core/Src/stm32f4xx_it.o
                0x0000000008001084                SPI1_IRQHandler
 .text.USART2_IRQHandler
                0x0000000008001098       0x18 ./Core/Src/stm32f4xx_it.o
                0x0000000008001098                USART2_IRQHandler
 .text.USART3_IRQHandler
                0x00000000080010b0       0x24 ./Core/Src/stm32f4xx_it.o
                0x00000000080010b0                USART3_IRQHandler
 .text.USART6_IRQHandler
                0x00000000080010d4       0x18 ./Core/Src/stm32f4xx_it.o
                0x00000000080010d4                USART6_IRQHandler
 .text.SystemInit
                0x00000000080010ec       0x24 ./Core/Src/system_stm32f4xx.o
                0x00000000080010ec                SystemInit
 .text.MX_TIM1_Init
                0x0000000008001110      0x108 ./Core/Src/tim.o
                0x0000000008001110                MX_TIM1_Init
 .text.HAL_TIM_PWM_MspInit
                0x0000000008001218       0x44 ./Core/Src/tim.o
                0x0000000008001218                HAL_TIM_PWM_MspInit
 .text.HAL_TIM_MspPostInit
                0x000000000800125c       0x74 ./Core/Src/tim.o
                0x000000000800125c                HAL_TIM_MspPostInit
 .text.MX_USART2_UART_Init
                0x00000000080012d0       0x54 ./Core/Src/usart.o
                0x00000000080012d0                MX_USART2_UART_Init
 .text.MX_USART3_UART_Init
                0x0000000008001324       0x54 ./Core/Src/usart.o
                0x0000000008001324                MX_USART3_UART_Init
 .text.MX_USART6_UART_Init
                0x0000000008001378       0x54 ./Core/Src/usart.o
                0x0000000008001378                MX_USART6_UART_Init
 .text.HAL_UART_MspInit
                0x00000000080013cc      0x1dc ./Core/Src/usart.o
                0x00000000080013cc                HAL_UART_MspInit
 .text.Reset_Handler
                0x00000000080015a8       0x50 ./Core/Startup/startup_stm32f407vgtx.o
                0x00000000080015a8                Reset_Handler
 .text.Default_Handler
                0x00000000080015f8        0x2 ./Core/Startup/startup_stm32f407vgtx.o
                0x00000000080015f8                RTC_Alarm_IRQHandler
                0x00000000080015f8                HASH_RNG_IRQHandler
                0x00000000080015f8                EXTI2_IRQHandler
                0x00000000080015f8                TIM8_CC_IRQHandler
                0x00000000080015f8                TIM1_CC_IRQHandler
                0x00000000080015f8                DMA2_Stream5_IRQHandler
                0x00000000080015f8                DMA1_Stream5_IRQHandler
                0x00000000080015f8                PVD_IRQHandler
                0x00000000080015f8                SDIO_IRQHandler
                0x00000000080015f8                TAMP_STAMP_IRQHandler
                0x00000000080015f8                CAN2_RX1_IRQHandler
                0x00000000080015f8                EXTI3_IRQHandler
                0x00000000080015f8                TIM8_TRG_COM_TIM14_IRQHandler
                0x00000000080015f8                TIM1_UP_TIM10_IRQHandler
                0x00000000080015f8                TIM8_UP_TIM13_IRQHandler
                0x00000000080015f8                I2C3_ER_IRQHandler
                0x00000000080015f8                EXTI0_IRQHandler
                0x00000000080015f8                I2C2_EV_IRQHandler
                0x00000000080015f8                DMA1_Stream2_IRQHandler
                0x00000000080015f8                CAN1_RX0_IRQHandler
                0x00000000080015f8                FPU_IRQHandler
                0x00000000080015f8                OTG_HS_WKUP_IRQHandler
                0x00000000080015f8                CAN2_SCE_IRQHandler
                0x00000000080015f8                DMA2_Stream2_IRQHandler
                0x00000000080015f8                TIM6_DAC_IRQHandler
                0x00000000080015f8                TIM1_BRK_TIM9_IRQHandler
                0x00000000080015f8                DCMI_IRQHandler
                0x00000000080015f8                CAN2_RX0_IRQHandler
                0x00000000080015f8                DMA2_Stream3_IRQHandler
                0x00000000080015f8                CAN1_RX1_IRQHandler
                0x00000000080015f8                UART5_IRQHandler
                0x00000000080015f8                DMA2_Stream0_IRQHandler
                0x00000000080015f8                TIM4_IRQHandler
                0x00000000080015f8                I2C1_EV_IRQHandler
                0x00000000080015f8                DMA1_Stream6_IRQHandler
                0x00000000080015f8                DMA1_Stream1_IRQHandler
                0x00000000080015f8                UART4_IRQHandler
                0x00000000080015f8                TIM3_IRQHandler
                0x00000000080015f8                RCC_IRQHandler
                0x00000000080015f8                TIM8_BRK_TIM12_IRQHandler
                0x00000000080015f8                Default_Handler
                0x00000000080015f8                EXTI15_10_IRQHandler
                0x00000000080015f8                ADC_IRQHandler
                0x00000000080015f8                DMA1_Stream7_IRQHandler
                0x00000000080015f8                TIM7_IRQHandler
                0x00000000080015f8                CAN2_TX_IRQHandler
                0x00000000080015f8                TIM5_IRQHandler
                0x00000000080015f8                DMA2_Stream7_IRQHandler
                0x00000000080015f8                I2C3_EV_IRQHandler
                0x00000000080015f8                EXTI9_5_IRQHandler
                0x00000000080015f8                RTC_WKUP_IRQHandler
                0x00000000080015f8                ETH_WKUP_IRQHandler
                0x00000000080015f8                SPI2_IRQHandler
                0x00000000080015f8                OTG_HS_EP1_IN_IRQHandler
                0x00000000080015f8                DMA1_Stream0_IRQHandler
                0x00000000080015f8                CAN1_TX_IRQHandler
                0x00000000080015f8                EXTI4_IRQHandler
                0x00000000080015f8                FSMC_IRQHandler
                0x00000000080015f8                ETH_IRQHandler
                0x00000000080015f8                OTG_HS_EP1_OUT_IRQHandler
                0x00000000080015f8                WWDG_IRQHandler
                0x00000000080015f8                TIM2_IRQHandler
                0x00000000080015f8                OTG_FS_WKUP_IRQHandler
                0x00000000080015f8                TIM1_TRG_COM_TIM11_IRQHandler
                0x00000000080015f8                OTG_HS_IRQHandler
                0x00000000080015f8                EXTI1_IRQHandler
                0x00000000080015f8                I2C2_ER_IRQHandler
                0x00000000080015f8                DMA2_Stream1_IRQHandler
                0x00000000080015f8                CAN1_SCE_IRQHandler
                0x00000000080015f8                FLASH_IRQHandler
                0x00000000080015f8                DMA2_Stream4_IRQHandler
                0x00000000080015f8                USART1_IRQHandler
                0x00000000080015f8                OTG_FS_IRQHandler
                0x00000000080015f8                SPI3_IRQHandler
                0x00000000080015f8                DMA1_Stream4_IRQHandler
                0x00000000080015f8                I2C1_ER_IRQHandler
                0x00000000080015f8                DMA2_Stream6_IRQHandler
                0x00000000080015f8                DMA1_Stream3_IRQHandler
 *fill*         0x00000000080015fa        0x2 
 .text.HAL_Init
                0x00000000080015fc       0x44 ./Drivers/STM32F4xx_HAL_Driver/Src/stm32f4xx_hal.o
                0x00000000080015fc                HAL_Init
 .text.HAL_InitTick
                0x0000000008001640       0x60 ./Drivers/STM32F4xx_HAL_Driver/Src/stm32f4xx_hal.o
                0x0000000008001640                HAL_InitTick
 .text.HAL_IncTick
                0x00000000080016a0       0x28 ./Drivers/STM32F4xx_HAL_Driver/Src/stm32f4xx_hal.o
                0x00000000080016a0                HAL_IncTick
 .text.HAL_GetTick
                0x00000000080016c8       0x18 ./Drivers/STM32F4xx_HAL_Driver/Src/stm32f4xx_hal.o
                0x00000000080016c8                HAL_GetTick
 .text.HAL_Delay
                0x00000000080016e0       0x48 ./Drivers/STM32F4xx_HAL_Driver/Src/stm32f4xx_hal.o
                0x00000000080016e0                HAL_Delay
 .text.__NVIC_SetPriorityGrouping
                0x0000000008001728       0x48 ./Drivers/STM32F4xx_HAL_Driver/Src/stm32f4xx_hal_cortex.o
 .text.__NVIC_GetPriorityGrouping
                0x0000000008001770       0x1c ./Drivers/STM32F4xx_HAL_Driver/Src/stm32f4xx_hal_cortex.o
 .text.__NVIC_EnableIRQ
                0x000000000800178c       0x3c ./Drivers/STM32F4xx_HAL_Driver/Src/stm32f4xx_hal_cortex.o
 .text.__NVIC_DisableIRQ
                0x00000000080017c8       0x48 ./Drivers/STM32F4xx_HAL_Driver/Src/stm32f4xx_hal_cortex.o
 .text.__NVIC_SetPriority
                0x0000000008001810       0x54 ./Drivers/STM32F4xx_HAL_Driver/Src/stm32f4xx_hal_cortex.o
 .text.NVIC_EncodePriority
                0x0000000008001864       0x66 ./Drivers/STM32F4xx_HAL_Driver/Src/stm32f4xx_hal_cortex.o
 *fill*         0x00000000080018ca        0x2 
 .text.SysTick_Config
                0x00000000080018cc       0x44 ./Drivers/STM32F4xx_HAL_Driver/Src/stm32f4xx_hal_cortex.o
 .text.HAL_NVIC_SetPriorityGrouping
                0x0000000008001910       0x16 ./Drivers/STM32F4xx_HAL_Driver/Src/stm32f4xx_hal_cortex.o
                0x0000000008001910                HAL_NVIC_SetPriorityGrouping
 .text.HAL_NVIC_SetPriority
                0x0000000008001926       0x38 ./Drivers/STM32F4xx_HAL_Driver/Src/stm32f4xx_hal_cortex.o
                0x0000000008001926                HAL_NVIC_SetPriority
 .text.HAL_NVIC_EnableIRQ
                0x000000000800195e       0x1c ./Drivers/STM32F4xx_HAL_Driver/Src/stm32f4xx_hal_cortex.o
                0x000000000800195e                HAL_NVIC_EnableIRQ
 .text.HAL_NVIC_DisableIRQ
                0x000000000800197a       0x1c ./Drivers/STM32F4xx_HAL_Driver/Src/stm32f4xx_hal_cortex.o
                0x000000000800197a                HAL_NVIC_DisableIRQ
 .text.HAL_SYSTICK_Config
                0x0000000008001996       0x18 ./Drivers/STM32F4xx_HAL_Driver/Src/stm32f4xx_hal_cortex.o
                0x0000000008001996                HAL_SYSTICK_Config
 .text.HAL_DMA_Abort
                0x00000000080019ae       0xe0 ./Drivers/STM32F4xx_HAL_Driver/Src/stm32f4xx_hal_dma.o
                0x00000000080019ae                HAL_DMA_Abort
 .text.HAL_DMA_Abort_IT
                0x0000000008001a8e       0x44 ./Drivers/STM32F4xx_HAL_Driver/Src/stm32f4xx_hal_dma.o
                0x0000000008001a8e                HAL_DMA_Abort_IT
 .text.HAL_DMA_GetError
                0x0000000008001ad2       0x18 ./Drivers/STM32F4xx_HAL_Driver/Src/stm32f4xx_hal_dma.o
                0x0000000008001ad2                HAL_DMA_GetError
 *fill*         0x0000000008001aea        0x2 
 .text.HAL_GPIO_Init
                0x0000000008001aec      0x338 ./Drivers/STM32F4xx_HAL_Driver/Src/stm32f4xx_hal_gpio.o
                0x0000000008001aec                HAL_GPIO_Init
 .text.HAL_GPIO_DeInit
                0x0000000008001e24      0x1f8 ./Drivers/STM32F4xx_HAL_Driver/Src/stm32f4xx_hal_gpio.o
                0x0000000008001e24                HAL_GPIO_DeInit
 .text.HAL_GPIO_WritePin
                0x000000000800201c       0x32 ./Drivers/STM32F4xx_HAL_Driver/Src/stm32f4xx_hal_gpio.o
                0x000000000800201c                HAL_GPIO_WritePin
 .text.HAL_GPIO_TogglePin
                0x000000000800204e       0x34 ./Drivers/STM32F4xx_HAL_Driver/Src/stm32f4xx_hal_gpio.o
                0x000000000800204e                HAL_GPIO_TogglePin
 *fill*         0x0000000008002082        0x2 
 .text.HAL_RCC_OscConfig
                0x0000000008002084      0x4f0 ./Drivers/STM32F4xx_HAL_Driver/Src/stm32f4xx_hal_rcc.o
                0x0000000008002084                HAL_RCC_OscConfig
 .text.HAL_RCC_ClockConfig
                0x0000000008002574      0x1cc ./Drivers/STM32F4xx_HAL_Driver/Src/stm32f4xx_hal_rcc.o
                0x0000000008002574                HAL_RCC_ClockConfig
 .text.HAL_RCC_GetSysClockFreq
                0x0000000008002740      0x1c4 ./Drivers/STM32F4xx_HAL_Driver/Src/stm32f4xx_hal_rcc.o
                0x0000000008002740                HAL_RCC_GetSysClockFreq
 .text.HAL_RCC_GetHCLKFreq
                0x0000000008002904       0x18 ./Drivers/STM32F4xx_HAL_Driver/Src/stm32f4xx_hal_rcc.o
                0x0000000008002904                HAL_RCC_GetHCLKFreq
 .text.HAL_RCC_GetPCLK1Freq
                0x000000000800291c       0x28 ./Drivers/STM32F4xx_HAL_Driver/Src/stm32f4xx_hal_rcc.o
                0x000000000800291c                HAL_RCC_GetPCLK1Freq
 .text.HAL_RCC_GetPCLK2Freq
                0x0000000008002944       0x28 ./Drivers/STM32F4xx_HAL_Driver/Src/stm32f4xx_hal_rcc.o
                0x0000000008002944                HAL_RCC_GetPCLK2Freq
 .text.HAL_SPI_Init
                0x000000000800296c      0x112 ./Drivers/STM32F4xx_HAL_Driver/Src/stm32f4xx_hal_spi.o
                0x000000000800296c                HAL_SPI_Init
 .text.HAL_SPI_DeInit
                0x0000000008002a7e       0x50 ./Drivers/STM32F4xx_HAL_Driver/Src/stm32f4xx_hal_spi.o
                0x0000000008002a7e                HAL_SPI_DeInit
 .text.HAL_SPI_Transmit
                0x0000000008002ace      0x278 ./Drivers/STM32F4xx_HAL_Driver/Src/stm32f4xx_hal_spi.o
                0x0000000008002ace                HAL_SPI_Transmit
 *fill*         0x0000000008002d46        0x2 
 .text.HAL_SPI_IRQHandler
                0x0000000008002d48      0x200 ./Drivers/STM32F4xx_HAL_Driver/Src/stm32f4xx_hal_spi.o
                0x0000000008002d48                HAL_SPI_IRQHandler
 .text.HAL_SPI_ErrorCallback
                0x0000000008002f48       0x14 ./Drivers/STM32F4xx_HAL_Driver/Src/stm32f4xx_hal_spi.o
                0x0000000008002f48                HAL_SPI_ErrorCallback
 .text.SPI_DMAAbortOnError
                0x0000000008002f5c       0x28 ./Drivers/STM32F4xx_HAL_Driver/Src/stm32f4xx_hal_spi.o
 .text.SPI_WaitFlagStateUntilTimeout
                0x0000000008002f84      0x110 ./Drivers/STM32F4xx_HAL_Driver/Src/stm32f4xx_hal_spi.o
 .text.SPI_EndRxTxTransaction
                0x0000000008003094       0x84 ./Drivers/STM32F4xx_HAL_Driver/Src/stm32f4xx_hal_spi.o
 .text.HAL_TIM_PWM_Init
                0x0000000008003118       0x9e ./Drivers/STM32F4xx_HAL_Driver/Src/stm32f4xx_hal_tim.o
                0x0000000008003118                HAL_TIM_PWM_Init
 *fill*         0x00000000080031b6        0x2 
 .text.HAL_TIM_PWM_Start
                0x00000000080031b8      0x190 ./Drivers/STM32F4xx_HAL_Driver/Src/stm32f4xx_hal_tim.o
                0x00000000080031b8                HAL_TIM_PWM_Start
 .text.HAL_TIM_PWM_ConfigChannel
                0x0000000008003348      0x184 ./Drivers/STM32F4xx_HAL_Driver/Src/stm32f4xx_hal_tim.o
                0x0000000008003348                HAL_TIM_PWM_ConfigChannel
 .text.TIM_Base_SetConfig
                0x00000000080034cc      0x140 ./Drivers/STM32F4xx_HAL_Driver/Src/stm32f4xx_hal_tim.o
                0x00000000080034cc                TIM_Base_SetConfig
 .text.TIM_OC1_SetConfig
                0x000000000800360c       0xe0 ./Drivers/STM32F4xx_HAL_Driver/Src/stm32f4xx_hal_tim.o
 .text.TIM_OC2_SetConfig
                0x00000000080036ec       0xec ./Drivers/STM32F4xx_HAL_Driver/Src/stm32f4xx_hal_tim.o
                0x00000000080036ec                TIM_OC2_SetConfig
 .text.TIM_OC3_SetConfig
                0x00000000080037d8       0xe8 ./Drivers/STM32F4xx_HAL_Driver/Src/stm32f4xx_hal_tim.o
 .text.TIM_OC4_SetConfig
                0x00000000080038c0       0xac ./Drivers/STM32F4xx_HAL_Driver/Src/stm32f4xx_hal_tim.o
 .text.TIM_CCxChannelCmd
                0x000000000800396c       0x4a ./Drivers/STM32F4xx_HAL_Driver/Src/stm32f4xx_hal_tim.o
                0x000000000800396c                TIM_CCxChannelCmd
 *fill*         0x00000000080039b6        0x2 
 .text.HAL_TIMEx_MasterConfigSynchronization
                0x00000000080039b8       0xf8 ./Drivers/STM32F4xx_HAL_Driver/Src/stm32f4xx_hal_tim_ex.o
                0x00000000080039b8                HAL_TIMEx_MasterConfigSynchronization
 .text.HAL_TIMEx_ConfigBreakDeadTime
                0x0000000008003ab0       0xa4 ./Drivers/STM32F4xx_HAL_Driver/Src/stm32f4xx_hal_tim_ex.o
                0x0000000008003ab0                HAL_TIMEx_ConfigBreakDeadTime
 .text.HAL_UART_Init
                0x0000000008003b54       0x9a ./Drivers/STM32F4xx_HAL_Driver/Src/stm32f4xx_hal_uart.o
                0x0000000008003b54                HAL_UART_Init
 .text.HAL_HalfDuplex_Init
                0x0000000008003bee       0xaa ./Drivers/STM32F4xx_HAL_Driver/Src/stm32f4xx_hal_uart.o
                0x0000000008003bee                HAL_HalfDuplex_Init
 .text.HAL_UART_Transmit
                0x0000000008003c98      0x124 ./Drivers/STM32F4xx_HAL_Driver/Src/stm32f4xx_hal_uart.o
                0x0000000008003c98                HAL_UART_Transmit
 .text.HAL_UART_Receive_IT
                0x0000000008003dbc       0x60 ./Drivers/STM32F4xx_HAL_Driver/Src/stm32f4xx_hal_uart.o
                0x0000000008003dbc                HAL_UART_Receive_IT
 .text.HAL_UART_Abort
                0x0000000008003e1c      0x1d6 ./Drivers/STM32F4xx_HAL_Driver/Src/stm32f4xx_hal_uart.o
                0x0000000008003e1c                HAL_UART_Abort
 *fill*         0x0000000008003ff2        0x2 
 .text.HAL_UART_IRQHandler
                0x0000000008003ff4      0x51c ./Drivers/STM32F4xx_HAL_Driver/Src/stm32f4xx_hal_uart.o
                0x0000000008003ff4                HAL_UART_IRQHandler
 .text.HAL_UART_TxCpltCallback
                0x0000000008004510       0x14 ./Drivers/STM32F4xx_HAL_Driver/Src/stm32f4xx_hal_uart.o
                0x0000000008004510                HAL_UART_TxCpltCallback
 .text.HAL_UART_RxCpltCallback
                0x0000000008004524       0x14 ./Drivers/STM32F4xx_HAL_Driver/Src/stm32f4xx_hal_uart.o
                0x0000000008004524                HAL_UART_RxCpltCallback
 .text.HAL_UART_ErrorCallback
                0x0000000008004538       0x14 ./Drivers/STM32F4xx_HAL_Driver/Src/stm32f4xx_hal_uart.o
                0x0000000008004538                HAL_UART_ErrorCallback
 .text.HAL_UARTEx_RxEventCallback
                0x000000000800454c       0x18 ./Drivers/STM32F4xx_HAL_Driver/Src/stm32f4xx_hal_uart.o
                0x000000000800454c                HAL_UARTEx_RxEventCallback
 .text.UART_WaitOnFlagUntilTimeout
                0x0000000008004564       0xdc ./Drivers/STM32F4xx_HAL_Driver/Src/stm32f4xx_hal_uart.o
 .text.UART_Start_Receive_IT
                0x0000000008004640       0x74 ./Drivers/STM32F4xx_HAL_Driver/Src/stm32f4xx_hal_uart.o
                0x0000000008004640                UART_Start_Receive_IT
 .text.UART_EndRxTransfer
                0x00000000080046b4       0xc6 ./Drivers/STM32F4xx_HAL_Driver/Src/stm32f4xx_hal_uart.o
 .text.UART_DMAAbortOnError
                0x000000000800477a       0x28 ./Drivers/STM32F4xx_HAL_Driver/Src/stm32f4xx_hal_uart.o
 .text.UART_Transmit_IT
                0x00000000080047a2       0xa0 ./Drivers/STM32F4xx_HAL_Driver/Src/stm32f4xx_hal_uart.o
 .text.UART_EndTransmit_IT
                0x0000000008004842       0x30 ./Drivers/STM32F4xx_HAL_Driver/Src/stm32f4xx_hal_uart.o
 .text.UART_Receive_IT
                0x0000000008004872      0x176 ./Drivers/STM32F4xx_HAL_Driver/Src/stm32f4xx_hal_uart.o
 .text.UART_SetConfig
                0x00000000080049e8      0x390 ./Drivers/STM32F4xx_HAL_Driver/Src/stm32f4xx_hal_uart.o
 .text.__libc_init_array
                0x0000000008004d78       0x48 c:/program files (x86)/stm32cubeide_1.7.0/stm32cubeide/plugins/com.st.stm32cube.ide.mcu.externaltools.gnu-tools-for-stm32.9-2020-q2-update.win32_2.0.0.202105311346/tools/bin/../lib/gcc/arm-none-eabi/9.3.1/../../../../arm-none-eabi/lib/thumb/v7e-m+fp/hard\libc_nano.a(lib_a-init.o)
                0x0000000008004d78                __libc_init_array
 .text.memset   0x0000000008004dc0       0x10 c:/program files (x86)/stm32cubeide_1.7.0/stm32cubeide/plugins/com.st.stm32cube.ide.mcu.externaltools.gnu-tools-for-stm32.9-2020-q2-update.win32_2.0.0.202105311346/tools/bin/../lib/gcc/arm-none-eabi/9.3.1/../../../../arm-none-eabi/lib/thumb/v7e-m+fp/hard\libc_nano.a(lib_a-memset.o)
                0x0000000008004dc0                memset
 .text.strcpy   0x0000000008004dd0       0x10 c:/program files (x86)/stm32cubeide_1.7.0/stm32cubeide/plugins/com.st.stm32cube.ide.mcu.externaltools.gnu-tools-for-stm32.9-2020-q2-update.win32_2.0.0.202105311346/tools/bin/../lib/gcc/arm-none-eabi/9.3.1/../../../../arm-none-eabi/lib/thumb/v7e-m+fp/hard\libc_nano.a(lib_a-strcpy.o)
                0x0000000008004dd0                strcpy
 *(.glue_7)
 .glue_7        0x0000000008004de0        0x0 linker stubs
 *(.glue_7t)
 .glue_7t       0x0000000008004de0        0x0 linker stubs
 *(.eh_frame)
 .eh_frame      0x0000000008004de0        0x0 c:/program files (x86)/stm32cubeide_1.7.0/stm32cubeide/plugins/com.st.stm32cube.ide.mcu.externaltools.gnu-tools-for-stm32.9-2020-q2-update.win32_2.0.0.202105311346/tools/bin/../lib/gcc/arm-none-eabi/9.3.1/thumb/v7e-m+fp/hard/crtbegin.o
 *(.init)
 .init          0x0000000008004de0        0x4 c:/program files (x86)/stm32cubeide_1.7.0/stm32cubeide/plugins/com.st.stm32cube.ide.mcu.externaltools.gnu-tools-for-stm32.9-2020-q2-update.win32_2.0.0.202105311346/tools/bin/../lib/gcc/arm-none-eabi/9.3.1/thumb/v7e-m+fp/hard/crti.o
                0x0000000008004de0                _init
 .init          0x0000000008004de4        0x8 c:/program files (x86)/stm32cubeide_1.7.0/stm32cubeide/plugins/com.st.stm32cube.ide.mcu.externaltools.gnu-tools-for-stm32.9-2020-q2-update.win32_2.0.0.202105311346/tools/bin/../lib/gcc/arm-none-eabi/9.3.1/thumb/v7e-m+fp/hard/crtn.o
 *(.fini)
 .fini          0x0000000008004dec        0x4 c:/program files (x86)/stm32cubeide_1.7.0/stm32cubeide/plugins/com.st.stm32cube.ide.mcu.externaltools.gnu-tools-for-stm32.9-2020-q2-update.win32_2.0.0.202105311346/tools/bin/../lib/gcc/arm-none-eabi/9.3.1/thumb/v7e-m+fp/hard/crti.o
                0x0000000008004dec                _fini
 .fini          0x0000000008004df0        0x8 c:/program files (x86)/stm32cubeide_1.7.0/stm32cubeide/plugins/com.st.stm32cube.ide.mcu.externaltools.gnu-tools-for-stm32.9-2020-q2-update.win32_2.0.0.202105311346/tools/bin/../lib/gcc/arm-none-eabi/9.3.1/thumb/v7e-m+fp/hard/crtn.o
                0x0000000008004df8                . = ALIGN (0x4)
                0x0000000008004df8                _etext = .

.vfp11_veneer   0x0000000008004df8        0x0
 .vfp11_veneer  0x0000000008004df8        0x0 linker stubs

.v4_bx          0x0000000008004df8        0x0
 .v4_bx         0x0000000008004df8        0x0 linker stubs

.iplt           0x0000000008004df8        0x0
 .iplt          0x0000000008004df8        0x0 c:/program files (x86)/stm32cubeide_1.7.0/stm32cubeide/plugins/com.st.stm32cube.ide.mcu.externaltools.gnu-tools-for-stm32.9-2020-q2-update.win32_2.0.0.202105311346/tools/bin/../lib/gcc/arm-none-eabi/9.3.1/thumb/v7e-m+fp/hard/crtbegin.o

.rodata         0x0000000008004df8       0x18
                0x0000000008004df8                . = ALIGN (0x4)
 *(.rodata)
 *(.rodata*)
 .rodata.AHBPrescTable
                0x0000000008004df8       0x10 ./Core/Src/system_stm32f4xx.o
                0x0000000008004df8                AHBPrescTable
 .rodata.APBPrescTable
                0x0000000008004e08        0x8 ./Core/Src/system_stm32f4xx.o
                0x0000000008004e08                APBPrescTable
                0x0000000008004e10                . = ALIGN (0x4)

.ARM.extab      0x0000000008004e10        0x0
                0x0000000008004e10                . = ALIGN (0x4)
 *(.ARM.extab* .gnu.linkonce.armextab.*)
                0x0000000008004e10                . = ALIGN (0x4)

.ARM            0x0000000008004e10        0x8
                0x0000000008004e10                . = ALIGN (0x4)
                0x0000000008004e10                __exidx_start = .
 *(.ARM.exidx*)
 .ARM.exidx     0x0000000008004e10        0x8 c:/program files (x86)/stm32cubeide_1.7.0/stm32cubeide/plugins/com.st.stm32cube.ide.mcu.externaltools.gnu-tools-for-stm32.9-2020-q2-update.win32_2.0.0.202105311346/tools/bin/../lib/gcc/arm-none-eabi/9.3.1/thumb/v7e-m+fp/hard\libgcc.a(_udivmoddi4.o)
                0x0000000008004e18                __exidx_end = .
                0x0000000008004e18                . = ALIGN (0x4)

.rel.dyn        0x0000000008004e18        0x0
 .rel.iplt      0x0000000008004e18        0x0 c:/program files (x86)/stm32cubeide_1.7.0/stm32cubeide/plugins/com.st.stm32cube.ide.mcu.externaltools.gnu-tools-for-stm32.9-2020-q2-update.win32_2.0.0.202105311346/tools/bin/../lib/gcc/arm-none-eabi/9.3.1/thumb/v7e-m+fp/hard/crtbegin.o

.preinit_array  0x0000000008004e18        0x0
                0x0000000008004e18                . = ALIGN (0x4)
                0x0000000008004e18                PROVIDE (__preinit_array_start = .)
 *(.preinit_array*)
                0x0000000008004e18                PROVIDE (__preinit_array_end = .)
                0x0000000008004e18                . = ALIGN (0x4)

.init_array     0x0000000008004e18        0x4
                0x0000000008004e18                . = ALIGN (0x4)
                0x0000000008004e18                PROVIDE (__init_array_start = .)
 *(SORT_BY_NAME(.init_array.*))
 *(.init_array*)
 .init_array    0x0000000008004e18        0x4 c:/program files (x86)/stm32cubeide_1.7.0/stm32cubeide/plugins/com.st.stm32cube.ide.mcu.externaltools.gnu-tools-for-stm32.9-2020-q2-update.win32_2.0.0.202105311346/tools/bin/../lib/gcc/arm-none-eabi/9.3.1/thumb/v7e-m+fp/hard/crtbegin.o
                0x0000000008004e1c                PROVIDE (__init_array_end = .)
                0x0000000008004e1c                . = ALIGN (0x4)

.fini_array     0x0000000008004e1c        0x4
                0x0000000008004e1c                . = ALIGN (0x4)
                [!provide]                        PROVIDE (__fini_array_start = .)
 *(SORT_BY_NAME(.fini_array.*))
 *(.fini_array*)
 .fini_array    0x0000000008004e1c        0x4 c:/program files (x86)/stm32cubeide_1.7.0/stm32cubeide/plugins/com.st.stm32cube.ide.mcu.externaltools.gnu-tools-for-stm32.9-2020-q2-update.win32_2.0.0.202105311346/tools/bin/../lib/gcc/arm-none-eabi/9.3.1/thumb/v7e-m+fp/hard/crtbegin.o
                [!provide]                        PROVIDE (__fini_array_end = .)
                0x0000000008004e20                . = ALIGN (0x4)
                0x0000000008004e20                _sidata = LOADADDR (.data)

.data           0x0000000020000000       0x10 load address 0x0000000008004e20
                0x0000000020000000                . = ALIGN (0x4)
                0x0000000020000000                _sdata = .
 *(.data)
 *(.data*)
 .data.last_bit_state
                0x0000000020000000        0x1 ./Core/Src/lidar.o
                0x0000000020000000                last_bit_state
 *fill*         0x0000000020000001        0x3 
 .data.SystemCoreClock
                0x0000000020000004        0x4 ./Core/Src/system_stm32f4xx.o
                0x0000000020000004                SystemCoreClock
 .data.uwTickPrio
                0x0000000020000008        0x4 ./Drivers/STM32F4xx_HAL_Driver/Src/stm32f4xx_hal.o
                0x0000000020000008                uwTickPrio
 .data.uwTickFreq
                0x000000002000000c        0x1 ./Drivers/STM32F4xx_HAL_Driver/Src/stm32f4xx_hal.o
                0x000000002000000c                uwTickFreq
 *(.RamFunc)
 *(.RamFunc*)
                0x0000000020000010                . = ALIGN (0x4)
 *fill*         0x000000002000000d        0x3 
                0x0000000020000010                _edata = .
                0x0000000008004e30                _siccmram = LOADADDR (.ccmram)

.igot.plt       0x0000000020000010        0x0 load address 0x0000000008004e30
 .igot.plt      0x0000000020000010        0x0 c:/program files (x86)/stm32cubeide_1.7.0/stm32cubeide/plugins/com.st.stm32cube.ide.mcu.externaltools.gnu-tools-for-stm32.9-2020-q2-update.win32_2.0.0.202105311346/tools/bin/../lib/gcc/arm-none-eabi/9.3.1/thumb/v7e-m+fp/hard/crtbegin.o

.ccmram         0x0000000010000000        0x0 load address 0x0000000008004e30
                0x0000000010000000                . = ALIGN (0x4)
                0x0000000010000000                _sccmram = .
 *(.ccmram)
 *(.ccmram*)
                0x0000000010000000                . = ALIGN (0x4)
                0x0000000010000000                _eccmram = .
                0x0000000010000000                . = ALIGN (0x4)

.bss            0x0000000020000010      0x42c
                0x0000000020000010                _sbss = .
                0x0000000020000010                __bss_start__ = _sbss
 *(.bss)
 .bss           0x0000000020000010       0x1c c:/program files (x86)/stm32cubeide_1.7.0/stm32cubeide/plugins/com.st.stm32cube.ide.mcu.externaltools.gnu-tools-for-stm32.9-2020-q2-update.win32_2.0.0.202105311346/tools/bin/../lib/gcc/arm-none-eabi/9.3.1/thumb/v7e-m+fp/hard/crtbegin.o
 *(.bss*)
 .bss.txData    0x000000002000002c        0x2 ./Core/Src/com_FPGA_spi.o
                0x000000002000002c                txData
 .bss.lidar_state
                0x000000002000002e        0x1 ./Core/Src/lidar.o
                0x000000002000002e                lidar_state
 *fill*         0x000000002000002f        0x1 
 .bss.num_frame_scan
                0x0000000020000030        0x4 ./Core/Src/lidar.o
                0x0000000020000030                num_frame_scan
 .bss.compteur  0x0000000020000034        0x4 ./Core/Src/lidar.o
                0x0000000020000034                compteur
 .bss.NUMtrame  0x0000000020000038        0x4 ./Core/Src/lidar.o
                0x0000000020000038                NUMtrame
 .bss.pc_message_recu_index
                0x000000002000003c        0x1 ./Core/Src/usart.o
                0x000000002000003c                pc_message_recu_index
 *(COMMON)
 *fill*         0x000000002000003d        0x3 
 COMMON         0x0000000020000040        0xa ./Core/Src/com_M0.o
                0x0000000020000040                UART6_rxBuffer
 *fill*         0x000000002000004a        0x2 
 COMMON         0x000000002000004c       0x64 ./Core/Src/com_pc.o
                0x000000002000004c                message_recu_PC
 COMMON         0x00000000200000b0       0x1c ./Core/Src/lidar.o
                0x00000000200000b0                index_ecriture_message_recu
                0x00000000200000b4                bit_state
                0x00000000200000b5                octet_recu
                0x00000000200000b6                taille_message_recu
                0x00000000200000b8                lidar_message_recu
 COMMON         0x00000000200000cc      0x120 ./Core/Src/spi.o
                0x00000000200000cc                pTxData_spi
                0x0000000020000130                hspi1
                0x0000000020000188                pRxData_spi
 COMMON         0x00000000200001ec       0x48 ./Core/Src/tim.o
                0x00000000200001ec                htim1
 COMMON         0x0000000020000234      0x204 ./Core/Src/usart.o
                0x0000000020000234                UART2_rxBuffer
                0x0000000020000238                UART2_rxBuffer_2
                0x000000002000029c                huart3
                0x00000000200002e0                UART3_rxBuffer
                0x00000000200002e4                huart6
                0x0000000020000328                pc_message_recu
                0x000000002000038c                UART3_txBuffer
                0x00000000200003c0                UART2_txBuffer
                0x00000000200003f4                huart2
 COMMON         0x0000000020000438        0x4 ./Drivers/STM32F4xx_HAL_Driver/Src/stm32f4xx_hal.o
                0x0000000020000438                uwTick
                0x000000002000043c                . = ALIGN (0x4)
                0x000000002000043c                _ebss = .
                0x000000002000043c                __bss_end__ = _ebss

._user_heap_stack
                0x000000002000043c      0x604
                0x0000000020000440                . = ALIGN (0x8)
 *fill*         0x000000002000043c        0x4 
                [!provide]                        PROVIDE (end = .)
                0x0000000020000440                PROVIDE (_end = .)
                0x0000000020000640                . = (. + _Min_Heap_Size)
 *fill*         0x0000000020000440      0x200 
                0x0000000020000a40                . = (. + _Min_Stack_Size)
 *fill*         0x0000000020000640      0x400 
                0x0000000020000a40                . = ALIGN (0x8)

/DISCARD/
 libc.a(*)
 libm.a(*)
 libgcc.a(*)

.ARM.attributes
                0x0000000000000000       0x30
 *(.ARM.attributes)
 .ARM.attributes
                0x0000000000000000       0x1e c:/program files (x86)/stm32cubeide_1.7.0/stm32cubeide/plugins/com.st.stm32cube.ide.mcu.externaltools.gnu-tools-for-stm32.9-2020-q2-update.win32_2.0.0.202105311346/tools/bin/../lib/gcc/arm-none-eabi/9.3.1/thumb/v7e-m+fp/hard/crti.o
 .ARM.attributes
                0x000000000000001e       0x34 c:/program files (x86)/stm32cubeide_1.7.0/stm32cubeide/plugins/com.st.stm32cube.ide.mcu.externaltools.gnu-tools-for-stm32.9-2020-q2-update.win32_2.0.0.202105311346/tools/bin/../lib/gcc/arm-none-eabi/9.3.1/thumb/v7e-m+fp/hard/crtbegin.o
 .ARM.attributes
                0x0000000000000052       0x34 ./Core/Src/com_FPGA_spi.o
 .ARM.attributes
                0x0000000000000086       0x34 ./Core/Src/com_M0.o
 .ARM.attributes
                0x00000000000000ba       0x34 ./Core/Src/com_pc.o
 .ARM.attributes
                0x00000000000000ee       0x34 ./Core/Src/gpio.o
 .ARM.attributes
                0x0000000000000122       0x34 ./Core/Src/lidar.o
 .ARM.attributes
                0x0000000000000156       0x34 ./Core/Src/main.o
 .ARM.attributes
                0x000000000000018a       0x34 ./Core/Src/spi.o
 .ARM.attributes
                0x00000000000001be       0x34 ./Core/Src/stm32f4xx_hal_msp.o
 .ARM.attributes
                0x00000000000001f2       0x34 ./Core/Src/stm32f4xx_it.o
 .ARM.attributes
                0x0000000000000226       0x34 ./Core/Src/system_stm32f4xx.o
 .ARM.attributes
                0x000000000000025a       0x34 ./Core/Src/tim.o
 .ARM.attributes
                0x000000000000028e       0x34 ./Core/Src/usart.o
 .ARM.attributes
                0x00000000000002c2       0x21 ./Core/Startup/startup_stm32f407vgtx.o
 .ARM.attributes
                0x00000000000002e3       0x34 ./Drivers/STM32F4xx_HAL_Driver/Src/stm32f4xx_hal.o
 .ARM.attributes
                0x0000000000000317       0x34 ./Drivers/STM32F4xx_HAL_Driver/Src/stm32f4xx_hal_cortex.o
 .ARM.attributes
                0x000000000000034b       0x34 ./Drivers/STM32F4xx_HAL_Driver/Src/stm32f4xx_hal_dma.o
 .ARM.attributes
                0x000000000000037f       0x34 ./Drivers/STM32F4xx_HAL_Driver/Src/stm32f4xx_hal_gpio.o
 .ARM.attributes
                0x00000000000003b3       0x34 ./Drivers/STM32F4xx_HAL_Driver/Src/stm32f4xx_hal_rcc.o
 .ARM.attributes
                0x00000000000003e7       0x34 ./Drivers/STM32F4xx_HAL_Driver/Src/stm32f4xx_hal_spi.o
 .ARM.attributes
                0x000000000000041b       0x34 ./Drivers/STM32F4xx_HAL_Driver/Src/stm32f4xx_hal_tim.o
 .ARM.attributes
                0x000000000000044f       0x34 ./Drivers/STM32F4xx_HAL_Driver/Src/stm32f4xx_hal_tim_ex.o
 .ARM.attributes
                0x0000000000000483       0x34 ./Drivers/STM32F4xx_HAL_Driver/Src/stm32f4xx_hal_uart.o
 .ARM.attributes
                0x00000000000004b7       0x34 c:/program files (x86)/stm32cubeide_1.7.0/stm32cubeide/plugins/com.st.stm32cube.ide.mcu.externaltools.gnu-tools-for-stm32.9-2020-q2-update.win32_2.0.0.202105311346/tools/bin/../lib/gcc/arm-none-eabi/9.3.1/../../../../arm-none-eabi/lib/thumb/v7e-m+fp/hard\libc_nano.a(lib_a-init.o)
 .ARM.attributes
                0x00000000000004eb       0x34 c:/program files (x86)/stm32cubeide_1.7.0/stm32cubeide/plugins/com.st.stm32cube.ide.mcu.externaltools.gnu-tools-for-stm32.9-2020-q2-update.win32_2.0.0.202105311346/tools/bin/../lib/gcc/arm-none-eabi/9.3.1/../../../../arm-none-eabi/lib/thumb/v7e-m+fp/hard\libc_nano.a(lib_a-memset.o)
 .ARM.attributes
                0x000000000000051f       0x34 c:/program files (x86)/stm32cubeide_1.7.0/stm32cubeide/plugins/com.st.stm32cube.ide.mcu.externaltools.gnu-tools-for-stm32.9-2020-q2-update.win32_2.0.0.202105311346/tools/bin/../lib/gcc/arm-none-eabi/9.3.1/../../../../arm-none-eabi/lib/thumb/v7e-m+fp/hard\libc_nano.a(lib_a-strcpy.o)
 .ARM.attributes
                0x0000000000000553       0x1e c:/program files (x86)/stm32cubeide_1.7.0/stm32cubeide/plugins/com.st.stm32cube.ide.mcu.externaltools.gnu-tools-for-stm32.9-2020-q2-update.win32_2.0.0.202105311346/tools/bin/../lib/gcc/arm-none-eabi/9.3.1/thumb/v7e-m+fp/hard\libgcc.a(_aeabi_uldivmod.o)
 .ARM.attributes
                0x0000000000000571       0x34 c:/program files (x86)/stm32cubeide_1.7.0/stm32cubeide/plugins/com.st.stm32cube.ide.mcu.externaltools.gnu-tools-for-stm32.9-2020-q2-update.win32_2.0.0.202105311346/tools/bin/../lib/gcc/arm-none-eabi/9.3.1/thumb/v7e-m+fp/hard\libgcc.a(_udivmoddi4.o)
 .ARM.attributes
                0x00000000000005a5       0x1e c:/program files (x86)/stm32cubeide_1.7.0/stm32cubeide/plugins/com.st.stm32cube.ide.mcu.externaltools.gnu-tools-for-stm32.9-2020-q2-update.win32_2.0.0.202105311346/tools/bin/../lib/gcc/arm-none-eabi/9.3.1/thumb/v7e-m+fp/hard\libgcc.a(_dvmd_tls.o)
 .ARM.attributes
                0x00000000000005c3       0x1e c:/program files (x86)/stm32cubeide_1.7.0/stm32cubeide/plugins/com.st.stm32cube.ide.mcu.externaltools.gnu-tools-for-stm32.9-2020-q2-update.win32_2.0.0.202105311346/tools/bin/../lib/gcc/arm-none-eabi/9.3.1/thumb/v7e-m+fp/hard/crtn.o
OUTPUT(stm32f4_disc.elf elf32-littlearm)
LOAD linker stubs
LOAD c:/program files (x86)/stm32cubeide_1.7.0/stm32cubeide/plugins/com.st.stm32cube.ide.mcu.externaltools.gnu-tools-for-stm32.9-2020-q2-update.win32_2.0.0.202105311346/tools/bin/../lib/gcc/arm-none-eabi/9.3.1/../../../../arm-none-eabi/lib/thumb/v7e-m+fp/hard\libc.a
LOAD c:/program files (x86)/stm32cubeide_1.7.0/stm32cubeide/plugins/com.st.stm32cube.ide.mcu.externaltools.gnu-tools-for-stm32.9-2020-q2-update.win32_2.0.0.202105311346/tools/bin/../lib/gcc/arm-none-eabi/9.3.1/../../../../arm-none-eabi/lib/thumb/v7e-m+fp/hard\libm.a
LOAD c:/program files (x86)/stm32cubeide_1.7.0/stm32cubeide/plugins/com.st.stm32cube.ide.mcu.externaltools.gnu-tools-for-stm32.9-2020-q2-update.win32_2.0.0.202105311346/tools/bin/../lib/gcc/arm-none-eabi/9.3.1/thumb/v7e-m+fp/hard\libgcc.a

.debug_info     0x0000000000000000    0x15604
 .debug_info    0x0000000000000000      0x85b ./Core/Src/com_FPGA_spi.o
 .debug_info    0x000000000000085b     0x127e ./Core/Src/com_M0.o
 .debug_info    0x0000000000001ad9     0x1342 ./Core/Src/com_pc.o
 .debug_info    0x0000000000002e1b      0x54c ./Core/Src/gpio.o
 .debug_info    0x0000000000003367     0x15b3 ./Core/Src/lidar.o
 .debug_info    0x000000000000491a     0x11f4 ./Core/Src/main.o
 .debug_info    0x0000000000005b0e      0xcc3 ./Core/Src/spi.o
 .debug_info    0x00000000000067d1      0x394 ./Core/Src/stm32f4xx_hal_msp.o
 .debug_info    0x0000000000006b65      0xa9d ./Core/Src/stm32f4xx_it.o
 .debug_info    0x0000000000007602      0x5a4 ./Core/Src/system_stm32f4xx.o
 .debug_info    0x0000000000007ba6      0xc8a ./Core/Src/tim.o
 .debug_info    0x0000000000008830      0xe02 ./Core/Src/usart.o
 .debug_info    0x0000000000009632       0x22 ./Core/Startup/startup_stm32f407vgtx.o
 .debug_info    0x0000000000009654      0x9b2 ./Drivers/STM32F4xx_HAL_Driver/Src/stm32f4xx_hal.o
 .debug_info    0x000000000000a006      0xed7 ./Drivers/STM32F4xx_HAL_Driver/Src/stm32f4xx_hal_cortex.o
 .debug_info    0x000000000000aedd      0x9f1 ./Drivers/STM32F4xx_HAL_Driver/Src/stm32f4xx_hal_dma.o
 .debug_info    0x000000000000b8ce      0x83e ./Drivers/STM32F4xx_HAL_Driver/Src/stm32f4xx_hal_gpio.o
 .debug_info    0x000000000000c10c      0x996 ./Drivers/STM32F4xx_HAL_Driver/Src/stm32f4xx_hal_rcc.o
 .debug_info    0x000000000000caa2     0x17c0 ./Drivers/STM32F4xx_HAL_Driver/Src/stm32f4xx_hal_spi.o
 .debug_info    0x000000000000e262     0x2c22 ./Drivers/STM32F4xx_HAL_Driver/Src/stm32f4xx_hal_tim.o
 .debug_info    0x0000000000010e84     0x15a2 ./Drivers/STM32F4xx_HAL_Driver/Src/stm32f4xx_hal_tim_ex.o
 .debug_info    0x0000000000012426     0x31de ./Drivers/STM32F4xx_HAL_Driver/Src/stm32f4xx_hal_uart.o

.debug_abbrev   0x0000000000000000     0x2bd8
 .debug_abbrev  0x0000000000000000      0x1d7 ./Core/Src/com_FPGA_spi.o
 .debug_abbrev  0x00000000000001d7      0x1d7 ./Core/Src/com_M0.o
 .debug_abbrev  0x00000000000003ae      0x28e ./Core/Src/com_pc.o
 .debug_abbrev  0x000000000000063c      0x14e ./Core/Src/gpio.o
 .debug_abbrev  0x000000000000078a      0x2ae ./Core/Src/lidar.o
 .debug_abbrev  0x0000000000000a38      0x21f ./Core/Src/main.o
 .debug_abbrev  0x0000000000000c57      0x1c4 ./Core/Src/spi.o
 .debug_abbrev  0x0000000000000e1b      0x11d ./Core/Src/stm32f4xx_hal_msp.o
 .debug_abbrev  0x0000000000000f38      0x1a1 ./Core/Src/stm32f4xx_it.o
 .debug_abbrev  0x00000000000010d9      0x145 ./Core/Src/system_stm32f4xx.o
 .debug_abbrev  0x000000000000121e      0x1df ./Core/Src/tim.o
 .debug_abbrev  0x00000000000013fd      0x1c4 ./Core/Src/usart.o
 .debug_abbrev  0x00000000000015c1       0x12 ./Core/Startup/startup_stm32f407vgtx.o
 .debug_abbrev  0x00000000000015d3      0x1ed ./Drivers/STM32F4xx_HAL_Driver/Src/stm32f4xx_hal.o
 .debug_abbrev  0x00000000000017c0      0x33c ./Drivers/STM32F4xx_HAL_Driver/Src/stm32f4xx_hal_cortex.o
 .debug_abbrev  0x0000000000001afc      0x259 ./Drivers/STM32F4xx_HAL_Driver/Src/stm32f4xx_hal_dma.o
 .debug_abbrev  0x0000000000001d55      0x1f1 ./Drivers/STM32F4xx_HAL_Driver/Src/stm32f4xx_hal_gpio.o
 .debug_abbrev  0x0000000000001f46      0x275 ./Drivers/STM32F4xx_HAL_Driver/Src/stm32f4xx_hal_rcc.o
 .debug_abbrev  0x00000000000021bb      0x26e ./Drivers/STM32F4xx_HAL_Driver/Src/stm32f4xx_hal_spi.o
 .debug_abbrev  0x0000000000002429      0x25e ./Drivers/STM32F4xx_HAL_Driver/Src/stm32f4xx_hal_tim.o
 .debug_abbrev  0x0000000000002687      0x266 ./Drivers/STM32F4xx_HAL_Driver/Src/stm32f4xx_hal_tim_ex.o
 .debug_abbrev  0x00000000000028ed      0x2eb ./Drivers/STM32F4xx_HAL_Driver/Src/stm32f4xx_hal_uart.o

.debug_aranges  0x0000000000000000      0xfd8
 .debug_aranges
                0x0000000000000000       0xa0 ./Core/Src/com_FPGA_spi.o
 .debug_aranges
                0x00000000000000a0       0x28 ./Core/Src/com_M0.o
 .debug_aranges
                0x00000000000000c8       0x38 ./Core/Src/com_pc.o
 .debug_aranges
                0x0000000000000100       0x20 ./Core/Src/gpio.o
 .debug_aranges
                0x0000000000000120       0x70 ./Core/Src/lidar.o
 .debug_aranges
                0x0000000000000190       0x30 ./Core/Src/main.o
 .debug_aranges
                0x00000000000001c0       0x30 ./Core/Src/spi.o
 .debug_aranges
                0x00000000000001f0       0x20 ./Core/Src/stm32f4xx_hal_msp.o
 .debug_aranges
                0x0000000000000210       0x80 ./Core/Src/stm32f4xx_it.o
 .debug_aranges
                0x0000000000000290       0x28 ./Core/Src/system_stm32f4xx.o
 .debug_aranges
                0x00000000000002b8       0x38 ./Core/Src/tim.o
 .debug_aranges
                0x00000000000002f0       0x40 ./Core/Src/usart.o
 .debug_aranges
                0x0000000000000330       0x28 ./Core/Startup/startup_stm32f407vgtx.o
 .debug_aranges
                0x0000000000000358       0xf0 ./Drivers/STM32F4xx_HAL_Driver/Src/stm32f4xx_hal.o
 .debug_aranges
                0x0000000000000448      0x118 ./Drivers/STM32F4xx_HAL_Driver/Src/stm32f4xx_hal_cortex.o
 .debug_aranges
                0x0000000000000560       0x90 ./Drivers/STM32F4xx_HAL_Driver/Src/stm32f4xx_hal_dma.o
 .debug_aranges
                0x00000000000005f0       0x58 ./Drivers/STM32F4xx_HAL_Driver/Src/stm32f4xx_hal_gpio.o
 .debug_aranges
                0x0000000000000648       0x88 ./Drivers/STM32F4xx_HAL_Driver/Src/stm32f4xx_hal_rcc.o
 .debug_aranges
                0x00000000000006d0      0x1d0 ./Drivers/STM32F4xx_HAL_Driver/Src/stm32f4xx_hal_spi.o
 .debug_aranges
                0x00000000000008a0      0x3d0 ./Drivers/STM32F4xx_HAL_Driver/Src/stm32f4xx_hal_tim.o
 .debug_aranges
                0x0000000000000c70      0x168 ./Drivers/STM32F4xx_HAL_Driver/Src/stm32f4xx_hal_tim_ex.o
 .debug_aranges
                0x0000000000000dd8      0x200 ./Drivers/STM32F4xx_HAL_Driver/Src/stm32f4xx_hal_uart.o

.debug_ranges   0x0000000000000000      0xeb0
 .debug_ranges  0x0000000000000000       0x90 ./Core/Src/com_FPGA_spi.o
 .debug_ranges  0x0000000000000090       0x18 ./Core/Src/com_M0.o
 .debug_ranges  0x00000000000000a8       0x28 ./Core/Src/com_pc.o
 .debug_ranges  0x00000000000000d0       0x10 ./Core/Src/gpio.o
 .debug_ranges  0x00000000000000e0       0x60 ./Core/Src/lidar.o
 .debug_ranges  0x0000000000000140       0x20 ./Core/Src/main.o
 .debug_ranges  0x0000000000000160       0x20 ./Core/Src/spi.o
 .debug_ranges  0x0000000000000180       0x10 ./Core/Src/stm32f4xx_hal_msp.o
 .debug_ranges  0x0000000000000190       0x70 ./Core/Src/stm32f4xx_it.o
 .debug_ranges  0x0000000000000200       0x18 ./Core/Src/system_stm32f4xx.o
 .debug_ranges  0x0000000000000218       0x28 ./Core/Src/tim.o
 .debug_ranges  0x0000000000000240       0x30 ./Core/Src/usart.o
 .debug_ranges  0x0000000000000270       0x20 ./Core/Startup/startup_stm32f407vgtx.o
 .debug_ranges  0x0000000000000290       0xe0 ./Drivers/STM32F4xx_HAL_Driver/Src/stm32f4xx_hal.o
 .debug_ranges  0x0000000000000370      0x108 ./Drivers/STM32F4xx_HAL_Driver/Src/stm32f4xx_hal_cortex.o
 .debug_ranges  0x0000000000000478       0x80 ./Drivers/STM32F4xx_HAL_Driver/Src/stm32f4xx_hal_dma.o
 .debug_ranges  0x00000000000004f8       0x48 ./Drivers/STM32F4xx_HAL_Driver/Src/stm32f4xx_hal_gpio.o
 .debug_ranges  0x0000000000000540       0x78 ./Drivers/STM32F4xx_HAL_Driver/Src/stm32f4xx_hal_rcc.o
 .debug_ranges  0x00000000000005b8      0x1c0 ./Drivers/STM32F4xx_HAL_Driver/Src/stm32f4xx_hal_spi.o
 .debug_ranges  0x0000000000000778      0x3c0 ./Drivers/STM32F4xx_HAL_Driver/Src/stm32f4xx_hal_tim.o
 .debug_ranges  0x0000000000000b38      0x158 ./Drivers/STM32F4xx_HAL_Driver/Src/stm32f4xx_hal_tim_ex.o
 .debug_ranges  0x0000000000000c90      0x220 ./Drivers/STM32F4xx_HAL_Driver/Src/stm32f4xx_hal_uart.o

.debug_macro    0x0000000000000000    0x2255e
 .debug_macro   0x0000000000000000      0x1f5 ./Core/Src/com_FPGA_spi.o
 .debug_macro   0x00000000000001f5      0xaa8 ./Core/Src/com_FPGA_spi.o
 .debug_macro   0x0000000000000c9d      0x2a1 ./Core/Src/com_FPGA_spi.o
 .debug_macro   0x0000000000000f3e       0x2e ./Core/Src/com_FPGA_spi.o
 .debug_macro   0x0000000000000f6c       0x2f ./Core/Src/com_FPGA_spi.o
 .debug_macro   0x0000000000000f9b       0x22 ./Core/Src/com_FPGA_spi.o
 .debug_macro   0x0000000000000fbd       0x8e ./Core/Src/com_FPGA_spi.o
 .debug_macro   0x000000000000104b       0x51 ./Core/Src/com_FPGA_spi.o
 .debug_macro   0x000000000000109c      0x103 ./Core/Src/com_FPGA_spi.o
 .debug_macro   0x000000000000119f       0x6a ./Core/Src/com_FPGA_spi.o
 .debug_macro   0x0000000000001209      0x1df ./Core/Src/com_FPGA_spi.o
 .debug_macro   0x00000000000013e8       0x1c ./Core/Src/com_FPGA_spi.o
 .debug_macro   0x0000000000001404       0x22 ./Core/Src/com_FPGA_spi.o
 .debug_macro   0x0000000000001426       0xdf ./Core/Src/com_FPGA_spi.o
 .debug_macro   0x0000000000001505     0x102d ./Core/Src/com_FPGA_spi.o
 .debug_macro   0x0000000000002532      0x11f ./Core/Src/com_FPGA_spi.o
 .debug_macro   0x0000000000002651    0x15e58 ./Core/Src/com_FPGA_spi.o
 .debug_macro   0x00000000000184a9       0x6d ./Core/Src/com_FPGA_spi.o
 .debug_macro   0x0000000000018516     0x3666 ./Core/Src/com_FPGA_spi.o
 .debug_macro   0x000000000001bb7c      0x174 ./Core/Src/com_FPGA_spi.o
 .debug_macro   0x000000000001bcf0       0x5c ./Core/Src/com_FPGA_spi.o
 .debug_macro   0x000000000001bd4c      0x96b ./Core/Src/com_FPGA_spi.o
 .debug_macro   0x000000000001c6b7      0x9fe ./Core/Src/com_FPGA_spi.o
 .debug_macro   0x000000000001d0b5      0x116 ./Core/Src/com_FPGA_spi.o
 .debug_macro   0x000000000001d1cb      0x13e ./Core/Src/com_FPGA_spi.o
 .debug_macro   0x000000000001d309       0xa5 ./Core/Src/com_FPGA_spi.o
 .debug_macro   0x000000000001d3ae      0x174 ./Core/Src/com_FPGA_spi.o
 .debug_macro   0x000000000001d522      0x287 ./Core/Src/com_FPGA_spi.o
 .debug_macro   0x000000000001d7a9       0x5f ./Core/Src/com_FPGA_spi.o
 .debug_macro   0x000000000001d808      0x236 ./Core/Src/com_FPGA_spi.o
 .debug_macro   0x000000000001da3e      0x12c ./Core/Src/com_FPGA_spi.o
 .debug_macro   0x000000000001db6a      0x21e ./Core/Src/com_FPGA_spi.o
 .debug_macro   0x000000000001dd88       0x2e ./Core/Src/com_FPGA_spi.o
 .debug_macro   0x000000000001ddb6      0x11a ./Core/Src/com_FPGA_spi.o
 .debug_macro   0x000000000001ded0       0x7e ./Core/Src/com_FPGA_spi.o
 .debug_macro   0x000000000001df4e       0x89 ./Core/Src/com_FPGA_spi.o
 .debug_macro   0x000000000001dfd7      0x225 ./Core/Src/com_FPGA_spi.o
 .debug_macro   0x000000000001e1fc      0x8d1 ./Core/Src/com_FPGA_spi.o
 .debug_macro   0x000000000001eacd       0x47 ./Core/Src/com_FPGA_spi.o
 .debug_macro   0x000000000001eb14      0x295 ./Core/Src/com_FPGA_spi.o
 .debug_macro   0x000000000001eda9      0x12d ./Core/Src/com_FPGA_spi.o
 .debug_macro   0x000000000001eed6      0x191 ./Core/Src/com_FPGA_spi.o
 .debug_macro   0x000000000001f067      0x2d1 ./Core/Src/com_M0.o
 .debug_macro   0x000000000001f338       0x52 ./Core/Src/com_M0.o
 .debug_macro   0x000000000001f38a       0x18 ./Core/Src/com_M0.o
 .debug_macro   0x000000000001f3a2       0x3c ./Core/Src/com_M0.o
 .debug_macro   0x000000000001f3de       0x34 ./Core/Src/com_M0.o
 .debug_macro   0x000000000001f412       0x16 ./Core/Src/com_M0.o
 .debug_macro   0x000000000001f428       0x43 ./Core/Src/com_M0.o
 .debug_macro   0x000000000001f46b       0x34 ./Core/Src/com_M0.o
 .debug_macro   0x000000000001f49f       0x10 ./Core/Src/com_M0.o
 .debug_macro   0x000000000001f4af       0x58 ./Core/Src/com_M0.o
 .debug_macro   0x000000000001f507       0x71 ./Core/Src/com_M0.o
 .debug_macro   0x000000000001f578       0x1c ./Core/Src/com_M0.o
 .debug_macro   0x000000000001f594      0x12a ./Core/Src/com_M0.o
 .debug_macro   0x000000000001f6be      0x333 ./Core/Src/com_M0.o
 .debug_macro   0x000000000001f9f1       0x10 ./Core/Src/com_M0.o
 .debug_macro   0x000000000001fa01       0x35 ./Core/Src/com_M0.o
 .debug_macro   0x000000000001fa36       0x20 ./Core/Src/com_M0.o
 .debug_macro   0x000000000001fa56      0x2d9 ./Core/Src/com_pc.o
 .debug_macro   0x000000000001fd2f      0x1f1 ./Core/Src/gpio.o
 .debug_macro   0x000000000001ff20      0x39c ./Core/Src/lidar.o
 .debug_macro   0x00000000000202bc       0x1c ./Core/Src/lidar.o
 .debug_macro   0x00000000000202d8       0x10 ./Core/Src/lidar.o
 .debug_macro   0x00000000000202e8       0x10 ./Core/Src/lidar.o
 .debug_macro   0x00000000000202f8       0x1c ./Core/Src/lidar.o
 .debug_macro   0x0000000000020314       0x52 ./Core/Src/lidar.o
 .debug_macro   0x0000000000020366       0x22 ./Core/Src/lidar.o
 .debug_macro   0x0000000000020388       0x10 ./Core/Src/lidar.o
 .debug_macro   0x0000000000020398       0x40 ./Core/Src/lidar.o
 .debug_macro   0x00000000000203d8       0xd5 ./Core/Src/lidar.o
 .debug_macro   0x00000000000204ad       0x1c ./Core/Src/lidar.o
 .debug_macro   0x00000000000204c9       0x3d ./Core/Src/lidar.o
 .debug_macro   0x0000000000020506       0x16 ./Core/Src/lidar.o
 .debug_macro   0x000000000002051c      0x145 ./Core/Src/lidar.o
 .debug_macro   0x0000000000020661      0x22b ./Core/Src/main.o
 .debug_macro   0x000000000002088c      0x1f1 ./Core/Src/spi.o
 .debug_macro   0x0000000000020a7d      0x1e7 ./Core/Src/stm32f4xx_hal_msp.o
 .debug_macro   0x0000000000020c64      0x203 ./Core/Src/stm32f4xx_it.o
 .debug_macro   0x0000000000020e67      0x1d8 ./Core/Src/system_stm32f4xx.o
 .debug_macro   0x000000000002103f      0x1f1 ./Core/Src/tim.o
 .debug_macro   0x0000000000021230      0x1f5 ./Core/Src/usart.o
 .debug_macro   0x0000000000021425      0x238 ./Drivers/STM32F4xx_HAL_Driver/Src/stm32f4xx_hal.o
 .debug_macro   0x000000000002165d      0x1d8 ./Drivers/STM32F4xx_HAL_Driver/Src/stm32f4xx_hal_cortex.o
 .debug_macro   0x0000000000021835      0x1de ./Drivers/STM32F4xx_HAL_Driver/Src/stm32f4xx_hal_dma.o
 .debug_macro   0x0000000000021a13      0x1de ./Drivers/STM32F4xx_HAL_Driver/Src/stm32f4xx_hal_gpio.o
 .debug_macro   0x0000000000021bf1      0x1fc ./Drivers/STM32F4xx_HAL_Driver/Src/stm32f4xx_hal_rcc.o
 .debug_macro   0x0000000000021ded      0x1e7 ./Drivers/STM32F4xx_HAL_Driver/Src/stm32f4xx_hal_spi.o
 .debug_macro   0x0000000000021fd4      0x1d9 ./Drivers/STM32F4xx_HAL_Driver/Src/stm32f4xx_hal_tim.o
 .debug_macro   0x00000000000221ad      0x1d8 ./Drivers/STM32F4xx_HAL_Driver/Src/stm32f4xx_hal_tim_ex.o
 .debug_macro   0x0000000000022385      0x1d9 ./Drivers/STM32F4xx_HAL_Driver/Src/stm32f4xx_hal_uart.o

.debug_line     0x0000000000000000    0x14421
 .debug_line    0x0000000000000000      0x97d ./Core/Src/com_FPGA_spi.o
 .debug_line    0x000000000000097d      0x9b4 ./Core/Src/com_M0.o
 .debug_line    0x0000000000001331      0xa53 ./Core/Src/com_pc.o
 .debug_line    0x0000000000001d84      0x80f ./Core/Src/gpio.o
 .debug_line    0x0000000000002593      0xc6d ./Core/Src/lidar.o
 .debug_line    0x0000000000003200      0x844 ./Core/Src/main.o
 .debug_line    0x0000000000003a44      0x7d6 ./Core/Src/spi.o
 .debug_line    0x000000000000421a      0x752 ./Core/Src/stm32f4xx_hal_msp.o
 .debug_line    0x000000000000496c      0x890 ./Core/Src/stm32f4xx_it.o
 .debug_line    0x00000000000051fc      0x7d2 ./Core/Src/system_stm32f4xx.o
 .debug_line    0x00000000000059ce      0x821 ./Core/Src/tim.o
 .debug_line    0x00000000000061ef      0x8ac ./Core/Src/usart.o
 .debug_line    0x0000000000006a9b       0x88 ./Core/Startup/startup_stm32f407vgtx.o
 .debug_line    0x0000000000006b23      0xa38 ./Drivers/STM32F4xx_HAL_Driver/Src/stm32f4xx_hal.o
 .debug_line    0x000000000000755b      0xce7 ./Drivers/STM32F4xx_HAL_Driver/Src/stm32f4xx_hal_cortex.o
 .debug_line    0x0000000000008242      0xf9d ./Drivers/STM32F4xx_HAL_Driver/Src/stm32f4xx_hal_dma.o
 .debug_line    0x00000000000091df      0xbae ./Drivers/STM32F4xx_HAL_Driver/Src/stm32f4xx_hal_gpio.o
 .debug_line    0x0000000000009d8d      0xdb4 ./Drivers/STM32F4xx_HAL_Driver/Src/stm32f4xx_hal_rcc.o
 .debug_line    0x000000000000ab41     0x1cc0 ./Drivers/STM32F4xx_HAL_Driver/Src/stm32f4xx_hal_spi.o
 .debug_line    0x000000000000c801     0x372c ./Drivers/STM32F4xx_HAL_Driver/Src/stm32f4xx_hal_tim.o
 .debug_line    0x000000000000ff2d     0x1a35 ./Drivers/STM32F4xx_HAL_Driver/Src/stm32f4xx_hal_tim_ex.o
 .debug_line    0x0000000000011962     0x2abf ./Drivers/STM32F4xx_HAL_Driver/Src/stm32f4xx_hal_uart.o

.debug_str      0x0000000000000000    0xcd63a
 .debug_str     0x0000000000000000    0xc5431 ./Core/Src/com_FPGA_spi.o
                                      0xc5719 (size before relaxing)
 .debug_str     0x00000000000c5431     0x33e7 ./Core/Src/com_M0.o
                                      0xc8a68 (size before relaxing)
 .debug_str     0x00000000000c8818       0xa8 ./Core/Src/com_pc.o
                                      0xc8ad9 (size before relaxing)
 .debug_str     0x00000000000c88c0      0x1ae ./Core/Src/gpio.o
                                      0xc5359 (size before relaxing)
 .debug_str     0x00000000000c8a6e     0x134c ./Core/Src/lidar.o
                                      0xc9c71 (size before relaxing)
 .debug_str     0x00000000000c9dba      0x182 ./Core/Src/main.o
                                      0xc5dff (size before relaxing)
 .debug_str     0x00000000000c9f3c      0x51c ./Core/Src/spi.o
                                      0xc5cbc (size before relaxing)
 .debug_str     0x00000000000ca458       0x2c ./Core/Src/stm32f4xx_hal_msp.o
                                      0xc52bc (size before relaxing)
 .debug_str     0x00000000000ca484      0x103 ./Core/Src/stm32f4xx_it.o
                                      0xc5901 (size before relaxing)
 .debug_str     0x00000000000ca587       0xaf ./Core/Src/system_stm32f4xx.o
                                      0xc4cc9 (size before relaxing)
 .debug_str     0x00000000000ca636      0x1b8 ./Core/Src/tim.o
                                      0xc5a25 (size before relaxing)
 .debug_str     0x00000000000ca7ee       0x7f ./Core/Src/usart.o
                                      0xc5d6c (size before relaxing)
 .debug_str     0x00000000000ca86d       0x36 ./Core/Startup/startup_stm32f407vgtx.o
                                         0x9d (size before relaxing)
 .debug_str     0x00000000000ca8a3      0x583 ./Drivers/STM32F4xx_HAL_Driver/Src/stm32f4xx_hal.o
                                      0xc57ab (size before relaxing)
 .debug_str     0x00000000000cae26      0x399 ./Drivers/STM32F4xx_HAL_Driver/Src/stm32f4xx_hal_cortex.o
                                      0xc559a (size before relaxing)
 .debug_str     0x00000000000cb1bf      0x315 ./Drivers/STM32F4xx_HAL_Driver/Src/stm32f4xx_hal_dma.o
                                      0xc50f3 (size before relaxing)
 .debug_str     0x00000000000cb4d4      0x15f ./Drivers/STM32F4xx_HAL_Driver/Src/stm32f4xx_hal_gpio.o
                                      0xc4e70 (size before relaxing)
 .debug_str     0x00000000000cb633      0x259 ./Drivers/STM32F4xx_HAL_Driver/Src/stm32f4xx_hal_rcc.o
                                      0xc50cb (size before relaxing)
 .debug_str     0x00000000000cb88c      0x57f ./Drivers/STM32F4xx_HAL_Driver/Src/stm32f4xx_hal_spi.o
                                      0xc556d (size before relaxing)
 .debug_str     0x00000000000cbe0b      0xdda ./Drivers/STM32F4xx_HAL_Driver/Src/stm32f4xx_hal_tim.o
                                      0xc5ff8 (size before relaxing)
 .debug_str     0x00000000000ccbe5      0x45a ./Drivers/STM32F4xx_HAL_Driver/Src/stm32f4xx_hal_tim_ex.o
                                      0xc57a9 (size before relaxing)
 .debug_str     0x00000000000cd03f      0x5fb ./Drivers/STM32F4xx_HAL_Driver/Src/stm32f4xx_hal_uart.o
                                      0xc5651 (size before relaxing)

.comment        0x0000000000000000       0x53
 .comment       0x0000000000000000       0x53 ./Core/Src/com_FPGA_spi.o
                                         0x54 (size before relaxing)
 .comment       0x0000000000000053       0x54 ./Core/Src/com_M0.o
 .comment       0x0000000000000053       0x54 ./Core/Src/com_pc.o
 .comment       0x0000000000000053       0x54 ./Core/Src/gpio.o
 .comment       0x0000000000000053       0x54 ./Core/Src/lidar.o
 .comment       0x0000000000000053       0x54 ./Core/Src/main.o
 .comment       0x0000000000000053       0x54 ./Core/Src/spi.o
 .comment       0x0000000000000053       0x54 ./Core/Src/stm32f4xx_hal_msp.o
 .comment       0x0000000000000053       0x54 ./Core/Src/stm32f4xx_it.o
 .comment       0x0000000000000053       0x54 ./Core/Src/system_stm32f4xx.o
 .comment       0x0000000000000053       0x54 ./Core/Src/tim.o
 .comment       0x0000000000000053       0x54 ./Core/Src/usart.o
 .comment       0x0000000000000053       0x54 ./Drivers/STM32F4xx_HAL_Driver/Src/stm32f4xx_hal.o
 .comment       0x0000000000000053       0x54 ./Drivers/STM32F4xx_HAL_Driver/Src/stm32f4xx_hal_cortex.o
 .comment       0x0000000000000053       0x54 ./Drivers/STM32F4xx_HAL_Driver/Src/stm32f4xx_hal_dma.o
 .comment       0x0000000000000053       0x54 ./Drivers/STM32F4xx_HAL_Driver/Src/stm32f4xx_hal_gpio.o
 .comment       0x0000000000000053       0x54 ./Drivers/STM32F4xx_HAL_Driver/Src/stm32f4xx_hal_rcc.o
 .comment       0x0000000000000053       0x54 ./Drivers/STM32F4xx_HAL_Driver/Src/stm32f4xx_hal_spi.o
 .comment       0x0000000000000053       0x54 ./Drivers/STM32F4xx_HAL_Driver/Src/stm32f4xx_hal_tim.o
 .comment       0x0000000000000053       0x54 ./Drivers/STM32F4xx_HAL_Driver/Src/stm32f4xx_hal_tim_ex.o
 .comment       0x0000000000000053       0x54 ./Drivers/STM32F4xx_HAL_Driver/Src/stm32f4xx_hal_uart.o

.debug_frame    0x0000000000000000     0x40a4
 .debug_frame   0x0000000000000000      0x228 ./Core/Src/com_FPGA_spi.o
 .debug_frame   0x0000000000000228       0x48 ./Core/Src/com_M0.o
 .debug_frame   0x0000000000000270       0x94 ./Core/Src/com_pc.o
 .debug_frame   0x0000000000000304       0x38 ./Core/Src/gpio.o
 .debug_frame   0x000000000000033c      0x188 ./Core/Src/lidar.o
 .debug_frame   0x00000000000004c4       0x68 ./Core/Src/main.o
 .debug_frame   0x000000000000052c       0x74 ./Core/Src/spi.o
 .debug_frame   0x00000000000005a0       0x34 ./Core/Src/stm32f4xx_hal_msp.o
 .debug_frame   0x00000000000005d4      0x174 ./Core/Src/stm32f4xx_it.o
 .debug_frame   0x0000000000000748       0x58 ./Core/Src/system_stm32f4xx.o
 .debug_frame   0x00000000000007a0       0xa8 ./Core/Src/tim.o
 .debug_frame   0x0000000000000848       0xac ./Core/Src/usart.o
 .debug_frame   0x00000000000008f4      0x374 ./Drivers/STM32F4xx_HAL_Driver/Src/stm32f4xx_hal.o
 .debug_frame   0x0000000000000c68      0x498 ./Drivers/STM32F4xx_HAL_Driver/Src/stm32f4xx_hal_cortex.o
 .debug_frame   0x0000000000001100      0x250 ./Drivers/STM32F4xx_HAL_Driver/Src/stm32f4xx_hal_dma.o
 .debug_frame   0x0000000000001350      0x14c ./Drivers/STM32F4xx_HAL_Driver/Src/stm32f4xx_hal_gpio.o
 .debug_frame   0x000000000000149c      0x1f0 ./Drivers/STM32F4xx_HAL_Driver/Src/stm32f4xx_hal_rcc.o
 .debug_frame   0x000000000000168c      0x824 ./Drivers/STM32F4xx_HAL_Driver/Src/stm32f4xx_hal_spi.o
 .debug_frame   0x0000000000001eb0     0x11c4 ./Drivers/STM32F4xx_HAL_Driver/Src/stm32f4xx_hal_tim.o
 .debug_frame   0x0000000000003074      0x638 ./Drivers/STM32F4xx_HAL_Driver/Src/stm32f4xx_hal_tim_ex.o
 .debug_frame   0x00000000000036ac      0x92c ./Drivers/STM32F4xx_HAL_Driver/Src/stm32f4xx_hal_uart.o
 .debug_frame   0x0000000000003fd8       0x2c c:/program files (x86)/stm32cubeide_1.7.0/stm32cubeide/plugins/com.st.stm32cube.ide.mcu.externaltools.gnu-tools-for-stm32.9-2020-q2-update.win32_2.0.0.202105311346/tools/bin/../lib/gcc/arm-none-eabi/9.3.1/../../../../arm-none-eabi/lib/thumb/v7e-m+fp/hard\libc_nano.a(lib_a-init.o)
 .debug_frame   0x0000000000004004       0x20 c:/program files (x86)/stm32cubeide_1.7.0/stm32cubeide/plugins/com.st.stm32cube.ide.mcu.externaltools.gnu-tools-for-stm32.9-2020-q2-update.win32_2.0.0.202105311346/tools/bin/../lib/gcc/arm-none-eabi/9.3.1/../../../../arm-none-eabi/lib/thumb/v7e-m+fp/hard\libc_nano.a(lib_a-memset.o)
 .debug_frame   0x0000000000004024       0x20 c:/program files (x86)/stm32cubeide_1.7.0/stm32cubeide/plugins/com.st.stm32cube.ide.mcu.externaltools.gnu-tools-for-stm32.9-2020-q2-update.win32_2.0.0.202105311346/tools/bin/../lib/gcc/arm-none-eabi/9.3.1/../../../../arm-none-eabi/lib/thumb/v7e-m+fp/hard\libc_nano.a(lib_a-strcpy.o)
 .debug_frame   0x0000000000004044       0x2c c:/program files (x86)/stm32cubeide_1.7.0/stm32cubeide/plugins/com.st.stm32cube.ide.mcu.externaltools.gnu-tools-for-stm32.9-2020-q2-update.win32_2.0.0.202105311346/tools/bin/../lib/gcc/arm-none-eabi/9.3.1/thumb/v7e-m+fp/hard\libgcc.a(_aeabi_uldivmod.o)
 .debug_frame   0x0000000000004070       0x34 c:/program files (x86)/stm32cubeide_1.7.0/stm32cubeide/plugins/com.st.stm32cube.ide.mcu.externaltools.gnu-tools-for-stm32.9-2020-q2-update.win32_2.0.0.202105311346/tools/bin/../lib/gcc/arm-none-eabi/9.3.1/thumb/v7e-m+fp/hard\libgcc.a(_udivmoddi4.o)
