Archive member included to satisfy reference by file (symbol)

c:/program files (x86)/stm32cubeide_1.7.0/stm32cubeide/plugins/com.st.stm32cube.ide.mcu.externaltools.gnu-tools-for-stm32.9-2020-q2-update.win32_2.0.0.202105311346/tools/bin/../lib/gcc/arm-none-eabi/9.3.1/../../../../arm-none-eabi/lib/thumb/v7e-m+fp/hard\libc_nano.a(lib_a-errno.o)
                              ./Core/Src/syscalls.o (__errno)
c:/program files (x86)/stm32cubeide_1.7.0/stm32cubeide/plugins/com.st.stm32cube.ide.mcu.externaltools.gnu-tools-for-stm32.9-2020-q2-update.win32_2.0.0.202105311346/tools/bin/../lib/gcc/arm-none-eabi/9.3.1/../../../../arm-none-eabi/lib/thumb/v7e-m+fp/hard\libc_nano.a(lib_a-exit.o)
                              c:/program files (x86)/stm32cubeide_1.7.0/stm32cubeide/plugins/com.st.stm32cube.ide.mcu.externaltools.gnu-tools-for-stm32.9-2020-q2-update.win32_2.0.0.202105311346/tools/bin/../lib/gcc/arm-none-eabi/9.3.1/../../../../arm-none-eabi/lib/thumb/v7e-m+fp/hard/crt0.o (exit)
c:/program files (x86)/stm32cubeide_1.7.0/stm32cubeide/plugins/com.st.stm32cube.ide.mcu.externaltools.gnu-tools-for-stm32.9-2020-q2-update.win32_2.0.0.202105311346/tools/bin/../lib/gcc/arm-none-eabi/9.3.1/../../../../arm-none-eabi/lib/thumb/v7e-m+fp/hard\libc_nano.a(lib_a-impure.o)
                              c:/program files (x86)/stm32cubeide_1.7.0/stm32cubeide/plugins/com.st.stm32cube.ide.mcu.externaltools.gnu-tools-for-stm32.9-2020-q2-update.win32_2.0.0.202105311346/tools/bin/../lib/gcc/arm-none-eabi/9.3.1/../../../../arm-none-eabi/lib/thumb/v7e-m+fp/hard\libc_nano.a(lib_a-exit.o) (_global_impure_ptr)
c:/program files (x86)/stm32cubeide_1.7.0/stm32cubeide/plugins/com.st.stm32cube.ide.mcu.externaltools.gnu-tools-for-stm32.9-2020-q2-update.win32_2.0.0.202105311346/tools/bin/../lib/gcc/arm-none-eabi/9.3.1/../../../../arm-none-eabi/lib/thumb/v7e-m+fp/hard\libc_nano.a(lib_a-init.o)
                              c:/program files (x86)/stm32cubeide_1.7.0/stm32cubeide/plugins/com.st.stm32cube.ide.mcu.externaltools.gnu-tools-for-stm32.9-2020-q2-update.win32_2.0.0.202105311346/tools/bin/../lib/gcc/arm-none-eabi/9.3.1/../../../../arm-none-eabi/lib/thumb/v7e-m+fp/hard/crt0.o (__libc_init_array)
c:/program files (x86)/stm32cubeide_1.7.0/stm32cubeide/plugins/com.st.stm32cube.ide.mcu.externaltools.gnu-tools-for-stm32.9-2020-q2-update.win32_2.0.0.202105311346/tools/bin/../lib/gcc/arm-none-eabi/9.3.1/../../../../arm-none-eabi/lib/thumb/v7e-m+fp/hard\libc_nano.a(lib_a-memset.o)
                              c:/program files (x86)/stm32cubeide_1.7.0/stm32cubeide/plugins/com.st.stm32cube.ide.mcu.externaltools.gnu-tools-for-stm32.9-2020-q2-update.win32_2.0.0.202105311346/tools/bin/../lib/gcc/arm-none-eabi/9.3.1/../../../../arm-none-eabi/lib/thumb/v7e-m+fp/hard/crt0.o (memset)
c:/program files (x86)/stm32cubeide_1.7.0/stm32cubeide/plugins/com.st.stm32cube.ide.mcu.externaltools.gnu-tools-for-stm32.9-2020-q2-update.win32_2.0.0.202105311346/tools/bin/../lib/gcc/arm-none-eabi/9.3.1/../../../../arm-none-eabi/lib/thumb/v7e-m+fp/hard\libc_nano.a(lib_a-strcmp.o)
                              ./Core/Src/com_pc.o (strcmp)
c:/program files (x86)/stm32cubeide_1.7.0/stm32cubeide/plugins/com.st.stm32cube.ide.mcu.externaltools.gnu-tools-for-stm32.9-2020-q2-update.win32_2.0.0.202105311346/tools/bin/../lib/gcc/arm-none-eabi/9.3.1/../../../../arm-none-eabi/lib/thumb/v7e-m+fp/hard\libc_nano.a(lib_a-strcpy.o)
                              ./Core/Src/com_pc.o (strcpy)
c:/program files (x86)/stm32cubeide_1.7.0/stm32cubeide/plugins/com.st.stm32cube.ide.mcu.externaltools.gnu-tools-for-stm32.9-2020-q2-update.win32_2.0.0.202105311346/tools/bin/../lib/gcc/arm-none-eabi/9.3.1/thumb/v7e-m+fp/hard\libgcc.a(_aeabi_uldivmod.o)
                              ./Drivers/STM32F4xx_HAL_Driver/Src/stm32f4xx_hal_rcc.o (__aeabi_uldivmod)
c:/program files (x86)/stm32cubeide_1.7.0/stm32cubeide/plugins/com.st.stm32cube.ide.mcu.externaltools.gnu-tools-for-stm32.9-2020-q2-update.win32_2.0.0.202105311346/tools/bin/../lib/gcc/arm-none-eabi/9.3.1/thumb/v7e-m+fp/hard\libgcc.a(_udivmoddi4.o)
                              c:/program files (x86)/stm32cubeide_1.7.0/stm32cubeide/plugins/com.st.stm32cube.ide.mcu.externaltools.gnu-tools-for-stm32.9-2020-q2-update.win32_2.0.0.202105311346/tools/bin/../lib/gcc/arm-none-eabi/9.3.1/thumb/v7e-m+fp/hard\libgcc.a(_aeabi_uldivmod.o) (__udivmoddi4)
c:/program files (x86)/stm32cubeide_1.7.0/stm32cubeide/plugins/com.st.stm32cube.ide.mcu.externaltools.gnu-tools-for-stm32.9-2020-q2-update.win32_2.0.0.202105311346/tools/bin/../lib/gcc/arm-none-eabi/9.3.1/thumb/v7e-m+fp/hard\libgcc.a(_dvmd_tls.o)
                              c:/program files (x86)/stm32cubeide_1.7.0/stm32cubeide/plugins/com.st.stm32cube.ide.mcu.externaltools.gnu-tools-for-stm32.9-2020-q2-update.win32_2.0.0.202105311346/tools/bin/../lib/gcc/arm-none-eabi/9.3.1/thumb/v7e-m+fp/hard\libgcc.a(_aeabi_uldivmod.o) (__aeabi_ldiv0)

Allocating common symbols
Common symbol       size              file

[...]
Memory Configuration

Name             Origin             Length             Attributes
CCMRAM           0x0000000010000000 0x0000000000010000 xrw
RAM              0x0000000020000000 0x0000000000020000 xrw
FLASH            0x0000000008000000 0x0000000000100000 xr
*default*        0x0000000000000000 0xffffffffffffffff

Linker script and memory map

LOAD c:/program files (x86)/stm32cubeide_1.7.0/stm32cubeide/plugins/com.st.stm32cube.ide.mcu.externaltools.gnu-tools-for-stm32.9-2020-q2-update.win32_2.0.0.202105311346/tools/bin/../lib/gcc/arm-none-eabi/9.3.1/thumb/v7e-m+fp/hard/crti.o
LOAD c:/program files (x86)/stm32cubeide_1.7.0/stm32cubeide/plugins/com.st.stm32cube.ide.mcu.externaltools.gnu-tools-for-stm32.9-2020-q2-update.win32_2.0.0.202105311346/tools/bin/../lib/gcc/arm-none-eabi/9.3.1/thumb/v7e-m+fp/hard/crtbegin.o
LOAD c:/program files (x86)/stm32cubeide_1.7.0/stm32cubeide/plugins/com.st.stm32cube.ide.mcu.externaltools.gnu-tools-for-stm32.9-2020-q2-update.win32_2.0.0.202105311346/tools/bin/../lib/gcc/arm-none-eabi/9.3.1/../../../../arm-none-eabi/lib/thumb/v7e-m+fp/hard/crt0.o
LOAD ./Core/Src/com_pc.o
LOAD ./Core/Src/gpio.o
LOAD ./Core/Src/lidar.o
LOAD ./Core/Src/main.o
LOAD ./Core/Src/spi_moteur.o
LOAD ./Core/Src/stm32f4xx_hal_msp.o
LOAD ./Core/Src/stm32f4xx_it.o
LOAD ./Core/Src/syscalls.o
LOAD ./Core/Src/sysmem.o
LOAD ./Core/Src/system_stm32f4xx.o
LOAD ./Core/Src/usart.o
LOAD ./Core/Startup/startup_stm32f407vgtx.o
LOAD ./Drivers/STM32F4xx_HAL_Driver/Src/stm32f4xx_hal.o
LOAD ./Drivers/STM32F4xx_HAL_Driver/Src/stm32f4xx_hal_cortex.o
LOAD ./Drivers/STM32F4xx_HAL_Driver/Src/stm32f4xx_hal_dma.o
LOAD ./Drivers/STM32F4xx_HAL_Driver/Src/stm32f4xx_hal_dma_ex.o
LOAD ./Drivers/STM32F4xx_HAL_Driver/Src/stm32f4xx_hal_exti.o
LOAD ./Drivers/STM32F4xx_HAL_Driver/Src/stm32f4xx_hal_flash.o
LOAD ./Drivers/STM32F4xx_HAL_Driver/Src/stm32f4xx_hal_flash_ex.o
LOAD ./Drivers/STM32F4xx_HAL_Driver/Src/stm32f4xx_hal_flash_ramfunc.o
LOAD ./Drivers/STM32F4xx_HAL_Driver/Src/stm32f4xx_hal_gpio.o
LOAD ./Drivers/STM32F4xx_HAL_Driver/Src/stm32f4xx_hal_pwr.o
LOAD ./Drivers/STM32F4xx_HAL_Driver/Src/stm32f4xx_hal_pwr_ex.o
LOAD ./Drivers/STM32F4xx_HAL_Driver/Src/stm32f4xx_hal_rcc.o
LOAD ./Drivers/STM32F4xx_HAL_Driver/Src/stm32f4xx_hal_rcc_ex.o
LOAD ./Drivers/STM32F4xx_HAL_Driver/Src/stm32f4xx_hal_tim.o
LOAD ./Drivers/STM32F4xx_HAL_Driver/Src/stm32f4xx_hal_tim_ex.o
LOAD ./Drivers/STM32F4xx_HAL_Driver/Src/stm32f4xx_hal_uart.o
START GROUP
LOAD c:/program files (x86)/stm32cubeide_1.7.0/stm32cubeide/plugins/com.st.stm32cube.ide.mcu.externaltools.gnu-tools-for-stm32.9-2020-q2-update.win32_2.0.0.202105311346/tools/bin/../lib/gcc/arm-none-eabi/9.3.1/../../../../arm-none-eabi/lib/thumb/v7e-m+fp/hard\libc_nano.a
LOAD c:/program files (x86)/stm32cubeide_1.7.0/stm32cubeide/plugins/com.st.stm32cube.ide.mcu.externaltools.gnu-tools-for-stm32.9-2020-q2-update.win32_2.0.0.202105311346/tools/bin/../lib/gcc/arm-none-eabi/9.3.1/../../../../arm-none-eabi/lib/thumb/v7e-m+fp/hard\libm.a
END GROUP
START GROUP
LOAD c:/program files (x86)/stm32cubeide_1.7.0/stm32cubeide/plugins/com.st.stm32cube.ide.mcu.externaltools.gnu-tools-for-stm32.9-2020-q2-update.win32_2.0.0.202105311346/tools/bin/../lib/gcc/arm-none-eabi/9.3.1/thumb/v7e-m+fp/hard\libgcc.a
LOAD c:/program files (x86)/stm32cubeide_1.7.0/stm32cubeide/plugins/com.st.stm32cube.ide.mcu.externaltools.gnu-tools-for-stm32.9-2020-q2-update.win32_2.0.0.202105311346/tools/bin/../lib/gcc/arm-none-eabi/9.3.1/../../../../arm-none-eabi/lib/thumb/v7e-m+fp/hard\libc_nano.a
END GROUP
START GROUP
LOAD c:/program files (x86)/stm32cubeide_1.7.0/stm32cubeide/plugins/com.st.stm32cube.ide.mcu.externaltools.gnu-tools-for-stm32.9-2020-q2-update.win32_2.0.0.202105311346/tools/bin/../lib/gcc/arm-none-eabi/9.3.1/thumb/v7e-m+fp/hard\libgcc.a
LOAD c:/program files (x86)/stm32cubeide_1.7.0/stm32cubeide/plugins/com.st.stm32cube.ide.mcu.externaltools.gnu-tools-for-stm32.9-2020-q2-update.win32_2.0.0.202105311346/tools/bin/../lib/gcc/arm-none-eabi/9.3.1/../../../../arm-none-eabi/lib/thumb/v7e-m+fp/hard\libc_nano.a
LOAD c:/program files (x86)/stm32cubeide_1.7.0/stm32cubeide/plugins/com.st.stm32cube.ide.mcu.externaltools.gnu-tools-for-stm32.9-2020-q2-update.win32_2.0.0.202105311346/tools/bin/../lib/gcc/arm-none-eabi/9.3.1/../../../../arm-none-eabi/lib/thumb/v7e-m+fp/hard\libnosys.a
END GROUP
START GROUP
LOAD c:/program files (x86)/stm32cubeide_1.7.0/stm32cubeide/plugins/com.st.stm32cube.ide.mcu.externaltools.gnu-tools-for-stm32.9-2020-q2-update.win32_2.0.0.202105311346/tools/bin/../lib/gcc/arm-none-eabi/9.3.1/thumb/v7e-m+fp/hard\libgcc.a
LOAD c:/program files (x86)/stm32cubeide_1.7.0/stm32cubeide/plugins/com.st.stm32cube.ide.mcu.externaltools.gnu-tools-for-stm32.9-2020-q2-update.win32_2.0.0.202105311346/tools/bin/../lib/gcc/arm-none-eabi/9.3.1/../../../../arm-none-eabi/lib/thumb/v7e-m+fp/hard\libc_nano.a
LOAD c:/program files (x86)/stm32cubeide_1.7.0/stm32cubeide/plugins/com.st.stm32cube.ide.mcu.externaltools.gnu-tools-for-stm32.9-2020-q2-update.win32_2.0.0.202105311346/tools/bin/../lib/gcc/arm-none-eabi/9.3.1/../../../../arm-none-eabi/lib/thumb/v7e-m+fp/hard\libnosys.a
END GROUP
LOAD c:/program files (x86)/stm32cubeide_1.7.0/stm32cubeide/plugins/com.st.stm32cube.ide.mcu.externaltools.gnu-tools-for-stm32.9-2020-q2-update.win32_2.0.0.202105311346/tools/bin/../lib/gcc/arm-none-eabi/9.3.1/thumb/v7e-m+fp/hard/crtend.o
LOAD c:/program files (x86)/stm32cubeide_1.7.0/stm32cubeide/plugins/com.st.stm32cube.ide.mcu.externaltools.gnu-tools-for-stm32.9-2020-q2-update.win32_2.0.0.202105311346/tools/bin/../lib/gcc/arm-none-eabi/9.3.1/thumb/v7e-m+fp/hard/crtn.o
                0x0000000020020000                _estack = (ORIGIN (RAM) + LENGTH (RAM))
                0x0000000000000200                _Min_Heap_Size = 0x200
                0x0000000000000400                _Min_Stack_Size = 0x400

.isr_vector     0x0000000008000000      0x188
                0x0000000008000000                . = ALIGN (0x4)
 *(.isr_vector)
 .isr_vector    0x0000000008000000      0x188 ./Core/Startup/startup_stm32f407vgtx.o
                0x0000000008000000                g_pfnVectors
                0x0000000008000188                . = ALIGN (0x4)

.text           0x0000000008000188     0x2d00
                0x0000000008000188                . = ALIGN (0x4)
 *(.text)
 .text          0x0000000008000188       0x40 c:/program files (x86)/stm32cubeide_1.7.0/stm32cubeide/plugins/com.st.stm32cube.ide.mcu.externaltools.gnu-tools-for-stm32.9-2020-q2-update.win32_2.0.0.202105311346/tools/bin/../lib/gcc/arm-none-eabi/9.3.1/thumb/v7e-m+fp/hard/crtbegin.o
 .text          0x00000000080001c8       0x14 c:/program files (x86)/stm32cubeide_1.7.0/stm32cubeide/plugins/com.st.stm32cube.ide.mcu.externaltools.gnu-tools-for-stm32.9-2020-q2-update.win32_2.0.0.202105311346/tools/bin/../lib/gcc/arm-none-eabi/9.3.1/../../../../arm-none-eabi/lib/thumb/v7e-m+fp/hard\libc_nano.a(lib_a-strcmp.o)
                0x00000000080001c8                strcmp
 .text          0x00000000080001dc       0x30 c:/program files (x86)/stm32cubeide_1.7.0/stm32cubeide/plugins/com.st.stm32cube.ide.mcu.externaltools.gnu-tools-for-stm32.9-2020-q2-update.win32_2.0.0.202105311346/tools/bin/../lib/gcc/arm-none-eabi/9.3.1/thumb/v7e-m+fp/hard\libgcc.a(_aeabi_uldivmod.o)
                0x00000000080001dc                __aeabi_uldivmod
 .text          0x000000000800020c      0x2c4 c:/program files (x86)/stm32cubeide_1.7.0/stm32cubeide/plugins/com.st.stm32cube.ide.mcu.externaltools.gnu-tools-for-stm32.9-2020-q2-update.win32_2.0.0.202105311346/tools/bin/../lib/gcc/arm-none-eabi/9.3.1/thumb/v7e-m+fp/hard\libgcc.a(_udivmoddi4.o)
                0x000000000800020c                __udivmoddi4
 .text          0x00000000080004d0        0x4 c:/program files (x86)/stm32cubeide_1.7.0/stm32cubeide/plugins/com.st.stm32cube.ide.mcu.externaltools.gnu-tools-for-stm32.9-2020-q2-update.win32_2.0.0.202105311346/tools/bin/../lib/gcc/arm-none-eabi/9.3.1/thumb/v7e-m+fp/hard\libgcc.a(_dvmd_tls.o)
                0x00000000080004d0                __aeabi_idiv0
                0x00000000080004d0                __aeabi_ldiv0
 *(.text*)
 .text.envoyer_message_pc
                0x00000000080004d4       0x24 ./Core/Src/com_pc.o
                0x00000000080004d4                envoyer_message_pc
 .text.recevoir_message_pc
                0x00000000080004f8       0x54 ./Core/Src/com_pc.o
                0x00000000080004f8                recevoir_message_pc
 .text.MX_GPIO_Init
                0x000000000800054c      0x2bc ./Core/Src/gpio.o
                0x000000000800054c                MX_GPIO_Init
 .text.tests_lidar
                0x0000000008000808        0xc ./Core/Src/lidar.o
                0x0000000008000808                tests_lidar
 .text.lidar_get_info
                0x0000000008000814       0x24 ./Core/Src/lidar.o
                0x0000000008000814                lidar_get_info
 .text.main     0x0000000008000838       0x58 ./Core/Src/main.o
                0x0000000008000838                main
 .text.SystemClock_Config
                0x0000000008000890       0xd4 ./Core/Src/main.o
                0x0000000008000890                SystemClock_Config
 .text.Error_Handler
                0x0000000008000964        0xa ./Core/Src/main.o
                0x0000000008000964                Error_Handler
 *fill*         0x000000000800096e        0x2 
 .text.HAL_MspInit
                0x0000000008000970       0x50 ./Core/Src/stm32f4xx_hal_msp.o
                0x0000000008000970                HAL_MspInit
 .text.NMI_Handler
                0x00000000080009c0        0x6 ./Core/Src/stm32f4xx_it.o
                0x00000000080009c0                NMI_Handler
 .text.HardFault_Handler
                0x00000000080009c6        0x6 ./Core/Src/stm32f4xx_it.o
                0x00000000080009c6                HardFault_Handler
 .text.MemManage_Handler
                0x00000000080009cc        0x6 ./Core/Src/stm32f4xx_it.o
                0x00000000080009cc                MemManage_Handler
 .text.BusFault_Handler
                0x00000000080009d2        0x6 ./Core/Src/stm32f4xx_it.o
                0x00000000080009d2                BusFault_Handler
 .text.UsageFault_Handler
                0x00000000080009d8        0x6 ./Core/Src/stm32f4xx_it.o
                0x00000000080009d8                UsageFault_Handler
 .text.SVC_Handler
                0x00000000080009de        0xe ./Core/Src/stm32f4xx_it.o
                0x00000000080009de                SVC_Handler
 .text.DebugMon_Handler
                0x00000000080009ec        0xe ./Core/Src/stm32f4xx_it.o
                0x00000000080009ec                DebugMon_Handler
 .text.PendSV_Handler
                0x00000000080009fa        0xe ./Core/Src/stm32f4xx_it.o
                0x00000000080009fa                PendSV_Handler
 .text.SysTick_Handler
                0x0000000008000a08        0xc ./Core/Src/stm32f4xx_it.o
                0x0000000008000a08                SysTick_Handler
 .text.USART2_IRQHandler
                0x0000000008000a14       0x28 ./Core/Src/stm32f4xx_it.o
                0x0000000008000a14                USART2_IRQHandler
 .text.USART3_IRQHandler
                0x0000000008000a3c       0x28 ./Core/Src/stm32f4xx_it.o
                0x0000000008000a3c                USART3_IRQHandler
 .text.SystemInit
                0x0000000008000a64       0x24 ./Core/Src/system_stm32f4xx.o
                0x0000000008000a64                SystemInit
 .text.MX_USART2_UART_Init
                0x0000000008000a88       0x54 ./Core/Src/usart.o
                0x0000000008000a88                MX_USART2_UART_Init
 .text.MX_USART3_UART_Init
                0x0000000008000adc       0x54 ./Core/Src/usart.o
                0x0000000008000adc                MX_USART3_UART_Init
 .text.HAL_UART_MspInit
                0x0000000008000b30      0x160 ./Core/Src/usart.o
                0x0000000008000b30                HAL_UART_MspInit
 .text.uart_lidar_recieve
                0x0000000008000c90       0x84 ./Core/Src/usart.o
                0x0000000008000c90                uart_lidar_recieve
 .text.Reset_Handler
                0x0000000008000d14       0x50 ./Core/Startup/startup_stm32f407vgtx.o
                0x0000000008000d14                Reset_Handler
 .text.Default_Handler
                0x0000000008000d64        0x2 ./Core/Startup/startup_stm32f407vgtx.o
                0x0000000008000d64                RTC_Alarm_IRQHandler
                0x0000000008000d64                HASH_RNG_IRQHandler
                0x0000000008000d64                EXTI2_IRQHandler
                0x0000000008000d64                TIM8_CC_IRQHandler
                0x0000000008000d64                TIM1_CC_IRQHandler
                0x0000000008000d64                DMA2_Stream5_IRQHandler
                0x0000000008000d64                DMA1_Stream5_IRQHandler
                0x0000000008000d64                PVD_IRQHandler
                0x0000000008000d64                SDIO_IRQHandler
                0x0000000008000d64                TAMP_STAMP_IRQHandler
                0x0000000008000d64                CAN2_RX1_IRQHandler
                0x0000000008000d64                EXTI3_IRQHandler
                0x0000000008000d64                TIM8_TRG_COM_TIM14_IRQHandler
                0x0000000008000d64                TIM1_UP_TIM10_IRQHandler
                0x0000000008000d64                TIM8_UP_TIM13_IRQHandler
                0x0000000008000d64                I2C3_ER_IRQHandler
                0x0000000008000d64                EXTI0_IRQHandler
                0x0000000008000d64                I2C2_EV_IRQHandler
                0x0000000008000d64                DMA1_Stream2_IRQHandler
                0x0000000008000d64                CAN1_RX0_IRQHandler
                0x0000000008000d64                FPU_IRQHandler
                0x0000000008000d64                OTG_HS_WKUP_IRQHandler
                0x0000000008000d64                CAN2_SCE_IRQHandler
                0x0000000008000d64                DMA2_Stream2_IRQHandler
                0x0000000008000d64                SPI1_IRQHandler
                0x0000000008000d64                TIM6_DAC_IRQHandler
                0x0000000008000d64                TIM1_BRK_TIM9_IRQHandler
                0x0000000008000d64                DCMI_IRQHandler
                0x0000000008000d64                CAN2_RX0_IRQHandler
                0x0000000008000d64                DMA2_Stream3_IRQHandler
                0x0000000008000d64                USART6_IRQHandler
                0x0000000008000d64                CAN1_RX1_IRQHandler
                0x0000000008000d64                UART5_IRQHandler
                0x0000000008000d64                DMA2_Stream0_IRQHandler
                0x0000000008000d64                TIM4_IRQHandler
                0x0000000008000d64                I2C1_EV_IRQHandler
                0x0000000008000d64                DMA1_Stream6_IRQHandler
                0x0000000008000d64                DMA1_Stream1_IRQHandler
                0x0000000008000d64                UART4_IRQHandler
                0x0000000008000d64                TIM3_IRQHandler
                0x0000000008000d64                RCC_IRQHandler
                0x0000000008000d64                TIM8_BRK_TIM12_IRQHandler
                0x0000000008000d64                Default_Handler
                0x0000000008000d64                EXTI15_10_IRQHandler
                0x0000000008000d64                ADC_IRQHandler
                0x0000000008000d64                DMA1_Stream7_IRQHandler
                0x0000000008000d64                TIM7_IRQHandler
                0x0000000008000d64                CAN2_TX_IRQHandler
                0x0000000008000d64                TIM5_IRQHandler
                0x0000000008000d64                DMA2_Stream7_IRQHandler
                0x0000000008000d64                I2C3_EV_IRQHandler
                0x0000000008000d64                EXTI9_5_IRQHandler
                0x0000000008000d64                RTC_WKUP_IRQHandler
                0x0000000008000d64                ETH_WKUP_IRQHandler
                0x0000000008000d64                SPI2_IRQHandler
                0x0000000008000d64                OTG_HS_EP1_IN_IRQHandler
                0x0000000008000d64                DMA1_Stream0_IRQHandler
                0x0000000008000d64                CAN1_TX_IRQHandler
                0x0000000008000d64                EXTI4_IRQHandler
                0x0000000008000d64                FSMC_IRQHandler
                0x0000000008000d64                ETH_IRQHandler
                0x0000000008000d64                OTG_HS_EP1_OUT_IRQHandler
                0x0000000008000d64                WWDG_IRQHandler
                0x0000000008000d64                TIM2_IRQHandler
                0x0000000008000d64                OTG_FS_WKUP_IRQHandler
                0x0000000008000d64                TIM1_TRG_COM_TIM11_IRQHandler
                0x0000000008000d64                OTG_HS_IRQHandler
                0x0000000008000d64                EXTI1_IRQHandler
                0x0000000008000d64                I2C2_ER_IRQHandler
                0x0000000008000d64                DMA2_Stream1_IRQHandler
                0x0000000008000d64                CAN1_SCE_IRQHandler
                0x0000000008000d64                FLASH_IRQHandler
                0x0000000008000d64                DMA2_Stream4_IRQHandler
                0x0000000008000d64                USART1_IRQHandler
                0x0000000008000d64                OTG_FS_IRQHandler
                0x0000000008000d64                SPI3_IRQHandler
                0x0000000008000d64                DMA1_Stream4_IRQHandler
                0x0000000008000d64                I2C1_ER_IRQHandler
                0x0000000008000d64                DMA2_Stream6_IRQHandler
                0x0000000008000d64                DMA1_Stream3_IRQHandler
 *fill*         0x0000000008000d66        0x2 
 .text.HAL_Init
                0x0000000008000d68       0x44 ./Drivers/STM32F4xx_HAL_Driver/Src/stm32f4xx_hal.o
                0x0000000008000d68                HAL_Init
 .text.HAL_InitTick
                0x0000000008000dac       0x60 ./Drivers/STM32F4xx_HAL_Driver/Src/stm32f4xx_hal.o
                0x0000000008000dac                HAL_InitTick
 .text.HAL_IncTick
                0x0000000008000e0c       0x28 ./Drivers/STM32F4xx_HAL_Driver/Src/stm32f4xx_hal.o
                0x0000000008000e0c                HAL_IncTick
 .text.HAL_GetTick
                0x0000000008000e34       0x18 ./Drivers/STM32F4xx_HAL_Driver/Src/stm32f4xx_hal.o
                0x0000000008000e34                HAL_GetTick
 .text.HAL_Delay
                0x0000000008000e4c       0x48 ./Drivers/STM32F4xx_HAL_Driver/Src/stm32f4xx_hal.o
                0x0000000008000e4c                HAL_Delay
 .text.__NVIC_SetPriorityGrouping
                0x0000000008000e94       0x48 ./Drivers/STM32F4xx_HAL_Driver/Src/stm32f4xx_hal_cortex.o
 .text.__NVIC_GetPriorityGrouping
                0x0000000008000edc       0x1c ./Drivers/STM32F4xx_HAL_Driver/Src/stm32f4xx_hal_cortex.o
 .text.__NVIC_EnableIRQ
                0x0000000008000ef8       0x3c ./Drivers/STM32F4xx_HAL_Driver/Src/stm32f4xx_hal_cortex.o
 .text.__NVIC_SetPriority
                0x0000000008000f34       0x54 ./Drivers/STM32F4xx_HAL_Driver/Src/stm32f4xx_hal_cortex.o
 .text.NVIC_EncodePriority
                0x0000000008000f88       0x66 ./Drivers/STM32F4xx_HAL_Driver/Src/stm32f4xx_hal_cortex.o
 *fill*         0x0000000008000fee        0x2 
 .text.SysTick_Config
                0x0000000008000ff0       0x44 ./Drivers/STM32F4xx_HAL_Driver/Src/stm32f4xx_hal_cortex.o
 .text.HAL_NVIC_SetPriorityGrouping
                0x0000000008001034       0x16 ./Drivers/STM32F4xx_HAL_Driver/Src/stm32f4xx_hal_cortex.o
                0x0000000008001034                HAL_NVIC_SetPriorityGrouping
 .text.HAL_NVIC_SetPriority
                0x000000000800104a       0x38 ./Drivers/STM32F4xx_HAL_Driver/Src/stm32f4xx_hal_cortex.o
                0x000000000800104a                HAL_NVIC_SetPriority
 .text.HAL_NVIC_EnableIRQ
                0x0000000008001082       0x1c ./Drivers/STM32F4xx_HAL_Driver/Src/stm32f4xx_hal_cortex.o
                0x0000000008001082                HAL_NVIC_EnableIRQ
 .text.HAL_SYSTICK_Config
                0x000000000800109e       0x18 ./Drivers/STM32F4xx_HAL_Driver/Src/stm32f4xx_hal_cortex.o
                0x000000000800109e                HAL_SYSTICK_Config
 .text.HAL_DMA_Abort
                0x00000000080010b6       0xe0 ./Drivers/STM32F4xx_HAL_Driver/Src/stm32f4xx_hal_dma.o
                0x00000000080010b6                HAL_DMA_Abort
 .text.HAL_DMA_Abort_IT
                0x0000000008001196       0x44 ./Drivers/STM32F4xx_HAL_Driver/Src/stm32f4xx_hal_dma.o
                0x0000000008001196                HAL_DMA_Abort_IT
 *fill*         0x00000000080011da        0x2 
 .text.HAL_GPIO_Init
                0x00000000080011dc      0x338 ./Drivers/STM32F4xx_HAL_Driver/Src/stm32f4xx_hal_gpio.o
                0x00000000080011dc                HAL_GPIO_Init
 .text.HAL_GPIO_WritePin
                0x0000000008001514       0x32 ./Drivers/STM32F4xx_HAL_Driver/Src/stm32f4xx_hal_gpio.o
                0x0000000008001514                HAL_GPIO_WritePin
 .text.HAL_GPIO_TogglePin
                0x0000000008001546       0x34 ./Drivers/STM32F4xx_HAL_Driver/Src/stm32f4xx_hal_gpio.o
                0x0000000008001546                HAL_GPIO_TogglePin
 *fill*         0x000000000800157a        0x2 
 .text.HAL_RCC_OscConfig
                0x000000000800157c      0x4f0 ./Drivers/STM32F4xx_HAL_Driver/Src/stm32f4xx_hal_rcc.o
                0x000000000800157c                HAL_RCC_OscConfig
 .text.HAL_RCC_ClockConfig
                0x0000000008001a6c      0x1cc ./Drivers/STM32F4xx_HAL_Driver/Src/stm32f4xx_hal_rcc.o
                0x0000000008001a6c                HAL_RCC_ClockConfig
 .text.HAL_RCC_GetSysClockFreq
                0x0000000008001c38      0x1c4 ./Drivers/STM32F4xx_HAL_Driver/Src/stm32f4xx_hal_rcc.o
                0x0000000008001c38                HAL_RCC_GetSysClockFreq
 .text.HAL_RCC_GetHCLKFreq
                0x0000000008001dfc       0x18 ./Drivers/STM32F4xx_HAL_Driver/Src/stm32f4xx_hal_rcc.o
                0x0000000008001dfc                HAL_RCC_GetHCLKFreq
 .text.HAL_RCC_GetPCLK1Freq
                0x0000000008001e14       0x28 ./Drivers/STM32F4xx_HAL_Driver/Src/stm32f4xx_hal_rcc.o
                0x0000000008001e14                HAL_RCC_GetPCLK1Freq
 .text.HAL_RCC_GetPCLK2Freq
                0x0000000008001e3c       0x28 ./Drivers/STM32F4xx_HAL_Driver/Src/stm32f4xx_hal_rcc.o
                0x0000000008001e3c                HAL_RCC_GetPCLK2Freq
 .text.HAL_UART_Init
                0x0000000008001e64       0x9a ./Drivers/STM32F4xx_HAL_Driver/Src/stm32f4xx_hal_uart.o
                0x0000000008001e64                HAL_UART_Init
 .text.HAL_UART_Transmit
                0x0000000008001efe      0x124 ./Drivers/STM32F4xx_HAL_Driver/Src/stm32f4xx_hal_uart.o
                0x0000000008001efe                HAL_UART_Transmit
 .text.HAL_UART_Receive_IT
                0x0000000008002022       0x60 ./Drivers/STM32F4xx_HAL_Driver/Src/stm32f4xx_hal_uart.o
                0x0000000008002022                HAL_UART_Receive_IT
 *fill*         0x0000000008002082        0x2 
 .text.HAL_UART_IRQHandler
                0x0000000008002084      0x51c ./Drivers/STM32F4xx_HAL_Driver/Src/stm32f4xx_hal_uart.o
                0x0000000008002084                HAL_UART_IRQHandler
 .text.HAL_UART_TxCpltCallback
                0x00000000080025a0       0x14 ./Drivers/STM32F4xx_HAL_Driver/Src/stm32f4xx_hal_uart.o
                0x00000000080025a0                HAL_UART_TxCpltCallback
 .text.HAL_UART_RxCpltCallback
                0x00000000080025b4       0x14 ./Drivers/STM32F4xx_HAL_Driver/Src/stm32f4xx_hal_uart.o
                0x00000000080025b4                HAL_UART_RxCpltCallback
 .text.HAL_UART_ErrorCallback
                0x00000000080025c8       0x14 ./Drivers/STM32F4xx_HAL_Driver/Src/stm32f4xx_hal_uart.o
                0x00000000080025c8                HAL_UART_ErrorCallback
 .text.HAL_UARTEx_RxEventCallback
                0x00000000080025dc       0x18 ./Drivers/STM32F4xx_HAL_Driver/Src/stm32f4xx_hal_uart.o
                0x00000000080025dc                HAL_UARTEx_RxEventCallback
 .text.UART_WaitOnFlagUntilTimeout
                0x00000000080025f4       0xdc ./Drivers/STM32F4xx_HAL_Driver/Src/stm32f4xx_hal_uart.o
 .text.UART_Start_Receive_IT
                0x00000000080026d0       0x74 ./Drivers/STM32F4xx_HAL_Driver/Src/stm32f4xx_hal_uart.o
                0x00000000080026d0                UART_Start_Receive_IT
 .text.UART_EndRxTransfer
                0x0000000008002744       0xc6 ./Drivers/STM32F4xx_HAL_Driver/Src/stm32f4xx_hal_uart.o
 .text.UART_DMAAbortOnError
                0x000000000800280a       0x28 ./Drivers/STM32F4xx_HAL_Driver/Src/stm32f4xx_hal_uart.o
 .text.UART_Transmit_IT
                0x0000000008002832       0xa0 ./Drivers/STM32F4xx_HAL_Driver/Src/stm32f4xx_hal_uart.o
 .text.UART_EndTransmit_IT
                0x00000000080028d2       0x30 ./Drivers/STM32F4xx_HAL_Driver/Src/stm32f4xx_hal_uart.o
 .text.UART_Receive_IT
                0x0000000008002902      0x176 ./Drivers/STM32F4xx_HAL_Driver/Src/stm32f4xx_hal_uart.o
 .text.UART_SetConfig
                0x0000000008002a78      0x390 ./Drivers/STM32F4xx_HAL_Driver/Src/stm32f4xx_hal_uart.o
 .text.__libc_init_array
                0x0000000008002e08       0x48 c:/program files (x86)/stm32cubeide_1.7.0/stm32cubeide/plugins/com.st.stm32cube.ide.mcu.externaltools.gnu-tools-for-stm32.9-2020-q2-update.win32_2.0.0.202105311346/tools/bin/../lib/gcc/arm-none-eabi/9.3.1/../../../../arm-none-eabi/lib/thumb/v7e-m+fp/hard\libc_nano.a(lib_a-init.o)
                0x0000000008002e08                __libc_init_array
 .text.memset   0x0000000008002e50       0x10 c:/program files (x86)/stm32cubeide_1.7.0/stm32cubeide/plugins/com.st.stm32cube.ide.mcu.externaltools.gnu-tools-for-stm32.9-2020-q2-update.win32_2.0.0.202105311346/tools/bin/../lib/gcc/arm-none-eabi/9.3.1/../../../../arm-none-eabi/lib/thumb/v7e-m+fp/hard\libc_nano.a(lib_a-memset.o)
                0x0000000008002e50                memset
 .text.strcpy   0x0000000008002e60       0x10 c:/program files (x86)/stm32cubeide_1.7.0/stm32cubeide/plugins/com.st.stm32cube.ide.mcu.externaltools.gnu-tools-for-stm32.9-2020-q2-update.win32_2.0.0.202105311346/tools/bin/../lib/gcc/arm-none-eabi/9.3.1/../../../../arm-none-eabi/lib/thumb/v7e-m+fp/hard\libc_nano.a(lib_a-strcpy.o)
                0x0000000008002e60                strcpy
 *(.glue_7)
 .glue_7        0x0000000008002e70        0x0 linker stubs
 *(.glue_7t)
 .glue_7t       0x0000000008002e70        0x0 linker stubs
 *(.eh_frame)
 .eh_frame      0x0000000008002e70        0x0 c:/program files (x86)/stm32cubeide_1.7.0/stm32cubeide/plugins/com.st.stm32cube.ide.mcu.externaltools.gnu-tools-for-stm32.9-2020-q2-update.win32_2.0.0.202105311346/tools/bin/../lib/gcc/arm-none-eabi/9.3.1/thumb/v7e-m+fp/hard/crtbegin.o
 *(.init)
 .init          0x0000000008002e70        0x4 c:/program files (x86)/stm32cubeide_1.7.0/stm32cubeide/plugins/com.st.stm32cube.ide.mcu.externaltools.gnu-tools-for-stm32.9-2020-q2-update.win32_2.0.0.202105311346/tools/bin/../lib/gcc/arm-none-eabi/9.3.1/thumb/v7e-m+fp/hard/crti.o
                0x0000000008002e70                _init
 .init          0x0000000008002e74        0x8 c:/program files (x86)/stm32cubeide_1.7.0/stm32cubeide/plugins/com.st.stm32cube.ide.mcu.externaltools.gnu-tools-for-stm32.9-2020-q2-update.win32_2.0.0.202105311346/tools/bin/../lib/gcc/arm-none-eabi/9.3.1/thumb/v7e-m+fp/hard/crtn.o
 *(.fini)
 .fini          0x0000000008002e7c        0x4 c:/program files (x86)/stm32cubeide_1.7.0/stm32cubeide/plugins/com.st.stm32cube.ide.mcu.externaltools.gnu-tools-for-stm32.9-2020-q2-update.win32_2.0.0.202105311346/tools/bin/../lib/gcc/arm-none-eabi/9.3.1/thumb/v7e-m+fp/hard/crti.o
                0x0000000008002e7c                _fini
 .fini          0x0000000008002e80        0x8 c:/program files (x86)/stm32cubeide_1.7.0/stm32cubeide/plugins/com.st.stm32cube.ide.mcu.externaltools.gnu-tools-for-stm32.9-2020-q2-update.win32_2.0.0.202105311346/tools/bin/../lib/gcc/arm-none-eabi/9.3.1/thumb/v7e-m+fp/hard/crtn.o
                0x0000000008002e88                . = ALIGN (0x4)
                0x0000000008002e88                _etext = .

.vfp11_veneer   0x0000000008002e88        0x0
 .vfp11_veneer  0x0000000008002e88        0x0 linker stubs

.v4_bx          0x0000000008002e88        0x0
 .v4_bx         0x0000000008002e88        0x0 linker stubs

.iplt           0x0000000008002e88        0x0
 .iplt          0x0000000008002e88        0x0 c:/program files (x86)/stm32cubeide_1.7.0/stm32cubeide/plugins/com.st.stm32cube.ide.mcu.externaltools.gnu-tools-for-stm32.9-2020-q2-update.win32_2.0.0.202105311346/tools/bin/../lib/gcc/arm-none-eabi/9.3.1/thumb/v7e-m+fp/hard/crtbegin.o

.rodata         0x0000000008002e88       0x30
                0x0000000008002e88                . = ALIGN (0x4)
 *(.rodata)
 .rodata        0x0000000008002e88       0x16 ./Core/Src/com_pc.o
 *(.rodata*)
 *fill*         0x0000000008002e9e        0x2 
 .rodata.AHBPrescTable
                0x0000000008002ea0       0x10 ./Core/Src/system_stm32f4xx.o
                0x0000000008002ea0                AHBPrescTable
 .rodata.APBPrescTable
                0x0000000008002eb0        0x8 ./Core/Src/system_stm32f4xx.o
                0x0000000008002eb0                APBPrescTable
                0x0000000008002eb8                . = ALIGN (0x4)

.ARM.extab      0x0000000008002eb8        0x0
                0x0000000008002eb8                . = ALIGN (0x4)
 *(.ARM.extab* .gnu.linkonce.armextab.*)
                0x0000000008002eb8                . = ALIGN (0x4)

.ARM            0x0000000008002eb8        0x8
                0x0000000008002eb8                . = ALIGN (0x4)
                0x0000000008002eb8                __exidx_start = .
 *(.ARM.exidx*)
 .ARM.exidx     0x0000000008002eb8        0x8 c:/program files (x86)/stm32cubeide_1.7.0/stm32cubeide/plugins/com.st.stm32cube.ide.mcu.externaltools.gnu-tools-for-stm32.9-2020-q2-update.win32_2.0.0.202105311346/tools/bin/../lib/gcc/arm-none-eabi/9.3.1/thumb/v7e-m+fp/hard\libgcc.a(_udivmoddi4.o)
                0x0000000008002ec0                __exidx_end = .
                0x0000000008002ec0                . = ALIGN (0x4)

.rel.dyn        0x0000000008002ec0        0x0
 .rel.iplt      0x0000000008002ec0        0x0 c:/program files (x86)/stm32cubeide_1.7.0/stm32cubeide/plugins/com.st.stm32cube.ide.mcu.externaltools.gnu-tools-for-stm32.9-2020-q2-update.win32_2.0.0.202105311346/tools/bin/../lib/gcc/arm-none-eabi/9.3.1/thumb/v7e-m+fp/hard/crtbegin.o

.preinit_array  0x0000000008002ec0        0x0
                0x0000000008002ec0                . = ALIGN (0x4)
                0x0000000008002ec0                PROVIDE (__preinit_array_start = .)
 *(.preinit_array*)
                0x0000000008002ec0                PROVIDE (__preinit_array_end = .)
                0x0000000008002ec0                . = ALIGN (0x4)

.init_array     0x0000000008002ec0        0x4
                0x0000000008002ec0                . = ALIGN (0x4)
                0x0000000008002ec0                PROVIDE (__init_array_start = .)
 *(SORT_BY_NAME(.init_array.*))
 *(.init_array*)
 .init_array    0x0000000008002ec0        0x4 c:/program files (x86)/stm32cubeide_1.7.0/stm32cubeide/plugins/com.st.stm32cube.ide.mcu.externaltools.gnu-tools-for-stm32.9-2020-q2-update.win32_2.0.0.202105311346/tools/bin/../lib/gcc/arm-none-eabi/9.3.1/thumb/v7e-m+fp/hard/crtbegin.o
                0x0000000008002ec4                PROVIDE (__init_array_end = .)
                0x0000000008002ec4                . = ALIGN (0x4)

.fini_array     0x0000000008002ec4        0x4
                0x0000000008002ec4                . = ALIGN (0x4)
                [!provide]                        PROVIDE (__fini_array_start = .)
 *(SORT_BY_NAME(.fini_array.*))
 *(.fini_array*)
 .fini_array    0x0000000008002ec4        0x4 c:/program files (x86)/stm32cubeide_1.7.0/stm32cubeide/plugins/com.st.stm32cube.ide.mcu.externaltools.gnu-tools-for-stm32.9-2020-q2-update.win32_2.0.0.202105311346/tools/bin/../lib/gcc/arm-none-eabi/9.3.1/thumb/v7e-m+fp/hard/crtbegin.o
                [!provide]                        PROVIDE (__fini_array_end = .)
                0x0000000008002ec8                . = ALIGN (0x4)
                0x0000000008002ec8                _sidata = LOADADDR (.data)

.data           0x0000000020000000        0xc load address 0x0000000008002ec8
                0x0000000020000000                . = ALIGN (0x4)
                0x0000000020000000                _sdata = .
 *(.data)
 *(.data*)
 .data.SystemCoreClock
                0x0000000020000000        0x4 ./Core/Src/system_stm32f4xx.o
                0x0000000020000000                SystemCoreClock
 .data.uwTickPrio
                0x0000000020000004        0x4 ./Drivers/STM32F4xx_HAL_Driver/Src/stm32f4xx_hal.o
                0x0000000020000004                uwTickPrio
 .data.uwTickFreq
                0x0000000020000008        0x1 ./Drivers/STM32F4xx_HAL_Driver/Src/stm32f4xx_hal.o
                0x0000000020000008                uwTickFreq
 *(.RamFunc)
 *(.RamFunc*)
                0x000000002000000c                . = ALIGN (0x4)
 *fill*         0x0000000020000009        0x3 
                0x000000002000000c                _edata = .
                0x0000000008002ed4                _siccmram = LOADADDR (.ccmram)

.igot.plt       0x000000002000000c        0x0 load address 0x0000000008002ed4
 .igot.plt      0x000000002000000c        0x0 c:/program files (x86)/stm32cubeide_1.7.0/stm32cubeide/plugins/com.st.stm32cube.ide.mcu.externaltools.gnu-tools-for-stm32.9-2020-q2-update.win32_2.0.0.202105311346/tools/bin/../lib/gcc/arm-none-eabi/9.3.1/thumb/v7e-m+fp/hard/crtbegin.o

.ccmram         0x0000000010000000        0x0 load address 0x0000000008002ed4
                0x0000000010000000                . = ALIGN (0x4)
                0x0000000010000000                _sccmram = .
 *(.ccmram)
 *(.ccmram*)
                0x0000000010000000                . = ALIGN (0x4)
                0x0000000010000000                _eccmram = .
                0x0000000010000000                . = ALIGN (0x4)

.bss            0x000000002000000c      0x1b8
                0x000000002000000c                _sbss = .
                0x000000002000000c                __bss_start__ = _sbss
 *(.bss)
 .bss           0x000000002000000c       0x1c c:/program files (x86)/stm32cubeide_1.7.0/stm32cubeide/plugins/com.st.stm32cube.ide.mcu.externaltools.gnu-tools-for-stm32.9-2020-q2-update.win32_2.0.0.202105311346/tools/bin/../lib/gcc/arm-none-eabi/9.3.1/thumb/v7e-m+fp/hard/crtbegin.o
 *(.bss*)
 .bss.lidar_message_recu_taille
                0x0000000020000028        0x1 ./Core/Src/usart.o
                0x0000000020000028                lidar_message_recu_taille
 *(COMMON)
 *fill*         0x0000000020000029        0x3 
 COMMON         0x000000002000002c       0x32 ./Core/Src/com_pc.o
                0x000000002000002c                message_recu_PC
 *fill*         0x000000002000005e        0x2 
 COMMON         0x0000000020000060      0x15d ./Core/Src/usart.o
                0x0000000020000060                UART2_rxBuffer
                0x0000000020000064                huart3
                0x00000000200000a8                UART3_rxBuffer
                0x00000000200000ac                lidar_message_recu
                0x0000000020000110                UART3_txBuffer
                0x0000000020000144                UART2_txBuffer
                0x0000000020000178                huart2
                0x00000000200001bc                lidar_message_recu_index
 *fill*         0x00000000200001bd        0x3 
 COMMON         0x00000000200001c0        0x4 ./Drivers/STM32F4xx_HAL_Driver/Src/stm32f4xx_hal.o
                0x00000000200001c0                uwTick
                0x00000000200001c4                . = ALIGN (0x4)
                0x00000000200001c4                _ebss = .
                0x00000000200001c4                __bss_end__ = _ebss

._user_heap_stack
                0x00000000200001c4      0x604
                0x00000000200001c8                . = ALIGN (0x8)
 *fill*         0x00000000200001c4        0x4 
                [!provide]                        PROVIDE (end = .)
                0x00000000200001c8                PROVIDE (_end = .)
                0x00000000200003c8                . = (. + _Min_Heap_Size)
 *fill*         0x00000000200001c8      0x200 
                0x00000000200007c8                . = (. + _Min_Stack_Size)
 *fill*         0x00000000200003c8      0x400 
                0x00000000200007c8                . = ALIGN (0x8)

/DISCARD/
 libc.a(*)
 libm.a(*)
 libgcc.a(*)

.ARM.attributes
                0x0000000000000000       0x30
 *(.ARM.attributes)
 .ARM.attributes
                0x0000000000000000       0x1e c:/program files (x86)/stm32cubeide_1.7.0/stm32cubeide/plugins/com.st.stm32cube.ide.mcu.externaltools.gnu-tools-for-stm32.9-2020-q2-update.win32_2.0.0.202105311346/tools/bin/../lib/gcc/arm-none-eabi/9.3.1/thumb/v7e-m+fp/hard/crti.o
 .ARM.attributes
                0x000000000000001e       0x34 c:/program files (x86)/stm32cubeide_1.7.0/stm32cubeide/plugins/com.st.stm32cube.ide.mcu.externaltools.gnu-tools-for-stm32.9-2020-q2-update.win32_2.0.0.202105311346/tools/bin/../lib/gcc/arm-none-eabi/9.3.1/thumb/v7e-m+fp/hard/crtbegin.o
 .ARM.attributes
                0x0000000000000052       0x34 ./Core/Src/com_pc.o
 .ARM.attributes
                0x0000000000000086       0x34 ./Core/Src/gpio.o
 .ARM.attributes
                0x00000000000000ba       0x34 ./Core/Src/lidar.o
 .ARM.attributes
                0x00000000000000ee       0x34 ./Core/Src/main.o
 .ARM.attributes
                0x0000000000000122       0x34 ./Core/Src/stm32f4xx_hal_msp.o
 .ARM.attributes
                0x0000000000000156       0x34 ./Core/Src/stm32f4xx_it.o
 .ARM.attributes
                0x000000000000018a       0x34 ./Core/Src/system_stm32f4xx.o
 .ARM.attributes
                0x00000000000001be       0x34 ./Core/Src/usart.o
 .ARM.attributes
                0x00000000000001f2       0x21 ./Core/Startup/startup_stm32f407vgtx.o
 .ARM.attributes
                0x0000000000000213       0x34 ./Drivers/STM32F4xx_HAL_Driver/Src/stm32f4xx_hal.o
 .ARM.attributes
                0x0000000000000247       0x34 ./Drivers/STM32F4xx_HAL_Driver/Src/stm32f4xx_hal_cortex.o
 .ARM.attributes
                0x000000000000027b       0x34 ./Drivers/STM32F4xx_HAL_Driver/Src/stm32f4xx_hal_dma.o
 .ARM.attributes
                0x00000000000002af       0x34 ./Drivers/STM32F4xx_HAL_Driver/Src/stm32f4xx_hal_gpio.o
 .ARM.attributes
                0x00000000000002e3       0x34 ./Drivers/STM32F4xx_HAL_Driver/Src/stm32f4xx_hal_rcc.o
 .ARM.attributes
                0x0000000000000317       0x34 ./Drivers/STM32F4xx_HAL_Driver/Src/stm32f4xx_hal_uart.o
 .ARM.attributes
                0x000000000000034b       0x34 c:/program files (x86)/stm32cubeide_1.7.0/stm32cubeide/plugins/com.st.stm32cube.ide.mcu.externaltools.gnu-tools-for-stm32.9-2020-q2-update.win32_2.0.0.202105311346/tools/bin/../lib/gcc/arm-none-eabi/9.3.1/../../../../arm-none-eabi/lib/thumb/v7e-m+fp/hard\libc_nano.a(lib_a-init.o)
 .ARM.attributes
                0x000000000000037f       0x34 c:/program files (x86)/stm32cubeide_1.7.0/stm32cubeide/plugins/com.st.stm32cube.ide.mcu.externaltools.gnu-tools-for-stm32.9-2020-q2-update.win32_2.0.0.202105311346/tools/bin/../lib/gcc/arm-none-eabi/9.3.1/../../../../arm-none-eabi/lib/thumb/v7e-m+fp/hard\libc_nano.a(lib_a-memset.o)
 .ARM.attributes
                0x00000000000003b3       0x1c c:/program files (x86)/stm32cubeide_1.7.0/stm32cubeide/plugins/com.st.stm32cube.ide.mcu.externaltools.gnu-tools-for-stm32.9-2020-q2-update.win32_2.0.0.202105311346/tools/bin/../lib/gcc/arm-none-eabi/9.3.1/../../../../arm-none-eabi/lib/thumb/v7e-m+fp/hard\libc_nano.a(lib_a-strcmp.o)
 .ARM.attributes
                0x00000000000003cf       0x34 c:/program files (x86)/stm32cubeide_1.7.0/stm32cubeide/plugins/com.st.stm32cube.ide.mcu.externaltools.gnu-tools-for-stm32.9-2020-q2-update.win32_2.0.0.202105311346/tools/bin/../lib/gcc/arm-none-eabi/9.3.1/../../../../arm-none-eabi/lib/thumb/v7e-m+fp/hard\libc_nano.a(lib_a-strcpy.o)
 .ARM.attributes
                0x0000000000000403       0x1e c:/program files (x86)/stm32cubeide_1.7.0/stm32cubeide/plugins/com.st.stm32cube.ide.mcu.externaltools.gnu-tools-for-stm32.9-2020-q2-update.win32_2.0.0.202105311346/tools/bin/../lib/gcc/arm-none-eabi/9.3.1/thumb/v7e-m+fp/hard\libgcc.a(_aeabi_uldivmod.o)
 .ARM.attributes
                0x0000000000000421       0x34 c:/program files (x86)/stm32cubeide_1.7.0/stm32cubeide/plugins/com.st.stm32cube.ide.mcu.externaltools.gnu-tools-for-stm32.9-2020-q2-update.win32_2.0.0.202105311346/tools/bin/../lib/gcc/arm-none-eabi/9.3.1/thumb/v7e-m+fp/hard\libgcc.a(_udivmoddi4.o)
 .ARM.attributes
                0x0000000000000455       0x1e c:/program files (x86)/stm32cubeide_1.7.0/stm32cubeide/plugins/com.st.stm32cube.ide.mcu.externaltools.gnu-tools-for-stm32.9-2020-q2-update.win32_2.0.0.202105311346/tools/bin/../lib/gcc/arm-none-eabi/9.3.1/thumb/v7e-m+fp/hard\libgcc.a(_dvmd_tls.o)
 .ARM.attributes
                0x0000000000000473       0x1e c:/program files (x86)/stm32cubeide_1.7.0/stm32cubeide/plugins/com.st.stm32cube.ide.mcu.externaltools.gnu-tools-for-stm32.9-2020-q2-update.win32_2.0.0.202105311346/tools/bin/../lib/gcc/arm-none-eabi/9.3.1/thumb/v7e-m+fp/hard/crtn.o
OUTPUT(stm32f4_disc.elf elf32-littlearm)
LOAD linker stubs
LOAD c:/program files (x86)/stm32cubeide_1.7.0/stm32cubeide/plugins/com.st.stm32cube.ide.mcu.externaltools.gnu-tools-for-stm32.9-2020-q2-update.win32_2.0.0.202105311346/tools/bin/../lib/gcc/arm-none-eabi/9.3.1/../../../../arm-none-eabi/lib/thumb/v7e-m+fp/hard\libc.a
LOAD c:/program files (x86)/stm32cubeide_1.7.0/stm32cubeide/plugins/com.st.stm32cube.ide.mcu.externaltools.gnu-tools-for-stm32.9-2020-q2-update.win32_2.0.0.202105311346/tools/bin/../lib/gcc/arm-none-eabi/9.3.1/../../../../arm-none-eabi/lib/thumb/v7e-m+fp/hard\libm.a
LOAD c:/program files (x86)/stm32cubeide_1.7.0/stm32cubeide/plugins/com.st.stm32cube.ide.mcu.externaltools.gnu-tools-for-stm32.9-2020-q2-update.win32_2.0.0.202105311346/tools/bin/../lib/gcc/arm-none-eabi/9.3.1/thumb/v7e-m+fp/hard\libgcc.a

.debug_info     0x0000000000000000     0xad35
 .debug_info    0x0000000000000000      0xfc7 ./Core/Src/com_pc.o
 .debug_info    0x0000000000000fc7      0x54c ./Core/Src/gpio.o
 .debug_info    0x0000000000001513      0x7ed ./Core/Src/lidar.o
 .debug_info    0x0000000000001d00      0xb7d ./Core/Src/main.o
 .debug_info    0x000000000000287d      0x394 ./Core/Src/stm32f4xx_hal_msp.o
 .debug_info    0x0000000000002c11      0x7a6 ./Core/Src/stm32f4xx_it.o
 .debug_info    0x00000000000033b7      0x5a4 ./Core/Src/system_stm32f4xx.o
 .debug_info    0x000000000000395b      0xd8c ./Core/Src/usart.o
 .debug_info    0x00000000000046e7       0x22 ./Core/Startup/startup_stm32f407vgtx.o
 .debug_info    0x0000000000004709      0x9b2 ./Drivers/STM32F4xx_HAL_Driver/Src/stm32f4xx_hal.o
 .debug_info    0x00000000000050bb      0xed7 ./Drivers/STM32F4xx_HAL_Driver/Src/stm32f4xx_hal_cortex.o
 .debug_info    0x0000000000005f92      0x9f1 ./Drivers/STM32F4xx_HAL_Driver/Src/stm32f4xx_hal_dma.o
 .debug_info    0x0000000000006983      0x83e ./Drivers/STM32F4xx_HAL_Driver/Src/stm32f4xx_hal_gpio.o
 .debug_info    0x00000000000071c1      0x996 ./Drivers/STM32F4xx_HAL_Driver/Src/stm32f4xx_hal_rcc.o
 .debug_info    0x0000000000007b57     0x31de ./Drivers/STM32F4xx_HAL_Driver/Src/stm32f4xx_hal_uart.o

.debug_abbrev   0x0000000000000000     0x1bdc
 .debug_abbrev  0x0000000000000000      0x204 ./Core/Src/com_pc.o
 .debug_abbrev  0x0000000000000204      0x14e ./Core/Src/gpio.o
 .debug_abbrev  0x0000000000000352      0x1e2 ./Core/Src/lidar.o
 .debug_abbrev  0x0000000000000534      0x1db ./Core/Src/main.o
 .debug_abbrev  0x000000000000070f      0x11d ./Core/Src/stm32f4xx_hal_msp.o
 .debug_abbrev  0x000000000000082c      0x197 ./Core/Src/stm32f4xx_it.o
 .debug_abbrev  0x00000000000009c3      0x145 ./Core/Src/system_stm32f4xx.o
 .debug_abbrev  0x0000000000000b08      0x1ef ./Core/Src/usart.o
 .debug_abbrev  0x0000000000000cf7       0x12 ./Core/Startup/startup_stm32f407vgtx.o
 .debug_abbrev  0x0000000000000d09      0x1ed ./Drivers/STM32F4xx_HAL_Driver/Src/stm32f4xx_hal.o
 .debug_abbrev  0x0000000000000ef6      0x33c ./Drivers/STM32F4xx_HAL_Driver/Src/stm32f4xx_hal_cortex.o
 .debug_abbrev  0x0000000000001232      0x259 ./Drivers/STM32F4xx_HAL_Driver/Src/stm32f4xx_hal_dma.o
 .debug_abbrev  0x000000000000148b      0x1f1 ./Drivers/STM32F4xx_HAL_Driver/Src/stm32f4xx_hal_gpio.o
 .debug_abbrev  0x000000000000167c      0x275 ./Drivers/STM32F4xx_HAL_Driver/Src/stm32f4xx_hal_rcc.o
 .debug_abbrev  0x00000000000018f1      0x2eb ./Drivers/STM32F4xx_HAL_Driver/Src/stm32f4xx_hal_uart.o

.debug_aranges  0x0000000000000000      0x760
 .debug_aranges
                0x0000000000000000       0x28 ./Core/Src/com_pc.o
 .debug_aranges
                0x0000000000000028       0x20 ./Core/Src/gpio.o
 .debug_aranges
                0x0000000000000048       0x50 ./Core/Src/lidar.o
 .debug_aranges
                0x0000000000000098       0x30 ./Core/Src/main.o
 .debug_aranges
                0x00000000000000c8       0x20 ./Core/Src/stm32f4xx_hal_msp.o
 .debug_aranges
                0x00000000000000e8       0x70 ./Core/Src/stm32f4xx_it.o
 .debug_aranges
                0x0000000000000158       0x28 ./Core/Src/system_stm32f4xx.o
 .debug_aranges
                0x0000000000000180       0x40 ./Core/Src/usart.o
 .debug_aranges
                0x00000000000001c0       0x28 ./Core/Startup/startup_stm32f407vgtx.o
 .debug_aranges
                0x00000000000001e8       0xf0 ./Drivers/STM32F4xx_HAL_Driver/Src/stm32f4xx_hal.o
 .debug_aranges
                0x00000000000002d8      0x118 ./Drivers/STM32F4xx_HAL_Driver/Src/stm32f4xx_hal_cortex.o
 .debug_aranges
                0x00000000000003f0       0x90 ./Drivers/STM32F4xx_HAL_Driver/Src/stm32f4xx_hal_dma.o
 .debug_aranges
                0x0000000000000480       0x58 ./Drivers/STM32F4xx_HAL_Driver/Src/stm32f4xx_hal_gpio.o
 .debug_aranges
                0x00000000000004d8       0x88 ./Drivers/STM32F4xx_HAL_Driver/Src/stm32f4xx_hal_rcc.o
 .debug_aranges
                0x0000000000000560      0x200 ./Drivers/STM32F4xx_HAL_Driver/Src/stm32f4xx_hal_uart.o

.debug_ranges   0x0000000000000000      0x6a8
 .debug_ranges  0x0000000000000000       0x18 ./Core/Src/com_pc.o
 .debug_ranges  0x0000000000000018       0x10 ./Core/Src/gpio.o
 .debug_ranges  0x0000000000000028       0x40 ./Core/Src/lidar.o
 .debug_ranges  0x0000000000000068       0x20 ./Core/Src/main.o
 .debug_ranges  0x0000000000000088       0x10 ./Core/Src/stm32f4xx_hal_msp.o
 .debug_ranges  0x0000000000000098       0x60 ./Core/Src/stm32f4xx_it.o
 .debug_ranges  0x00000000000000f8       0x18 ./Core/Src/system_stm32f4xx.o
 .debug_ranges  0x0000000000000110       0x30 ./Core/Src/usart.o
 .debug_ranges  0x0000000000000140       0x20 ./Core/Startup/startup_stm32f407vgtx.o
 .debug_ranges  0x0000000000000160       0xe0 ./Drivers/STM32F4xx_HAL_Driver/Src/stm32f4xx_hal.o
 .debug_ranges  0x0000000000000240      0x108 ./Drivers/STM32F4xx_HAL_Driver/Src/stm32f4xx_hal_cortex.o
 .debug_ranges  0x0000000000000348       0x80 ./Drivers/STM32F4xx_HAL_Driver/Src/stm32f4xx_hal_dma.o
 .debug_ranges  0x00000000000003c8       0x48 ./Drivers/STM32F4xx_HAL_Driver/Src/stm32f4xx_hal_gpio.o
 .debug_ranges  0x0000000000000410       0x78 ./Drivers/STM32F4xx_HAL_Driver/Src/stm32f4xx_hal_rcc.o
 .debug_ranges  0x0000000000000488      0x220 ./Drivers/STM32F4xx_HAL_Driver/Src/stm32f4xx_hal_uart.o

.debug_macro    0x0000000000000000    0x204b9
 .debug_macro   0x0000000000000000      0x2a9 ./Core/Src/com_pc.o
 .debug_macro   0x00000000000002a9      0xaa8 ./Core/Src/com_pc.o
 .debug_macro   0x0000000000000d51      0x295 ./Core/Src/com_pc.o
 .debug_macro   0x0000000000000fe6       0x2e ./Core/Src/com_pc.o
 .debug_macro   0x0000000000001014       0x2f ./Core/Src/com_pc.o
 .debug_macro   0x0000000000001043       0x22 ./Core/Src/com_pc.o
 .debug_macro   0x0000000000001065       0x8e ./Core/Src/com_pc.o
 .debug_macro   0x00000000000010f3       0x51 ./Core/Src/com_pc.o
 .debug_macro   0x0000000000001144      0x103 ./Core/Src/com_pc.o
 .debug_macro   0x0000000000001247       0x6a ./Core/Src/com_pc.o
 .debug_macro   0x00000000000012b1      0x1df ./Core/Src/com_pc.o
 .debug_macro   0x0000000000001490       0x1c ./Core/Src/com_pc.o
 .debug_macro   0x00000000000014ac       0x22 ./Core/Src/com_pc.o
 .debug_macro   0x00000000000014ce       0xdf ./Core/Src/com_pc.o
 .debug_macro   0x00000000000015ad     0x102d ./Core/Src/com_pc.o
 .debug_macro   0x00000000000025da      0x11f ./Core/Src/com_pc.o
 .debug_macro   0x00000000000026f9    0x15e58 ./Core/Src/com_pc.o
 .debug_macro   0x0000000000018551       0x6d ./Core/Src/com_pc.o
 .debug_macro   0x00000000000185be     0x3666 ./Core/Src/com_pc.o
 .debug_macro   0x000000000001bc24      0x174 ./Core/Src/com_pc.o
 .debug_macro   0x000000000001bd98       0x5c ./Core/Src/com_pc.o
 .debug_macro   0x000000000001bdf4      0x96b ./Core/Src/com_pc.o
 .debug_macro   0x000000000001c75f      0x9fe ./Core/Src/com_pc.o
 .debug_macro   0x000000000001d15d      0x116 ./Core/Src/com_pc.o
 .debug_macro   0x000000000001d273      0x13e ./Core/Src/com_pc.o
 .debug_macro   0x000000000001d3b1       0xa5 ./Core/Src/com_pc.o
 .debug_macro   0x000000000001d456      0x174 ./Core/Src/com_pc.o
 .debug_macro   0x000000000001d5ca      0x287 ./Core/Src/com_pc.o
 .debug_macro   0x000000000001d851       0x5f ./Core/Src/com_pc.o
 .debug_macro   0x000000000001d8b0      0x236 ./Core/Src/com_pc.o
 .debug_macro   0x000000000001dae6      0x12c ./Core/Src/com_pc.o
 .debug_macro   0x000000000001dc12      0x21e ./Core/Src/com_pc.o
 .debug_macro   0x000000000001de30       0x2e ./Core/Src/com_pc.o
 .debug_macro   0x000000000001de5e      0x11a ./Core/Src/com_pc.o
 .debug_macro   0x000000000001df78       0x7e ./Core/Src/com_pc.o
 .debug_macro   0x000000000001dff6       0x89 ./Core/Src/com_pc.o
 .debug_macro   0x000000000001e07f      0x295 ./Core/Src/com_pc.o
 .debug_macro   0x000000000001e314      0x12d ./Core/Src/com_pc.o
 .debug_macro   0x000000000001e441      0x191 ./Core/Src/com_pc.o
 .debug_macro   0x000000000001e5d2       0x52 ./Core/Src/com_pc.o
 .debug_macro   0x000000000001e624       0x18 ./Core/Src/com_pc.o
 .debug_macro   0x000000000001e63c       0x3c ./Core/Src/com_pc.o
 .debug_macro   0x000000000001e678       0x34 ./Core/Src/com_pc.o
 .debug_macro   0x000000000001e6ac       0x16 ./Core/Src/com_pc.o
 .debug_macro   0x000000000001e6c2       0x43 ./Core/Src/com_pc.o
 .debug_macro   0x000000000001e705       0x34 ./Core/Src/com_pc.o
 .debug_macro   0x000000000001e739       0x10 ./Core/Src/com_pc.o
 .debug_macro   0x000000000001e749       0x58 ./Core/Src/com_pc.o
 .debug_macro   0x000000000001e7a1       0x71 ./Core/Src/com_pc.o
 .debug_macro   0x000000000001e812       0x1c ./Core/Src/com_pc.o
 .debug_macro   0x000000000001e82e      0x12a ./Core/Src/com_pc.o
 .debug_macro   0x000000000001e958      0x333 ./Core/Src/com_pc.o
 .debug_macro   0x000000000001ec8b       0x10 ./Core/Src/com_pc.o
 .debug_macro   0x000000000001ec9b       0x35 ./Core/Src/com_pc.o
 .debug_macro   0x000000000001ecd0       0x20 ./Core/Src/com_pc.o
 .debug_macro   0x000000000001ecf0      0x1d3 ./Core/Src/gpio.o
 .debug_macro   0x000000000001eec3      0x1e5 ./Core/Src/lidar.o
 .debug_macro   0x000000000001f0a8      0x1e9 ./Core/Src/main.o
 .debug_macro   0x000000000001f291      0x1c9 ./Core/Src/stm32f4xx_hal_msp.o
 .debug_macro   0x000000000001f45a      0x1e1 ./Core/Src/stm32f4xx_it.o
 .debug_macro   0x000000000001f63b      0x1ba ./Core/Src/system_stm32f4xx.o
 .debug_macro   0x000000000001f7f5      0x1d7 ./Core/Src/usart.o
 .debug_macro   0x000000000001f9cc      0x21a ./Drivers/STM32F4xx_HAL_Driver/Src/stm32f4xx_hal.o
 .debug_macro   0x000000000001fbe6      0x1ba ./Drivers/STM32F4xx_HAL_Driver/Src/stm32f4xx_hal_cortex.o
 .debug_macro   0x000000000001fda0      0x1c0 ./Drivers/STM32F4xx_HAL_Driver/Src/stm32f4xx_hal_dma.o
 .debug_macro   0x000000000001ff60      0x1c0 ./Drivers/STM32F4xx_HAL_Driver/Src/stm32f4xx_hal_gpio.o
 .debug_macro   0x0000000000020120      0x1de ./Drivers/STM32F4xx_HAL_Driver/Src/stm32f4xx_hal_rcc.o
 .debug_macro   0x00000000000202fe      0x1bb ./Drivers/STM32F4xx_HAL_Driver/Src/stm32f4xx_hal_uart.o

.debug_line     0x0000000000000000     0xa949
 .debug_line    0x0000000000000000      0x97a ./Core/Src/com_pc.o
 .debug_line    0x000000000000097a      0x7d7 ./Core/Src/gpio.o
 .debug_line    0x0000000000001151      0x7ae ./Core/Src/lidar.o
 .debug_line    0x00000000000018ff      0x7bb ./Core/Src/main.o
 .debug_line    0x00000000000020ba      0x70a ./Core/Src/stm32f4xx_hal_msp.o
 .debug_line    0x00000000000027c4      0x80a ./Core/Src/stm32f4xx_it.o
 .debug_line    0x0000000000002fce      0x78a ./Core/Src/system_stm32f4xx.o
 .debug_line    0x0000000000003758      0x83c ./Core/Src/usart.o
 .debug_line    0x0000000000003f94       0x88 ./Core/Startup/startup_stm32f407vgtx.o
 .debug_line    0x000000000000401c      0x9f0 ./Drivers/STM32F4xx_HAL_Driver/Src/stm32f4xx_hal.o
 .debug_line    0x0000000000004a0c      0xc9f ./Drivers/STM32F4xx_HAL_Driver/Src/stm32f4xx_hal_cortex.o
 .debug_line    0x00000000000056ab      0xf55 ./Drivers/STM32F4xx_HAL_Driver/Src/stm32f4xx_hal_dma.o
 .debug_line    0x0000000000006600      0xb66 ./Drivers/STM32F4xx_HAL_Driver/Src/stm32f4xx_hal_gpio.o
 .debug_line    0x0000000000007166      0xd6c ./Drivers/STM32F4xx_HAL_Driver/Src/stm32f4xx_hal_rcc.o
 .debug_line    0x0000000000007ed2     0x2a77 ./Drivers/STM32F4xx_HAL_Driver/Src/stm32f4xx_hal_uart.o

.debug_str      0x0000000000000000    0xc21fa
 .debug_str     0x0000000000000000    0xc00d7 ./Core/Src/com_pc.o
                                      0xc0420 (size before relaxing)
 .debug_str     0x00000000000c00d7      0x1ae ./Core/Src/gpio.o
                                      0xbced7 (size before relaxing)
 .debug_str     0x00000000000c0285       0x82 ./Core/Src/lidar.o
                                      0xbd256 (size before relaxing)
 .debug_str     0x00000000000c0307      0x182 ./Core/Src/main.o
                                      0xbd48b (size before relaxing)
 .debug_str     0x00000000000c0489       0x2c ./Core/Src/stm32f4xx_hal_msp.o
                                      0xbce3a (size before relaxing)
 .debug_str     0x00000000000c04b5       0xe1 ./Core/Src/stm32f4xx_it.o
                                      0xbd2b8 (size before relaxing)
 .debug_str     0x00000000000c0596       0xaf ./Core/Src/system_stm32f4xx.o
                                      0xbc847 (size before relaxing)
 .debug_str     0x00000000000c0645      0x569 ./Core/Src/usart.o
                                      0xbd8da (size before relaxing)
 .debug_str     0x00000000000c0bae       0x36 ./Core/Startup/startup_stm32f407vgtx.o
                                         0x9d (size before relaxing)
 .debug_str     0x00000000000c0be4      0x58d ./Drivers/STM32F4xx_HAL_Driver/Src/stm32f4xx_hal.o
                                      0xbd329 (size before relaxing)
 .debug_str     0x00000000000c1171      0x399 ./Drivers/STM32F4xx_HAL_Driver/Src/stm32f4xx_hal_cortex.o
                                      0xbd118 (size before relaxing)
 .debug_str     0x00000000000c150a      0x322 ./Drivers/STM32F4xx_HAL_Driver/Src/stm32f4xx_hal_dma.o
                                      0xbcc71 (size before relaxing)
 .debug_str     0x00000000000c182c      0x15f ./Drivers/STM32F4xx_HAL_Driver/Src/stm32f4xx_hal_gpio.o
                                      0xbc9ee (size before relaxing)
 .debug_str     0x00000000000c198b      0x259 ./Drivers/STM32F4xx_HAL_Driver/Src/stm32f4xx_hal_rcc.o
                                      0xbcc49 (size before relaxing)
 .debug_str     0x00000000000c1be4      0x616 ./Drivers/STM32F4xx_HAL_Driver/Src/stm32f4xx_hal_uart.o
                                      0xbd1cf (size before relaxing)

.comment        0x0000000000000000       0x53
 .comment       0x0000000000000000       0x53 ./Core/Src/com_pc.o
                                         0x54 (size before relaxing)
 .comment       0x0000000000000053       0x54 ./Core/Src/gpio.o
 .comment       0x0000000000000053       0x54 ./Core/Src/lidar.o
 .comment       0x0000000000000053       0x54 ./Core/Src/main.o
 .comment       0x0000000000000053       0x54 ./Core/Src/stm32f4xx_hal_msp.o
 .comment       0x0000000000000053       0x54 ./Core/Src/stm32f4xx_it.o
 .comment       0x0000000000000053       0x54 ./Core/Src/system_stm32f4xx.o
 .comment       0x0000000000000053       0x54 ./Core/Src/usart.o
 .comment       0x0000000000000053       0x54 ./Drivers/STM32F4xx_HAL_Driver/Src/stm32f4xx_hal.o
 .comment       0x0000000000000053       0x54 ./Drivers/STM32F4xx_HAL_Driver/Src/stm32f4xx_hal_cortex.o
 .comment       0x0000000000000053       0x54 ./Drivers/STM32F4xx_HAL_Driver/Src/stm32f4xx_hal_dma.o
 .comment       0x0000000000000053       0x54 ./Drivers/STM32F4xx_HAL_Driver/Src/stm32f4xx_hal_gpio.o
 .comment       0x0000000000000053       0x54 ./Drivers/STM32F4xx_HAL_Driver/Src/stm32f4xx_hal_rcc.o
 .comment       0x0000000000000053       0x54 ./Drivers/STM32F4xx_HAL_Driver/Src/stm32f4xx_hal_uart.o

.debug_frame    0x0000000000000000     0x1c2c
 .debug_frame   0x0000000000000000       0x50 ./Core/Src/com_pc.o
 .debug_frame   0x0000000000000050       0x38 ./Core/Src/gpio.o
 .debug_frame   0x0000000000000088      0x114 ./Core/Src/lidar.o
 .debug_frame   0x000000000000019c       0x68 ./Core/Src/main.o
 .debug_frame   0x0000000000000204       0x34 ./Core/Src/stm32f4xx_hal_msp.o
 .debug_frame   0x0000000000000238      0x13c ./Core/Src/stm32f4xx_it.o
 .debug_frame   0x0000000000000374       0x58 ./Core/Src/system_stm32f4xx.o
 .debug_frame   0x00000000000003cc       0xb0 ./Core/Src/usart.o
 .debug_frame   0x000000000000047c      0x374 ./Drivers/STM32F4xx_HAL_Driver/Src/stm32f4xx_hal.o
 .debug_frame   0x00000000000007f0      0x498 ./Drivers/STM32F4xx_HAL_Driver/Src/stm32f4xx_hal_cortex.o
 .debug_frame   0x0000000000000c88      0x250 ./Drivers/STM32F4xx_HAL_Driver/Src/stm32f4xx_hal_dma.o
 .debug_frame   0x0000000000000ed8      0x14c ./Drivers/STM32F4xx_HAL_Driver/Src/stm32f4xx_hal_gpio.o
 .debug_frame   0x0000000000001024      0x1f0 ./Drivers/STM32F4xx_HAL_Driver/Src/stm32f4xx_hal_rcc.o
 .debug_frame   0x0000000000001214      0x92c ./Drivers/STM32F4xx_HAL_Driver/Src/stm32f4xx_hal_uart.o
 .debug_frame   0x0000000000001b40       0x2c c:/program files (x86)/stm32cubeide_1.7.0/stm32cubeide/plugins/com.st.stm32cube.ide.mcu.externaltools.gnu-tools-for-stm32.9-2020-q2-update.win32_2.0.0.202105311346/tools/bin/../lib/gcc/arm-none-eabi/9.3.1/../../../../arm-none-eabi/lib/thumb/v7e-m+fp/hard\libc_nano.a(lib_a-init.o)
 .debug_frame   0x0000000000001b6c       0x20 c:/program files (x86)/stm32cubeide_1.7.0/stm32cubeide/plugins/com.st.stm32cube.ide.mcu.externaltools.gnu-tools-for-stm32.9-2020-q2-update.win32_2.0.0.202105311346/tools/bin/../lib/gcc/arm-none-eabi/9.3.1/../../../../arm-none-eabi/lib/thumb/v7e-m+fp/hard\libc_nano.a(lib_a-memset.o)
 .debug_frame   0x0000000000001b8c       0x20 c:/program files (x86)/stm32cubeide_1.7.0/stm32cubeide/plugins/com.st.stm32cube.ide.mcu.externaltools.gnu-tools-for-stm32.9-2020-q2-update.win32_2.0.0.202105311346/tools/bin/../lib/gcc/arm-none-eabi/9.3.1/../../../../arm-none-eabi/lib/thumb/v7e-m+fp/hard\libc_nano.a(lib_a-strcmp.o)
 .debug_frame   0x0000000000001bac       0x20 c:/program files (x86)/stm32cubeide_1.7.0/stm32cubeide/plugins/com.st.stm32cube.ide.mcu.externaltools.gnu-tools-for-stm32.9-2020-q2-update.win32_2.0.0.202105311346/tools/bin/../lib/gcc/arm-none-eabi/9.3.1/../../../../arm-none-eabi/lib/thumb/v7e-m+fp/hard\libc_nano.a(lib_a-strcpy.o)
 .debug_frame   0x0000000000001bcc       0x2c c:/program files (x86)/stm32cubeide_1.7.0/stm32cubeide/plugins/com.st.stm32cube.ide.mcu.externaltools.gnu-tools-for-stm32.9-2020-q2-update.win32_2.0.0.202105311346/tools/bin/../lib/gcc/arm-none-eabi/9.3.1/thumb/v7e-m+fp/hard\libgcc.a(_aeabi_uldivmod.o)
 .debug_frame   0x0000000000001bf8       0x34 c:/program files (x86)/stm32cubeide_1.7.0/stm32cubeide/plugins/com.st.stm32cube.ide.mcu.externaltools.gnu-tools-for-stm32.9-2020-q2-update.win32_2.0.0.202105311346/tools/bin/../lib/gcc/arm-none-eabi/9.3.1/thumb/v7e-m+fp/hard\libgcc.a(_udivmoddi4.o)
