Archive member included to satisfy reference by file (symbol)

c:/program files (x86)/stm32cubeide_1.7.0/stm32cubeide/plugins/com.st.stm32cube.ide.mcu.externaltools.gnu-tools-for-stm32.9-2020-q2-update.win32_2.0.0.202105311346/tools/bin/../lib/gcc/arm-none-eabi/9.3.1/../../../../arm-none-eabi/lib/thumb/v6-m/nofp\libc_nano.a(lib_a-errno.o)
                              ./Application/User/syscalls.o (__errno)
c:/program files (x86)/stm32cubeide_1.7.0/stm32cubeide/plugins/com.st.stm32cube.ide.mcu.externaltools.gnu-tools-for-stm32.9-2020-q2-update.win32_2.0.0.202105311346/tools/bin/../lib/gcc/arm-none-eabi/9.3.1/../../../../arm-none-eabi/lib/thumb/v6-m/nofp\libc_nano.a(lib_a-exit.o)
                              c:/program files (x86)/stm32cubeide_1.7.0/stm32cubeide/plugins/com.st.stm32cube.ide.mcu.externaltools.gnu-tools-for-stm32.9-2020-q2-update.win32_2.0.0.202105311346/tools/bin/../lib/gcc/arm-none-eabi/9.3.1/../../../../arm-none-eabi/lib/thumb/v6-m/nofp/crt0.o (exit)
c:/program files (x86)/stm32cubeide_1.7.0/stm32cubeide/plugins/com.st.stm32cube.ide.mcu.externaltools.gnu-tools-for-stm32.9-2020-q2-update.win32_2.0.0.202105311346/tools/bin/../lib/gcc/arm-none-eabi/9.3.1/../../../../arm-none-eabi/lib/thumb/v6-m/nofp\libc_nano.a(lib_a-impure.o)
                              c:/program files (x86)/stm32cubeide_1.7.0/stm32cubeide/plugins/com.st.stm32cube.ide.mcu.externaltools.gnu-tools-for-stm32.9-2020-q2-update.win32_2.0.0.202105311346/tools/bin/../lib/gcc/arm-none-eabi/9.3.1/../../../../arm-none-eabi/lib/thumb/v6-m/nofp\libc_nano.a(lib_a-exit.o) (_global_impure_ptr)
c:/program files (x86)/stm32cubeide_1.7.0/stm32cubeide/plugins/com.st.stm32cube.ide.mcu.externaltools.gnu-tools-for-stm32.9-2020-q2-update.win32_2.0.0.202105311346/tools/bin/../lib/gcc/arm-none-eabi/9.3.1/../../../../arm-none-eabi/lib/thumb/v6-m/nofp\libc_nano.a(lib_a-init.o)
                              c:/program files (x86)/stm32cubeide_1.7.0/stm32cubeide/plugins/com.st.stm32cube.ide.mcu.externaltools.gnu-tools-for-stm32.9-2020-q2-update.win32_2.0.0.202105311346/tools/bin/../lib/gcc/arm-none-eabi/9.3.1/../../../../arm-none-eabi/lib/thumb/v6-m/nofp/crt0.o (__libc_init_array)
c:/program files (x86)/stm32cubeide_1.7.0/stm32cubeide/plugins/com.st.stm32cube.ide.mcu.externaltools.gnu-tools-for-stm32.9-2020-q2-update.win32_2.0.0.202105311346/tools/bin/../lib/gcc/arm-none-eabi/9.3.1/../../../../arm-none-eabi/lib/thumb/v6-m/nofp\libc_nano.a(lib_a-memset.o)
                              c:/program files (x86)/stm32cubeide_1.7.0/stm32cubeide/plugins/com.st.stm32cube.ide.mcu.externaltools.gnu-tools-for-stm32.9-2020-q2-update.win32_2.0.0.202105311346/tools/bin/../lib/gcc/arm-none-eabi/9.3.1/../../../../arm-none-eabi/lib/thumb/v6-m/nofp/crt0.o (memset)
c:/program files (x86)/stm32cubeide_1.7.0/stm32cubeide/plugins/com.st.stm32cube.ide.mcu.externaltools.gnu-tools-for-stm32.9-2020-q2-update.win32_2.0.0.202105311346/tools/bin/../lib/gcc/arm-none-eabi/9.3.1/thumb/v6-m/nofp\libgcc.a(_udivsi3.o)
                              ./Drivers/CMSIS/system_stm32g0xx.o (__aeabi_uidiv)
c:/program files (x86)/stm32cubeide_1.7.0/stm32cubeide/plugins/com.st.stm32cube.ide.mcu.externaltools.gnu-tools-for-stm32.9-2020-q2-update.win32_2.0.0.202105311346/tools/bin/../lib/gcc/arm-none-eabi/9.3.1/thumb/v6-m/nofp\libgcc.a(_dvmd_tls.o)
                              c:/program files (x86)/stm32cubeide_1.7.0/stm32cubeide/plugins/com.st.stm32cube.ide.mcu.externaltools.gnu-tools-for-stm32.9-2020-q2-update.win32_2.0.0.202105311346/tools/bin/../lib/gcc/arm-none-eabi/9.3.1/thumb/v6-m/nofp\libgcc.a(_udivsi3.o) (__aeabi_idiv0)

Allocating common symbols
Common symbol       size              file

uwTick              0x4               ./Drivers/STM32G0xx_HAL_Driver/stm32g0xx_hal.o
hfdcan1             0x64              ./Application/User/main.o
TxData              0x8               ./Application/User/main.o
RxData              0x8               ./Application/User/main.o
TxHeader            0x24              ./Application/User/main.o
RxHeader            0x28              ./Application/User/main.o

Discarded input sections

 .text          0x0000000000000000        0x0 c:/program files (x86)/stm32cubeide_1.7.0/stm32cubeide/plugins/com.st.stm32cube.ide.mcu.externaltools.gnu-tools-for-stm32.9-2020-q2-update.win32_2.0.0.202105311346/tools/bin/../lib/gcc/arm-none-eabi/9.3.1/thumb/v6-m/nofp/crti.o
 .data          0x0000000000000000        0x0 c:/program files (x86)/stm32cubeide_1.7.0/stm32cubeide/plugins/com.st.stm32cube.ide.mcu.externaltools.gnu-tools-for-stm32.9-2020-q2-update.win32_2.0.0.202105311346/tools/bin/../lib/gcc/arm-none-eabi/9.3.1/thumb/v6-m/nofp/crti.o
 .bss           0x0000000000000000        0x0 c:/program files (x86)/stm32cubeide_1.7.0/stm32cubeide/plugins/com.st.stm32cube.ide.mcu.externaltools.gnu-tools-for-stm32.9-2020-q2-update.win32_2.0.0.202105311346/tools/bin/../lib/gcc/arm-none-eabi/9.3.1/thumb/v6-m/nofp/crti.o
[...]
Memory Configuration

Name             Origin             Length             Attributes
RAM              0x0000000020000000 0x0000000000024000 xrw
FLASH            0x0000000008000000 0x0000000000080000 xr
*default*        0x0000000000000000 0xffffffffffffffff

Linker script and memory map

LOAD c:/program files (x86)/stm32cubeide_1.7.0/stm32cubeide/plugins/com.st.stm32cube.ide.mcu.externaltools.gnu-tools-for-stm32.9-2020-q2-update.win32_2.0.0.202105311346/tools/bin/../lib/gcc/arm-none-eabi/9.3.1/thumb/v6-m/nofp/crti.o
LOAD c:/program files (x86)/stm32cubeide_1.7.0/stm32cubeide/plugins/com.st.stm32cube.ide.mcu.externaltools.gnu-tools-for-stm32.9-2020-q2-update.win32_2.0.0.202105311346/tools/bin/../lib/gcc/arm-none-eabi/9.3.1/thumb/v6-m/nofp/crtbegin.o
LOAD c:/program files (x86)/stm32cubeide_1.7.0/stm32cubeide/plugins/com.st.stm32cube.ide.mcu.externaltools.gnu-tools-for-stm32.9-2020-q2-update.win32_2.0.0.202105311346/tools/bin/../lib/gcc/arm-none-eabi/9.3.1/../../../../arm-none-eabi/lib/thumb/v6-m/nofp/crt0.o
LOAD ./Application/Startup/startup_stm32g0c1vetx.o
LOAD ./Application/User/main.o
LOAD ./Application/User/stm32g0xx_hal_msp.o
LOAD ./Application/User/stm32g0xx_it.o
LOAD ./Application/User/syscalls.o
LOAD ./Application/User/sysmem.o
LOAD ./Drivers/BSP/STM32G0C1E-EV/stm32g0c1e_eval.o
LOAD ./Drivers/CMSIS/system_stm32g0xx.o
LOAD ./Drivers/STM32G0xx_HAL_Driver/stm32g0xx_hal.o
LOAD ./Drivers/STM32G0xx_HAL_Driver/stm32g0xx_hal_cortex.o
LOAD ./Drivers/STM32G0xx_HAL_Driver/stm32g0xx_hal_dma.o
LOAD ./Drivers/STM32G0xx_HAL_Driver/stm32g0xx_hal_dma_ex.o
LOAD ./Drivers/STM32G0xx_HAL_Driver/stm32g0xx_hal_exti.o
LOAD ./Drivers/STM32G0xx_HAL_Driver/stm32g0xx_hal_fdcan.o
LOAD ./Drivers/STM32G0xx_HAL_Driver/stm32g0xx_hal_flash.o
LOAD ./Drivers/STM32G0xx_HAL_Driver/stm32g0xx_hal_flash_ex.o
LOAD ./Drivers/STM32G0xx_HAL_Driver/stm32g0xx_hal_gpio.o
LOAD ./Drivers/STM32G0xx_HAL_Driver/stm32g0xx_hal_pwr.o
LOAD ./Drivers/STM32G0xx_HAL_Driver/stm32g0xx_hal_pwr_ex.o
LOAD ./Drivers/STM32G0xx_HAL_Driver/stm32g0xx_hal_rcc.o
LOAD ./Drivers/STM32G0xx_HAL_Driver/stm32g0xx_hal_rcc_ex.o
LOAD ./Drivers/STM32G0xx_HAL_Driver/stm32g0xx_hal_tim.o
LOAD ./Drivers/STM32G0xx_HAL_Driver/stm32g0xx_hal_tim_ex.o
LOAD ./Drivers/STM32G0xx_HAL_Driver/stm32g0xx_ll_dma.o
LOAD ./Drivers/STM32G0xx_HAL_Driver/stm32g0xx_ll_rcc.o
START GROUP
LOAD c:/program files (x86)/stm32cubeide_1.7.0/stm32cubeide/plugins/com.st.stm32cube.ide.mcu.externaltools.gnu-tools-for-stm32.9-2020-q2-update.win32_2.0.0.202105311346/tools/bin/../lib/gcc/arm-none-eabi/9.3.1/../../../../arm-none-eabi/lib/thumb/v6-m/nofp\libc_nano.a
LOAD c:/program files (x86)/stm32cubeide_1.7.0/stm32cubeide/plugins/com.st.stm32cube.ide.mcu.externaltools.gnu-tools-for-stm32.9-2020-q2-update.win32_2.0.0.202105311346/tools/bin/../lib/gcc/arm-none-eabi/9.3.1/../../../../arm-none-eabi/lib/thumb/v6-m/nofp\libm.a
END GROUP
START GROUP
LOAD c:/program files (x86)/stm32cubeide_1.7.0/stm32cubeide/plugins/com.st.stm32cube.ide.mcu.externaltools.gnu-tools-for-stm32.9-2020-q2-update.win32_2.0.0.202105311346/tools/bin/../lib/gcc/arm-none-eabi/9.3.1/thumb/v6-m/nofp\libgcc.a
LOAD c:/program files (x86)/stm32cubeide_1.7.0/stm32cubeide/plugins/com.st.stm32cube.ide.mcu.externaltools.gnu-tools-for-stm32.9-2020-q2-update.win32_2.0.0.202105311346/tools/bin/../lib/gcc/arm-none-eabi/9.3.1/../../../../arm-none-eabi/lib/thumb/v6-m/nofp\libc_nano.a
END GROUP
START GROUP
LOAD c:/program files (x86)/stm32cubeide_1.7.0/stm32cubeide/plugins/com.st.stm32cube.ide.mcu.externaltools.gnu-tools-for-stm32.9-2020-q2-update.win32_2.0.0.202105311346/tools/bin/../lib/gcc/arm-none-eabi/9.3.1/thumb/v6-m/nofp\libgcc.a
LOAD c:/program files (x86)/stm32cubeide_1.7.0/stm32cubeide/plugins/com.st.stm32cube.ide.mcu.externaltools.gnu-tools-for-stm32.9-2020-q2-update.win32_2.0.0.202105311346/tools/bin/../lib/gcc/arm-none-eabi/9.3.1/../../../../arm-none-eabi/lib/thumb/v6-m/nofp\libc_nano.a
LOAD c:/program files (x86)/stm32cubeide_1.7.0/stm32cubeide/plugins/com.st.stm32cube.ide.mcu.externaltools.gnu-tools-for-stm32.9-2020-q2-update.win32_2.0.0.202105311346/tools/bin/../lib/gcc/arm-none-eabi/9.3.1/../../../../arm-none-eabi/lib/thumb/v6-m/nofp\libnosys.a
END GROUP
START GROUP
LOAD c:/program files (x86)/stm32cubeide_1.7.0/stm32cubeide/plugins/com.st.stm32cube.ide.mcu.externaltools.gnu-tools-for-stm32.9-2020-q2-update.win32_2.0.0.202105311346/tools/bin/../lib/gcc/arm-none-eabi/9.3.1/thumb/v6-m/nofp\libgcc.a
LOAD c:/program files (x86)/stm32cubeide_1.7.0/stm32cubeide/plugins/com.st.stm32cube.ide.mcu.externaltools.gnu-tools-for-stm32.9-2020-q2-update.win32_2.0.0.202105311346/tools/bin/../lib/gcc/arm-none-eabi/9.3.1/../../../../arm-none-eabi/lib/thumb/v6-m/nofp\libc_nano.a
LOAD c:/program files (x86)/stm32cubeide_1.7.0/stm32cubeide/plugins/com.st.stm32cube.ide.mcu.externaltools.gnu-tools-for-stm32.9-2020-q2-update.win32_2.0.0.202105311346/tools/bin/../lib/gcc/arm-none-eabi/9.3.1/../../../../arm-none-eabi/lib/thumb/v6-m/nofp\libnosys.a
END GROUP
LOAD c:/program files (x86)/stm32cubeide_1.7.0/stm32cubeide/plugins/com.st.stm32cube.ide.mcu.externaltools.gnu-tools-for-stm32.9-2020-q2-update.win32_2.0.0.202105311346/tools/bin/../lib/gcc/arm-none-eabi/9.3.1/thumb/v6-m/nofp/crtend.o
LOAD c:/program files (x86)/stm32cubeide_1.7.0/stm32cubeide/plugins/com.st.stm32cube.ide.mcu.externaltools.gnu-tools-for-stm32.9-2020-q2-update.win32_2.0.0.202105311346/tools/bin/../lib/gcc/arm-none-eabi/9.3.1/thumb/v6-m/nofp/crtn.o
                0x0000000020024000                _estack = (ORIGIN (RAM) + LENGTH (RAM))
                0x0000000000000200                _Min_Heap_Size = 0x200
                0x0000000000000400                _Min_Stack_Size = 0x400

.isr_vector     0x0000000008000000       0xc0
                0x0000000008000000                . = ALIGN (0x4)
 *(.isr_vector)
 .isr_vector    0x0000000008000000       0xc0 ./Application/Startup/startup_stm32g0c1vetx.o
                0x0000000008000000                g_pfnVectors
                0x00000000080000c0                . = ALIGN (0x4)

.text           0x00000000080000c0     0x2cdc
                0x00000000080000c0                . = ALIGN (0x4)
 *(.text)
 .text          0x00000000080000c0       0x48 c:/program files (x86)/stm32cubeide_1.7.0/stm32cubeide/plugins/com.st.stm32cube.ide.mcu.externaltools.gnu-tools-for-stm32.9-2020-q2-update.win32_2.0.0.202105311346/tools/bin/../lib/gcc/arm-none-eabi/9.3.1/thumb/v6-m/nofp/crtbegin.o
 .text          0x0000000008000108      0x114 c:/program files (x86)/stm32cubeide_1.7.0/stm32cubeide/plugins/com.st.stm32cube.ide.mcu.externaltools.gnu-tools-for-stm32.9-2020-q2-update.win32_2.0.0.202105311346/tools/bin/../lib/gcc/arm-none-eabi/9.3.1/thumb/v6-m/nofp\libgcc.a(_udivsi3.o)
                0x0000000008000108                __aeabi_uidiv
                0x0000000008000108                __udivsi3
                0x0000000008000214                __aeabi_uidivmod
 .text          0x000000000800021c        0x4 c:/program files (x86)/stm32cubeide_1.7.0/stm32cubeide/plugins/com.st.stm32cube.ide.mcu.externaltools.gnu-tools-for-stm32.9-2020-q2-update.win32_2.0.0.202105311346/tools/bin/../lib/gcc/arm-none-eabi/9.3.1/thumb/v6-m/nofp\libgcc.a(_dvmd_tls.o)
                0x000000000800021c                __aeabi_idiv0
                0x000000000800021c                __aeabi_ldiv0
 *(.text*)
 .text.Reset_Handler
                0x0000000008000220       0x50 ./Application/Startup/startup_stm32g0c1vetx.o
                0x0000000008000220                Reset_Handler
 .text.Default_Handler
                0x0000000008000270        0x2 ./Application/Startup/startup_stm32g0c1vetx.o
                0x0000000008000270                I2C2_3_IRQHandler
                0x0000000008000270                USART3_4_5_6_LPUART1_IRQHandler
                0x0000000008000270                TIM1_CC_IRQHandler
                0x0000000008000270                ADC1_COMP_IRQHandler
                0x0000000008000270                I2C1_IRQHandler
                0x0000000008000270                TIM7_LPTIM2_IRQHandler
                0x0000000008000270                TIM17_FDCAN_IT1_IRQHandler
                0x0000000008000270                DMA1_Ch4_7_DMA2_Ch1_5_DMAMUX1_OVR_IRQHandler
                0x0000000008000270                RCC_CRS_IRQHandler
                0x0000000008000270                RTC_TAMP_IRQHandler
                0x0000000008000270                SPI1_IRQHandler
                0x0000000008000270                USB_UCPD1_2_IRQHandler
                0x0000000008000270                EXTI2_3_IRQHandler
                0x0000000008000270                USART2_LPUART2_IRQHandler
                0x0000000008000270                PVD_VDDIO2_IRQHandler
                0x0000000008000270                EXTI4_15_IRQHandler
                0x0000000008000270                DMA1_Channel1_IRQHandler
                0x0000000008000270                Default_Handler
                0x0000000008000270                CEC_IRQHandler
                0x0000000008000270                TIM14_IRQHandler
                0x0000000008000270                TIM15_IRQHandler
                0x0000000008000270                TIM3_TIM4_IRQHandler
                0x0000000008000270                EXTI0_1_IRQHandler
                0x0000000008000270                SPI2_3_IRQHandler
                0x0000000008000270                AES_RNG_IRQHandler
                0x0000000008000270                TIM6_DAC_LPTIM1_IRQHandler
                0x0000000008000270                WWDG_IRQHandler
                0x0000000008000270                TIM2_IRQHandler
                0x0000000008000270                DMA1_Channel2_3_IRQHandler
                0x0000000008000270                FLASH_IRQHandler
                0x0000000008000270                USART1_IRQHandler
                0x0000000008000270                TIM1_BRK_UP_TRG_COM_IRQHandler
 *fill*         0x0000000008000272        0x2 
 .text.main     0x0000000008000274       0xc0 ./Application/User/main.o
                0x0000000008000274                main
 .text.SystemClock_Config
                0x0000000008000334       0xec ./Application/User/main.o
                0x0000000008000334                SystemClock_Config
 .text.MX_FDCAN1_Init
                0x0000000008000420       0x90 ./Application/User/main.o
 .text.MX_GPIO_Init
                0x00000000080004b0       0x2c ./Application/User/main.o
 .text.FDCAN_Config
                0x00000000080004dc       0xcc ./Application/User/main.o
 .text.HAL_FDCAN_RxFifo0Callback
                0x00000000080005a8       0x70 ./Application/User/main.o
                0x00000000080005a8                HAL_FDCAN_RxFifo0Callback
 .text.LED_Display
                0x0000000008000618       0x68 ./Application/User/main.o
 .text.Error_Handler
                0x0000000008000680       0x1e ./Application/User/main.o
                0x0000000008000680                Error_Handler
 *fill*         0x000000000800069e        0x2 
 .text.HAL_MspInit
                0x00000000080006a0       0x50 ./Application/User/stm32g0xx_hal_msp.o
                0x00000000080006a0                HAL_MspInit
 .text.HAL_FDCAN_MspInit
                0x00000000080006f0       0xa8 ./Application/User/stm32g0xx_hal_msp.o
                0x00000000080006f0                HAL_FDCAN_MspInit
 .text.NMI_Handler
                0x0000000008000798        0xa ./Application/User/stm32g0xx_it.o
                0x0000000008000798                NMI_Handler
 .text.HardFault_Handler
                0x00000000080007a2        0x6 ./Application/User/stm32g0xx_it.o
                0x00000000080007a2                HardFault_Handler
 .text.SVC_Handler
                0x00000000080007a8        0xa ./Application/User/stm32g0xx_it.o
                0x00000000080007a8                SVC_Handler
 .text.PendSV_Handler
                0x00000000080007b2        0xa ./Application/User/stm32g0xx_it.o
                0x00000000080007b2                PendSV_Handler
 .text.SysTick_Handler
                0x00000000080007bc        0xe ./Application/User/stm32g0xx_it.o
                0x00000000080007bc                SysTick_Handler
 *fill*         0x00000000080007ca        0x2 
 .text.TIM16_FDCAN_IT0_IRQHandler
                0x00000000080007cc       0x18 ./Application/User/stm32g0xx_it.o
                0x00000000080007cc                TIM16_FDCAN_IT0_IRQHandler
 .text.BSP_LED_Init
                0x00000000080007e4       0xfc ./Drivers/BSP/STM32G0C1E-EV/stm32g0c1e_eval.o
                0x00000000080007e4                BSP_LED_Init
 .text.BSP_LED_On
                0x00000000080008e0       0x38 ./Drivers/BSP/STM32G0C1E-EV/stm32g0c1e_eval.o
                0x00000000080008e0                BSP_LED_On
 .text.BSP_LED_Off
                0x0000000008000918       0x38 ./Drivers/BSP/STM32G0C1E-EV/stm32g0c1e_eval.o
                0x0000000008000918                BSP_LED_Off
 .text.BSP_PB_Init
                0x0000000008000950       0xbc ./Drivers/BSP/STM32G0C1E-EV/stm32g0c1e_eval.o
                0x0000000008000950                BSP_PB_Init
 .text.BSP_PB_GetState
                0x0000000008000a0c       0x30 ./Drivers/BSP/STM32G0C1E-EV/stm32g0c1e_eval.o
                0x0000000008000a0c                BSP_PB_GetState
 .text.SystemInit
                0x0000000008000a3c       0x18 ./Drivers/CMSIS/system_stm32g0xx.o
                0x0000000008000a3c                SystemInit
 .text.HAL_Init
                0x0000000008000a54       0x40 ./Drivers/STM32G0xx_HAL_Driver/stm32g0xx_hal.o
                0x0000000008000a54                HAL_Init
 .text.HAL_InitTick
                0x0000000008000a94       0x94 ./Drivers/STM32G0xx_HAL_Driver/stm32g0xx_hal.o
                0x0000000008000a94                HAL_InitTick
 .text.HAL_IncTick
                0x0000000008000b28       0x24 ./Drivers/STM32G0xx_HAL_Driver/stm32g0xx_hal.o
                0x0000000008000b28                HAL_IncTick
 .text.HAL_GetTick
                0x0000000008000b4c       0x14 ./Drivers/STM32G0xx_HAL_Driver/stm32g0xx_hal.o
                0x0000000008000b4c                HAL_GetTick
 .text.HAL_Delay
                0x0000000008000b60       0x48 ./Drivers/STM32G0xx_HAL_Driver/stm32g0xx_hal.o
                0x0000000008000b60                HAL_Delay
 .text.HAL_SYSCFG_StrobeDBattpinsConfig
                0x0000000008000ba8       0x2c ./Drivers/STM32G0xx_HAL_Driver/stm32g0xx_hal.o
                0x0000000008000ba8                HAL_SYSCFG_StrobeDBattpinsConfig
 .text.__NVIC_EnableIRQ
                0x0000000008000bd4       0x34 ./Drivers/STM32G0xx_HAL_Driver/stm32g0xx_hal_cortex.o
 .text.__NVIC_SetPriority
                0x0000000008000c08       0xdc ./Drivers/STM32G0xx_HAL_Driver/stm32g0xx_hal_cortex.o
 .text.SysTick_Config
                0x0000000008000ce4       0x48 ./Drivers/STM32G0xx_HAL_Driver/stm32g0xx_hal_cortex.o
 .text.HAL_NVIC_SetPriority
                0x0000000008000d2c       0x2a ./Drivers/STM32G0xx_HAL_Driver/stm32g0xx_hal_cortex.o
                0x0000000008000d2c                HAL_NVIC_SetPriority
 .text.HAL_NVIC_EnableIRQ
                0x0000000008000d56       0x20 ./Drivers/STM32G0xx_HAL_Driver/stm32g0xx_hal_cortex.o
                0x0000000008000d56                HAL_NVIC_EnableIRQ
 .text.HAL_SYSTICK_Config
                0x0000000008000d76       0x1a ./Drivers/STM32G0xx_HAL_Driver/stm32g0xx_hal_cortex.o
                0x0000000008000d76                HAL_SYSTICK_Config
 .text.HAL_FDCAN_Init
                0x0000000008000d90      0x2cc ./Drivers/STM32G0xx_HAL_Driver/stm32g0xx_hal_fdcan.o
                0x0000000008000d90                HAL_FDCAN_Init
 .text.HAL_FDCAN_ConfigFilter
                0x000000000800105c       0xba ./Drivers/STM32G0xx_HAL_Driver/stm32g0xx_hal_fdcan.o
                0x000000000800105c                HAL_FDCAN_ConfigFilter
 .text.HAL_FDCAN_ConfigGlobalFilter
                0x0000000008001116       0x60 ./Drivers/STM32G0xx_HAL_Driver/stm32g0xx_hal_fdcan.o
                0x0000000008001116                HAL_FDCAN_ConfigGlobalFilter
 .text.HAL_FDCAN_Start
                0x0000000008001176       0x4c ./Drivers/STM32G0xx_HAL_Driver/stm32g0xx_hal_fdcan.o
                0x0000000008001176                HAL_FDCAN_Start
 .text.HAL_FDCAN_AddMessageToTxFifoQ
                0x00000000080011c2       0x8a ./Drivers/STM32G0xx_HAL_Driver/stm32g0xx_hal_fdcan.o
                0x00000000080011c2                HAL_FDCAN_AddMessageToTxFifoQ
 .text.HAL_FDCAN_GetRxMessage
                0x000000000800124c      0x1c4 ./Drivers/STM32G0xx_HAL_Driver/stm32g0xx_hal_fdcan.o
                0x000000000800124c                HAL_FDCAN_GetRxMessage
 .text.HAL_FDCAN_ActivateNotification
                0x0000000008001410      0x1ac ./Drivers/STM32G0xx_HAL_Driver/stm32g0xx_hal_fdcan.o
                0x0000000008001410                HAL_FDCAN_ActivateNotification
 .text.HAL_FDCAN_IRQHandler
                0x00000000080015bc      0x292 ./Drivers/STM32G0xx_HAL_Driver/stm32g0xx_hal_fdcan.o
                0x00000000080015bc                HAL_FDCAN_IRQHandler
 .text.HAL_FDCAN_TxEventFifoCallback
                0x000000000800184e       0x12 ./Drivers/STM32G0xx_HAL_Driver/stm32g0xx_hal_fdcan.o
                0x000000000800184e                HAL_FDCAN_TxEventFifoCallback
 .text.HAL_FDCAN_RxFifo1Callback
                0x0000000008001860       0x12 ./Drivers/STM32G0xx_HAL_Driver/stm32g0xx_hal_fdcan.o
                0x0000000008001860                HAL_FDCAN_RxFifo1Callback
 .text.HAL_FDCAN_TxFifoEmptyCallback
                0x0000000008001872       0x10 ./Drivers/STM32G0xx_HAL_Driver/stm32g0xx_hal_fdcan.o
                0x0000000008001872                HAL_FDCAN_TxFifoEmptyCallback
 .text.HAL_FDCAN_TxBufferCompleteCallback
                0x0000000008001882       0x12 ./Drivers/STM32G0xx_HAL_Driver/stm32g0xx_hal_fdcan.o
                0x0000000008001882                HAL_FDCAN_TxBufferCompleteCallback
 .text.HAL_FDCAN_TxBufferAbortCallback
                0x0000000008001894       0x12 ./Drivers/STM32G0xx_HAL_Driver/stm32g0xx_hal_fdcan.o
                0x0000000008001894                HAL_FDCAN_TxBufferAbortCallback
 .text.HAL_FDCAN_TimestampWraparoundCallback
                0x00000000080018a6       0x10 ./Drivers/STM32G0xx_HAL_Driver/stm32g0xx_hal_fdcan.o
                0x00000000080018a6                HAL_FDCAN_TimestampWraparoundCallback
 .text.HAL_FDCAN_TimeoutOccurredCallback
                0x00000000080018b6       0x10 ./Drivers/STM32G0xx_HAL_Driver/stm32g0xx_hal_fdcan.o
                0x00000000080018b6                HAL_FDCAN_TimeoutOccurredCallback
 .text.HAL_FDCAN_HighPriorityMessageCallback
                0x00000000080018c6       0x10 ./Drivers/STM32G0xx_HAL_Driver/stm32g0xx_hal_fdcan.o
                0x00000000080018c6                HAL_FDCAN_HighPriorityMessageCallback
 .text.HAL_FDCAN_ErrorCallback
                0x00000000080018d6       0x10 ./Drivers/STM32G0xx_HAL_Driver/stm32g0xx_hal_fdcan.o
                0x00000000080018d6                HAL_FDCAN_ErrorCallback
 .text.HAL_FDCAN_ErrorStatusCallback
                0x00000000080018e6       0x12 ./Drivers/STM32G0xx_HAL_Driver/stm32g0xx_hal_fdcan.o
                0x00000000080018e6                HAL_FDCAN_ErrorStatusCallback
 .text.FDCAN_CalcultateRamBlockAddresses
                0x00000000080018f8       0xd8 ./Drivers/STM32G0xx_HAL_Driver/stm32g0xx_hal_fdcan.o
 .text.FDCAN_CopyMessageToRAM
                0x00000000080019d0       0xf8 ./Drivers/STM32G0xx_HAL_Driver/stm32g0xx_hal_fdcan.o
 .text.HAL_GPIO_Init
                0x0000000008001ac8      0x2d8 ./Drivers/STM32G0xx_HAL_Driver/stm32g0xx_hal_gpio.o
                0x0000000008001ac8                HAL_GPIO_Init
 .text.HAL_GPIO_ReadPin
                0x0000000008001da0       0x3a ./Drivers/STM32G0xx_HAL_Driver/stm32g0xx_hal_gpio.o
                0x0000000008001da0                HAL_GPIO_ReadPin
 .text.HAL_GPIO_WritePin
                0x0000000008001dda       0x3a ./Drivers/STM32G0xx_HAL_Driver/stm32g0xx_hal_gpio.o
                0x0000000008001dda                HAL_GPIO_WritePin
 .text.HAL_PWREx_ControlVoltageScaling
                0x0000000008001e14       0x80 ./Drivers/STM32G0xx_HAL_Driver/stm32g0xx_hal_pwr_ex.o
                0x0000000008001e14                HAL_PWREx_ControlVoltageScaling
 .text.HAL_RCC_OscConfig
                0x0000000008001e94      0x6cc ./Drivers/STM32G0xx_HAL_Driver/stm32g0xx_hal_rcc.o
                0x0000000008001e94                HAL_RCC_OscConfig
 .text.HAL_RCC_ClockConfig
                0x0000000008002560      0x210 ./Drivers/STM32G0xx_HAL_Driver/stm32g0xx_hal_rcc.o
                0x0000000008002560                HAL_RCC_ClockConfig
 .text.HAL_RCC_GetSysClockFreq
                0x0000000008002770      0x104 ./Drivers/STM32G0xx_HAL_Driver/stm32g0xx_hal_rcc.o
                0x0000000008002770                HAL_RCC_GetSysClockFreq
 .text.HAL_RCCEx_PeriphCLKConfig
                0x0000000008002874      0x4b8 ./Drivers/STM32G0xx_HAL_Driver/stm32g0xx_hal_rcc_ex.o
                0x0000000008002874                HAL_RCCEx_PeriphCLKConfig
 .text.__libc_init_array
                0x0000000008002d2c       0x48 c:/program files (x86)/stm32cubeide_1.7.0/stm32cubeide/plugins/com.st.stm32cube.ide.mcu.externaltools.gnu-tools-for-stm32.9-2020-q2-update.win32_2.0.0.202105311346/tools/bin/../lib/gcc/arm-none-eabi/9.3.1/../../../../arm-none-eabi/lib/thumb/v6-m/nofp\libc_nano.a(lib_a-init.o)
                0x0000000008002d2c                __libc_init_array
 .text.memset   0x0000000008002d74       0x10 c:/program files (x86)/stm32cubeide_1.7.0/stm32cubeide/plugins/com.st.stm32cube.ide.mcu.externaltools.gnu-tools-for-stm32.9-2020-q2-update.win32_2.0.0.202105311346/tools/bin/../lib/gcc/arm-none-eabi/9.3.1/../../../../arm-none-eabi/lib/thumb/v6-m/nofp\libc_nano.a(lib_a-memset.o)
                0x0000000008002d74                memset
 *(.glue_7)
 .glue_7        0x0000000008002d84        0x0 linker stubs
 *(.glue_7t)
 .glue_7t       0x0000000008002d84        0x0 linker stubs
 *(.eh_frame)
 .eh_frame      0x0000000008002d84        0x0 c:/program files (x86)/stm32cubeide_1.7.0/stm32cubeide/plugins/com.st.stm32cube.ide.mcu.externaltools.gnu-tools-for-stm32.9-2020-q2-update.win32_2.0.0.202105311346/tools/bin/../lib/gcc/arm-none-eabi/9.3.1/thumb/v6-m/nofp/crtbegin.o
 *(.init)
 .init          0x0000000008002d84        0x4 c:/program files (x86)/stm32cubeide_1.7.0/stm32cubeide/plugins/com.st.stm32cube.ide.mcu.externaltools.gnu-tools-for-stm32.9-2020-q2-update.win32_2.0.0.202105311346/tools/bin/../lib/gcc/arm-none-eabi/9.3.1/thumb/v6-m/nofp/crti.o
                0x0000000008002d84                _init
 .init          0x0000000008002d88        0x8 c:/program files (x86)/stm32cubeide_1.7.0/stm32cubeide/plugins/com.st.stm32cube.ide.mcu.externaltools.gnu-tools-for-stm32.9-2020-q2-update.win32_2.0.0.202105311346/tools/bin/../lib/gcc/arm-none-eabi/9.3.1/thumb/v6-m/nofp/crtn.o
 *(.fini)
 .fini          0x0000000008002d90        0x4 c:/program files (x86)/stm32cubeide_1.7.0/stm32cubeide/plugins/com.st.stm32cube.ide.mcu.externaltools.gnu-tools-for-stm32.9-2020-q2-update.win32_2.0.0.202105311346/tools/bin/../lib/gcc/arm-none-eabi/9.3.1/thumb/v6-m/nofp/crti.o
                0x0000000008002d90                _fini
 .fini          0x0000000008002d94        0x8 c:/program files (x86)/stm32cubeide_1.7.0/stm32cubeide/plugins/com.st.stm32cube.ide.mcu.externaltools.gnu-tools-for-stm32.9-2020-q2-update.win32_2.0.0.202105311346/tools/bin/../lib/gcc/arm-none-eabi/9.3.1/thumb/v6-m/nofp/crtn.o
                0x0000000008002d9c                . = ALIGN (0x4)
                0x0000000008002d9c                _etext = .

.vfp11_veneer   0x0000000008002d9c        0x0
 .vfp11_veneer  0x0000000008002d9c        0x0 linker stubs

.v4_bx          0x0000000008002d9c        0x0
 .v4_bx         0x0000000008002d9c        0x0 linker stubs

.iplt           0x0000000008002d9c        0x0
 .iplt          0x0000000008002d9c        0x0 c:/program files (x86)/stm32cubeide_1.7.0/stm32cubeide/plugins/com.st.stm32cube.ide.mcu.externaltools.gnu-tools-for-stm32.9-2020-q2-update.win32_2.0.0.202105311346/tools/bin/../lib/gcc/arm-none-eabi/9.3.1/thumb/v6-m/nofp/crtbegin.o

.rodata         0x0000000008002d9c       0x58
                0x0000000008002d9c                . = ALIGN (0x4)
 *(.rodata)
 *(.rodata*)
 .rodata.LED_PIN
                0x0000000008002d9c        0x8 ./Drivers/BSP/STM32G0C1E-EV/stm32g0c1e_eval.o
                0x0000000008002d9c                LED_PIN
 .rodata.AHBPrescTable
                0x0000000008002da4       0x40 ./Drivers/CMSIS/system_stm32g0xx.o
                0x0000000008002da4                AHBPrescTable
 .rodata.DLCtoBytes
                0x0000000008002de4       0x10 ./Drivers/STM32G0xx_HAL_Driver/stm32g0xx_hal_fdcan.o
                0x0000000008002df4                . = ALIGN (0x4)

.rel.dyn        0x0000000008002df4        0x0
 .rel.iplt      0x0000000008002df4        0x0 c:/program files (x86)/stm32cubeide_1.7.0/stm32cubeide/plugins/com.st.stm32cube.ide.mcu.externaltools.gnu-tools-for-stm32.9-2020-q2-update.win32_2.0.0.202105311346/tools/bin/../lib/gcc/arm-none-eabi/9.3.1/thumb/v6-m/nofp/crtbegin.o

.ARM.extab      0x0000000008002df4        0x0
                0x0000000008002df4                . = ALIGN (0x4)
 *(.ARM.extab* .gnu.linkonce.armextab.*)
                0x0000000008002df4                . = ALIGN (0x4)

.ARM            0x0000000008002df4        0x0
                0x0000000008002df4                . = ALIGN (0x4)
                0x0000000008002df4                __exidx_start = .
 *(.ARM.exidx*)
                0x0000000008002df4                __exidx_end = .
                0x0000000008002df4                . = ALIGN (0x4)

.preinit_array  0x0000000008002df4        0x0
                0x0000000008002df4                . = ALIGN (0x4)
                0x0000000008002df4                PROVIDE (__preinit_array_start = .)
 *(.preinit_array*)
                0x0000000008002df4                PROVIDE (__preinit_array_end = .)
                0x0000000008002df4                . = ALIGN (0x4)

.init_array     0x0000000008002df4        0x4
                0x0000000008002df4                . = ALIGN (0x4)
                0x0000000008002df4                PROVIDE (__init_array_start = .)
 *(SORT_BY_NAME(.init_array.*))
 *(.init_array*)
 .init_array    0x0000000008002df4        0x4 c:/program files (x86)/stm32cubeide_1.7.0/stm32cubeide/plugins/com.st.stm32cube.ide.mcu.externaltools.gnu-tools-for-stm32.9-2020-q2-update.win32_2.0.0.202105311346/tools/bin/../lib/gcc/arm-none-eabi/9.3.1/thumb/v6-m/nofp/crtbegin.o
                0x0000000008002df8                PROVIDE (__init_array_end = .)
                0x0000000008002df8                . = ALIGN (0x4)

.fini_array     0x0000000008002df8        0x4
                0x0000000008002df8                . = ALIGN (0x4)
                [!provide]                        PROVIDE (__fini_array_start = .)
 *(SORT_BY_NAME(.fini_array.*))
 *(.fini_array*)
 .fini_array    0x0000000008002df8        0x4 c:/program files (x86)/stm32cubeide_1.7.0/stm32cubeide/plugins/com.st.stm32cube.ide.mcu.externaltools.gnu-tools-for-stm32.9-2020-q2-update.win32_2.0.0.202105311346/tools/bin/../lib/gcc/arm-none-eabi/9.3.1/thumb/v6-m/nofp/crtbegin.o
                [!provide]                        PROVIDE (__fini_array_end = .)
                0x0000000008002dfc                . = ALIGN (0x4)
                0x0000000008002dfc                _sidata = LOADADDR (.data)

.data           0x0000000020000000       0x20 load address 0x0000000008002dfc
                0x0000000020000000                . = ALIGN (0x4)
                0x0000000020000000                _sdata = .
 *(.data)
 *(.data*)
 .data.LED_PORT
                0x0000000020000000       0x10 ./Drivers/BSP/STM32G0C1E-EV/stm32g0c1e_eval.o
                0x0000000020000000                LED_PORT
 .data.BUTTON_PORT
                0x0000000020000010        0x4 ./Drivers/BSP/STM32G0C1E-EV/stm32g0c1e_eval.o
                0x0000000020000010                BUTTON_PORT
 .data.SystemCoreClock
                0x0000000020000014        0x4 ./Drivers/CMSIS/system_stm32g0xx.o
                0x0000000020000014                SystemCoreClock
 .data.uwTickPrio
                0x0000000020000018        0x4 ./Drivers/STM32G0xx_HAL_Driver/stm32g0xx_hal.o
                0x0000000020000018                uwTickPrio
 .data.uwTickFreq
                0x000000002000001c        0x1 ./Drivers/STM32G0xx_HAL_Driver/stm32g0xx_hal.o
                0x000000002000001c                uwTickFreq
                0x0000000020000020                . = ALIGN (0x4)
 *fill*         0x000000002000001d        0x3 
                0x0000000020000020                _edata = .

.igot.plt       0x0000000020000020        0x0 load address 0x0000000008002e1c
 .igot.plt      0x0000000020000020        0x0 c:/program files (x86)/stm32cubeide_1.7.0/stm32cubeide/plugins/com.st.stm32cube.ide.mcu.externaltools.gnu-tools-for-stm32.9-2020-q2-update.win32_2.0.0.202105311346/tools/bin/../lib/gcc/arm-none-eabi/9.3.1/thumb/v6-m/nofp/crtbegin.o
                0x0000000020000020                . = ALIGN (0x4)

.bss            0x0000000020000020       0xe4 load address 0x0000000008002e1c
                0x0000000020000020                _sbss = .
                0x0000000020000020                __bss_start__ = _sbss
 *(.bss)
 .bss           0x0000000020000020       0x1c c:/program files (x86)/stm32cubeide_1.7.0/stm32cubeide/plugins/com.st.stm32cube.ide.mcu.externaltools.gnu-tools-for-stm32.9-2020-q2-update.win32_2.0.0.202105311346/tools/bin/../lib/gcc/arm-none-eabi/9.3.1/thumb/v6-m/nofp/crtbegin.o
 *(.bss*)
 .bss.ubKeyNumber
                0x000000002000003c        0x1 ./Application/User/main.o
                0x000000002000003c                ubKeyNumber
 .bss.ubKeyNumberValue
                0x000000002000003d        0x1 ./Application/User/main.o
                0x000000002000003d                ubKeyNumberValue
 *(COMMON)
 *fill*         0x000000002000003e        0x2 
 COMMON         0x0000000020000040       0xc0 ./Application/User/main.o
                0x0000000020000040                hfdcan1
                0x00000000200000a4                TxData
                0x00000000200000ac                RxData
                0x00000000200000b4                TxHeader
                0x00000000200000d8                RxHeader
 COMMON         0x0000000020000100        0x4 ./Drivers/STM32G0xx_HAL_Driver/stm32g0xx_hal.o
                0x0000000020000100                uwTick
                0x0000000020000104                . = ALIGN (0x4)
                0x0000000020000104                _ebss = .
                0x0000000020000104                __bss_end__ = _ebss

._user_heap_stack
                0x0000000020000104      0x604 load address 0x0000000008002e1c
                0x0000000020000108                . = ALIGN (0x8)
 *fill*         0x0000000020000104        0x4 
                [!provide]                        PROVIDE (end = .)
                0x0000000020000108                PROVIDE (_end = .)
                0x0000000020000308                . = (. + _Min_Heap_Size)
 *fill*         0x0000000020000108      0x200 
                0x0000000020000708                . = (. + _Min_Stack_Size)
 *fill*         0x0000000020000308      0x400 
                0x0000000020000708                . = ALIGN (0x8)

/DISCARD/
 libc.a(*)
 libm.a(*)
 libgcc.a(*)

.ARM.attributes
                0x0000000000000000       0x28
 *(.ARM.attributes)
 .ARM.attributes
                0x0000000000000000       0x1e c:/program files (x86)/stm32cubeide_1.7.0/stm32cubeide/plugins/com.st.stm32cube.ide.mcu.externaltools.gnu-tools-for-stm32.9-2020-q2-update.win32_2.0.0.202105311346/tools/bin/../lib/gcc/arm-none-eabi/9.3.1/thumb/v6-m/nofp/crti.o
 .ARM.attributes
                0x000000000000001e       0x2c c:/program files (x86)/stm32cubeide_1.7.0/stm32cubeide/plugins/com.st.stm32cube.ide.mcu.externaltools.gnu-tools-for-stm32.9-2020-q2-update.win32_2.0.0.202105311346/tools/bin/../lib/gcc/arm-none-eabi/9.3.1/thumb/v6-m/nofp/crtbegin.o
 .ARM.attributes
                0x000000000000004a       0x22 ./Application/Startup/startup_stm32g0c1vetx.o
 .ARM.attributes
                0x000000000000006c       0x2c ./Application/User/main.o
 .ARM.attributes
                0x0000000000000098       0x2c ./Application/User/stm32g0xx_hal_msp.o
 .ARM.attributes
                0x00000000000000c4       0x2c ./Application/User/stm32g0xx_it.o
 .ARM.attributes
                0x00000000000000f0       0x2c ./Drivers/BSP/STM32G0C1E-EV/stm32g0c1e_eval.o
 .ARM.attributes
                0x000000000000011c       0x2c ./Drivers/CMSIS/system_stm32g0xx.o
 .ARM.attributes
                0x0000000000000148       0x2c ./Drivers/STM32G0xx_HAL_Driver/stm32g0xx_hal.o
 .ARM.attributes
                0x0000000000000174       0x2c ./Drivers/STM32G0xx_HAL_Driver/stm32g0xx_hal_cortex.o
 .ARM.attributes
                0x00000000000001a0       0x2c ./Drivers/STM32G0xx_HAL_Driver/stm32g0xx_hal_fdcan.o
 .ARM.attributes
                0x00000000000001cc       0x2c ./Drivers/STM32G0xx_HAL_Driver/stm32g0xx_hal_gpio.o
 .ARM.attributes
                0x00000000000001f8       0x2c ./Drivers/STM32G0xx_HAL_Driver/stm32g0xx_hal_pwr_ex.o
 .ARM.attributes
                0x0000000000000224       0x2c ./Drivers/STM32G0xx_HAL_Driver/stm32g0xx_hal_rcc.o
 .ARM.attributes
                0x0000000000000250       0x2c ./Drivers/STM32G0xx_HAL_Driver/stm32g0xx_hal_rcc_ex.o
 .ARM.attributes
                0x000000000000027c       0x2c c:/program files (x86)/stm32cubeide_1.7.0/stm32cubeide/plugins/com.st.stm32cube.ide.mcu.externaltools.gnu-tools-for-stm32.9-2020-q2-update.win32_2.0.0.202105311346/tools/bin/../lib/gcc/arm-none-eabi/9.3.1/../../../../arm-none-eabi/lib/thumb/v6-m/nofp\libc_nano.a(lib_a-init.o)
 .ARM.attributes
                0x00000000000002a8       0x2c c:/program files (x86)/stm32cubeide_1.7.0/stm32cubeide/plugins/com.st.stm32cube.ide.mcu.externaltools.gnu-tools-for-stm32.9-2020-q2-update.win32_2.0.0.202105311346/tools/bin/../lib/gcc/arm-none-eabi/9.3.1/../../../../arm-none-eabi/lib/thumb/v6-m/nofp\libc_nano.a(lib_a-memset.o)
 .ARM.attributes
                0x00000000000002d4       0x1e c:/program files (x86)/stm32cubeide_1.7.0/stm32cubeide/plugins/com.st.stm32cube.ide.mcu.externaltools.gnu-tools-for-stm32.9-2020-q2-update.win32_2.0.0.202105311346/tools/bin/../lib/gcc/arm-none-eabi/9.3.1/thumb/v6-m/nofp\libgcc.a(_udivsi3.o)
 .ARM.attributes
                0x00000000000002f2       0x1e c:/program files (x86)/stm32cubeide_1.7.0/stm32cubeide/plugins/com.st.stm32cube.ide.mcu.externaltools.gnu-tools-for-stm32.9-2020-q2-update.win32_2.0.0.202105311346/tools/bin/../lib/gcc/arm-none-eabi/9.3.1/thumb/v6-m/nofp\libgcc.a(_dvmd_tls.o)
 .ARM.attributes
                0x0000000000000310       0x1e c:/program files (x86)/stm32cubeide_1.7.0/stm32cubeide/plugins/com.st.stm32cube.ide.mcu.externaltools.gnu-tools-for-stm32.9-2020-q2-update.win32_2.0.0.202105311346/tools/bin/../lib/gcc/arm-none-eabi/9.3.1/thumb/v6-m/nofp/crtn.o
OUTPUT(FDCAN_Classic_Frame_Networking.elf elf32-littlearm)
LOAD linker stubs
LOAD c:/program files (x86)/stm32cubeide_1.7.0/stm32cubeide/plugins/com.st.stm32cube.ide.mcu.externaltools.gnu-tools-for-stm32.9-2020-q2-update.win32_2.0.0.202105311346/tools/bin/../lib/gcc/arm-none-eabi/9.3.1/../../../../arm-none-eabi/lib/thumb/v6-m/nofp\libc.a
LOAD c:/program files (x86)/stm32cubeide_1.7.0/stm32cubeide/plugins/com.st.stm32cube.ide.mcu.externaltools.gnu-tools-for-stm32.9-2020-q2-update.win32_2.0.0.202105311346/tools/bin/../lib/gcc/arm-none-eabi/9.3.1/../../../../arm-none-eabi/lib/thumb/v6-m/nofp\libm.a
LOAD c:/program files (x86)/stm32cubeide_1.7.0/stm32cubeide/plugins/com.st.stm32cube.ide.mcu.externaltools.gnu-tools-for-stm32.9-2020-q2-update.win32_2.0.0.202105311346/tools/bin/../lib/gcc/arm-none-eabi/9.3.1/thumb/v6-m/nofp\libgcc.a

.debug_line     0x0000000000000000     0xa1ba
 .debug_line    0x0000000000000000       0x90 ./Application/Startup/startup_stm32g0c1vetx.o
 .debug_line    0x0000000000000090      0xc81 ./Application/User/main.o
 .debug_line    0x0000000000000d11      0xacf ./Application/User/stm32g0xx_hal_msp.o
 .debug_line    0x00000000000017e0      0xaf5 ./Application/User/stm32g0xx_it.o
 .debug_line    0x00000000000022d5      0xcd6 ./Drivers/BSP/STM32G0C1E-EV/stm32g0c1e_eval.o
 .debug_line    0x0000000000002fab      0x80a ./Drivers/CMSIS/system_stm32g0xx.o
 .debug_line    0x00000000000037b5      0xb6d ./Drivers/STM32G0xx_HAL_Driver/stm32g0xx_hal.o
 .debug_line    0x0000000000004322      0xbbe ./Drivers/STM32G0xx_HAL_Driver/stm32g0xx_hal_cortex.o
 .debug_line    0x0000000000004ee0     0x191f ./Drivers/STM32G0xx_HAL_Driver/stm32g0xx_hal_fdcan.o
 .debug_line    0x00000000000067ff      0xbbc ./Drivers/STM32G0xx_HAL_Driver/stm32g0xx_hal_gpio.o
 .debug_line    0x00000000000073bb      0xc1e ./Drivers/STM32G0xx_HAL_Driver/stm32g0xx_hal_pwr_ex.o
 .debug_line    0x0000000000007fd9      0xfc6 ./Drivers/STM32G0xx_HAL_Driver/stm32g0xx_hal_rcc.o
 .debug_line    0x0000000000008f9f     0x121b ./Drivers/STM32G0xx_HAL_Driver/stm32g0xx_hal_rcc_ex.o

.debug_info     0x0000000000000000     0xb0eb
 .debug_info    0x0000000000000000       0x22 ./Application/Startup/startup_stm32g0c1vetx.o
 .debug_info    0x0000000000000022     0x1772 ./Application/User/main.o
 .debug_info    0x0000000000001794     0x13ca ./Application/User/stm32g0xx_hal_msp.o
 .debug_info    0x0000000000002b5e      0xfd8 ./Application/User/stm32g0xx_it.o
 .debug_info    0x0000000000003b36     0x150b ./Drivers/BSP/STM32G0C1E-EV/stm32g0c1e_eval.o
 .debug_info    0x0000000000005041      0x4fc ./Drivers/CMSIS/system_stm32g0xx.o
 .debug_info    0x000000000000553d      0xc01 ./Drivers/STM32G0xx_HAL_Driver/stm32g0xx_hal.o
 .debug_info    0x000000000000613e      0xa65 ./Drivers/STM32G0xx_HAL_Driver/stm32g0xx_hal_cortex.o
 .debug_info    0x0000000000006ba3     0x1a9d ./Drivers/STM32G0xx_HAL_Driver/stm32g0xx_hal_fdcan.o
 .debug_info    0x0000000000008640      0x799 ./Drivers/STM32G0xx_HAL_Driver/stm32g0xx_hal_gpio.o
 .debug_info    0x0000000000008dd9      0xa53 ./Drivers/STM32G0xx_HAL_Driver/stm32g0xx_hal_pwr_ex.o
 .debug_info    0x000000000000982c      0xcb3 ./Drivers/STM32G0xx_HAL_Driver/stm32g0xx_hal_rcc.o
 .debug_info    0x000000000000a4df      0xc0c ./Drivers/STM32G0xx_HAL_Driver/stm32g0xx_hal_rcc_ex.o

.debug_abbrev   0x0000000000000000     0x1a6b
 .debug_abbrev  0x0000000000000000       0x12 ./Application/Startup/startup_stm32g0c1vetx.o
 .debug_abbrev  0x0000000000000012      0x2be ./Application/User/main.o
 .debug_abbrev  0x00000000000002d0      0x221 ./Application/User/stm32g0xx_hal_msp.o
 .debug_abbrev  0x00000000000004f1      0x1f1 ./Application/User/stm32g0xx_it.o
 .debug_abbrev  0x00000000000006e2      0x276 ./Drivers/BSP/STM32G0C1E-EV/stm32g0c1e_eval.o
 .debug_abbrev  0x0000000000000958      0x165 ./Drivers/CMSIS/system_stm32g0xx.o
 .debug_abbrev  0x0000000000000abd      0x265 ./Drivers/STM32G0xx_HAL_Driver/stm32g0xx_hal.o
 .debug_abbrev  0x0000000000000d22      0x2c5 ./Drivers/STM32G0xx_HAL_Driver/stm32g0xx_hal_cortex.o
 .debug_abbrev  0x0000000000000fe7      0x1e4 ./Drivers/STM32G0xx_HAL_Driver/stm32g0xx_hal_fdcan.o
 .debug_abbrev  0x00000000000011cb      0x1df ./Drivers/STM32G0xx_HAL_Driver/stm32g0xx_hal_gpio.o
 .debug_abbrev  0x00000000000013aa      0x245 ./Drivers/STM32G0xx_HAL_Driver/stm32g0xx_hal_pwr_ex.o
 .debug_abbrev  0x00000000000015ef      0x266 ./Drivers/STM32G0xx_HAL_Driver/stm32g0xx_hal_rcc.o
 .debug_abbrev  0x0000000000001855      0x216 ./Drivers/STM32G0xx_HAL_Driver/stm32g0xx_hal_rcc_ex.o

.debug_aranges  0x0000000000000000      0x850
 .debug_aranges
                0x0000000000000000       0x28 ./Application/Startup/startup_stm32g0c1vetx.o
 .debug_aranges
                0x0000000000000028       0x58 ./Application/User/main.o
 .debug_aranges
                0x0000000000000080       0x30 ./Application/User/stm32g0xx_hal_msp.o
 .debug_aranges
                0x00000000000000b0       0x48 ./Application/User/stm32g0xx_it.o
 .debug_aranges
                0x00000000000000f8       0x70 ./Drivers/BSP/STM32G0C1E-EV/stm32g0c1e_eval.o
 .debug_aranges
                0x0000000000000168       0x28 ./Drivers/CMSIS/system_stm32g0xx.o
 .debug_aranges
                0x0000000000000190      0x130 ./Drivers/STM32G0xx_HAL_Driver/stm32g0xx_hal.o
 .debug_aranges
                0x00000000000002c0       0xd8 ./Drivers/STM32G0xx_HAL_Driver/stm32g0xx_hal_cortex.o
 .debug_aranges
                0x0000000000000398      0x208 ./Drivers/STM32G0xx_HAL_Driver/stm32g0xx_hal_fdcan.o
 .debug_aranges
                0x00000000000005a0       0x60 ./Drivers/STM32G0xx_HAL_Driver/stm32g0xx_hal_gpio.o
 .debug_aranges
                0x0000000000000600      0x128 ./Drivers/STM32G0xx_HAL_Driver/stm32g0xx_hal_pwr_ex.o
 .debug_aranges
                0x0000000000000728       0xa0 ./Drivers/STM32G0xx_HAL_Driver/stm32g0xx_hal_rcc.o
 .debug_aranges
                0x00000000000007c8       0x88 ./Drivers/STM32G0xx_HAL_Driver/stm32g0xx_hal_rcc_ex.o

.debug_str      0x0000000000000000    0xb347e
 .debug_str     0x0000000000000000       0xac ./Application/Startup/startup_stm32g0c1vetx.o
 .debug_str     0x00000000000000ac    0xb00c4 ./Application/User/main.o
                                      0xb0925 (size before relaxing)
 .debug_str     0x00000000000b0170      0x30f ./Application/User/stm32g0xx_hal_msp.o
                                      0xb0673 (size before relaxing)
 .debug_str     0x00000000000b047f       0xe5 ./Application/User/stm32g0xx_it.o
                                      0xb033d (size before relaxing)
 .debug_str     0x00000000000b0564      0x4b1 ./Drivers/BSP/STM32G0C1E-EV/stm32g0c1e_eval.o
                                      0xb07e2 (size before relaxing)
 .debug_str     0x00000000000b0a15       0xf0 ./Drivers/CMSIS/system_stm32g0xx.o
                                      0xaa611 (size before relaxing)
 .debug_str     0x00000000000b0b05      0x5d8 ./Drivers/STM32G0xx_HAL_Driver/stm32g0xx_hal.o
                                      0xaae1e (size before relaxing)
 .debug_str     0x00000000000b10dd      0x2e7 ./Drivers/STM32G0xx_HAL_Driver/stm32g0xx_hal_cortex.o
                                      0xaaae1 (size before relaxing)
 .debug_str     0x00000000000b13c4     0x124f ./Drivers/STM32G0xx_HAL_Driver/stm32g0xx_hal_fdcan.o
                                      0xabc3d (size before relaxing)
 .debug_str     0x00000000000b2613      0x200 ./Drivers/STM32G0xx_HAL_Driver/stm32g0xx_hal_gpio.o
                                      0xaa761 (size before relaxing)
 .debug_str     0x00000000000b2813      0x464 ./Drivers/STM32G0xx_HAL_Driver/stm32g0xx_hal_pwr_ex.o
                                      0xaab70 (size before relaxing)
 .debug_str     0x00000000000b2c77      0x448 ./Drivers/STM32G0xx_HAL_Driver/stm32g0xx_hal_rcc.o
                                      0xaac92 (size before relaxing)
 .debug_str     0x00000000000b30bf      0x3bf ./Drivers/STM32G0xx_HAL_Driver/stm32g0xx_hal_rcc_ex.o
                                      0xaac00 (size before relaxing)

.debug_ranges   0x0000000000000000      0x788
 .debug_ranges  0x0000000000000000       0x20 ./Application/Startup/startup_stm32g0c1vetx.o
 .debug_ranges  0x0000000000000020       0x48 ./Application/User/main.o
 .debug_ranges  0x0000000000000068       0x20 ./Application/User/stm32g0xx_hal_msp.o
 .debug_ranges  0x0000000000000088       0x38 ./Application/User/stm32g0xx_it.o
 .debug_ranges  0x00000000000000c0       0x60 ./Drivers/BSP/STM32G0C1E-EV/stm32g0c1e_eval.o
 .debug_ranges  0x0000000000000120       0x18 ./Drivers/CMSIS/system_stm32g0xx.o
 .debug_ranges  0x0000000000000138      0x120 ./Drivers/STM32G0xx_HAL_Driver/stm32g0xx_hal.o
 .debug_ranges  0x0000000000000258       0xc8 ./Drivers/STM32G0xx_HAL_Driver/stm32g0xx_hal_cortex.o
 .debug_ranges  0x0000000000000320      0x1f8 ./Drivers/STM32G0xx_HAL_Driver/stm32g0xx_hal_fdcan.o
 .debug_ranges  0x0000000000000518       0x50 ./Drivers/STM32G0xx_HAL_Driver/stm32g0xx_hal_gpio.o
 .debug_ranges  0x0000000000000568      0x118 ./Drivers/STM32G0xx_HAL_Driver/stm32g0xx_hal_pwr_ex.o
 .debug_ranges  0x0000000000000680       0x90 ./Drivers/STM32G0xx_HAL_Driver/stm32g0xx_hal_rcc.o
 .debug_ranges  0x0000000000000710       0x78 ./Drivers/STM32G0xx_HAL_Driver/stm32g0xx_hal_rcc_ex.o

.debug_macro    0x0000000000000000    0x1bedb
 .debug_macro   0x0000000000000000      0x345 ./Application/User/main.o
 .debug_macro   0x0000000000000345      0xa7e ./Application/User/main.o
 .debug_macro   0x0000000000000dc3      0x124 ./Application/User/main.o
 .debug_macro   0x0000000000000ee7       0x2e ./Application/User/main.o
 .debug_macro   0x0000000000000f15       0x28 ./Application/User/main.o
 .debug_macro   0x0000000000000f3d       0x22 ./Application/User/main.o
 .debug_macro   0x0000000000000f5f       0x8e ./Application/User/main.o
 .debug_macro   0x0000000000000fed       0x51 ./Application/User/main.o
 .debug_macro   0x000000000000103e      0x103 ./Application/User/main.o
 .debug_macro   0x0000000000001141       0x6a ./Application/User/main.o
 .debug_macro   0x00000000000011ab      0x1df ./Application/User/main.o
 .debug_macro   0x000000000000138a       0x1c ./Application/User/main.o
 .debug_macro   0x00000000000013a6       0x22 ./Application/User/main.o
 .debug_macro   0x00000000000013c8       0xd7 ./Application/User/main.o
 .debug_macro   0x000000000000149f      0x4da ./Application/User/main.o
 .debug_macro   0x0000000000001979      0x11f ./Application/User/main.o
 .debug_macro   0x0000000000001a98     0xf6d2 ./Application/User/main.o
 .debug_macro   0x000000000001116a       0x66 ./Application/User/main.o
 .debug_macro   0x00000000000111d0     0x34e5 ./Application/User/main.o
 .debug_macro   0x00000000000146b5      0x174 ./Application/User/main.o
 .debug_macro   0x0000000000014829       0x5c ./Application/User/main.o
 .debug_macro   0x0000000000014885      0x779 ./Application/User/main.o
 .debug_macro   0x0000000000014ffe     0x1596 ./Application/User/main.o
 .debug_macro   0x0000000000016594      0x59e ./Application/User/main.o
 .debug_macro   0x0000000000016b32      0x1d0 ./Application/User/main.o
 .debug_macro   0x0000000000016d02      0x25c ./Application/User/main.o
 .debug_macro   0x0000000000016f5e      0x503 ./Application/User/main.o
 .debug_macro   0x0000000000017461      0x280 ./Application/User/main.o
 .debug_macro   0x00000000000176e1      0x425 ./Application/User/main.o
 .debug_macro   0x0000000000017b06      0x1b2 ./Application/User/main.o
 .debug_macro   0x0000000000017cb8       0x43 ./Application/User/main.o
 .debug_macro   0x0000000000017cfb      0x1f1 ./Application/User/main.o
 .debug_macro   0x0000000000017eec      0x1e4 ./Application/User/main.o
 .debug_macro   0x00000000000180d0      0x3fa ./Application/User/main.o
 .debug_macro   0x00000000000184ca       0x28 ./Application/User/main.o
 .debug_macro   0x00000000000184f2      0x123 ./Application/User/main.o
 .debug_macro   0x0000000000018615      0x6af ./Application/User/main.o
 .debug_macro   0x0000000000018cc4      0x145 ./Application/User/main.o
 .debug_macro   0x0000000000018e09      0x30b ./Application/User/main.o
 .debug_macro   0x0000000000019114      0x5ed ./Application/User/main.o
 .debug_macro   0x0000000000019701       0x52 ./Application/User/main.o
 .debug_macro   0x0000000000019753       0x18 ./Application/User/main.o
 .debug_macro   0x000000000001976b       0x3c ./Application/User/main.o
 .debug_macro   0x00000000000197a7       0x34 ./Application/User/main.o
 .debug_macro   0x00000000000197db       0x16 ./Application/User/main.o
 .debug_macro   0x00000000000197f1       0x35 ./Application/User/main.o
 .debug_macro   0x0000000000019826      0x333 ./Application/User/main.o
 .debug_macro   0x0000000000019b59       0x10 ./Application/User/main.o
 .debug_macro   0x0000000000019b69       0x16 ./Application/User/main.o
 .debug_macro   0x0000000000019b7f       0x43 ./Application/User/main.o
 .debug_macro   0x0000000000019bc2       0x34 ./Application/User/main.o
 .debug_macro   0x0000000000019bf6       0x10 ./Application/User/main.o
 .debug_macro   0x0000000000019c06       0x58 ./Application/User/main.o
 .debug_macro   0x0000000000019c5e       0x71 ./Application/User/main.o
 .debug_macro   0x0000000000019ccf       0x1c ./Application/User/main.o
 .debug_macro   0x0000000000019ceb      0x12a ./Application/User/main.o
 .debug_macro   0x0000000000019e15       0x10 ./Application/User/main.o
 .debug_macro   0x0000000000019e25       0x1c ./Application/User/main.o
 .debug_macro   0x0000000000019e41       0x52 ./Application/User/main.o
 .debug_macro   0x0000000000019e93       0x22 ./Application/User/main.o
 .debug_macro   0x0000000000019eb5       0x10 ./Application/User/main.o
 .debug_macro   0x0000000000019ec5       0x40 ./Application/User/main.o
 .debug_macro   0x0000000000019f05       0xd5 ./Application/User/main.o
 .debug_macro   0x0000000000019fda       0x1c ./Application/User/main.o
 .debug_macro   0x0000000000019ff6       0x3d ./Application/User/main.o
 .debug_macro   0x000000000001a033       0x16 ./Application/User/main.o
 .debug_macro   0x000000000001a049      0x145 ./Application/User/main.o
 .debug_macro   0x000000000001a18e      0x361 ./Application/User/main.o
 .debug_macro   0x000000000001a4ef      0x339 ./Application/User/stm32g0xx_hal_msp.o
 .debug_macro   0x000000000001a828      0x343 ./Application/User/stm32g0xx_it.o
 .debug_macro   0x000000000001ab6b      0x38f ./Drivers/BSP/STM32G0C1E-EV/stm32g0c1e_eval.o
 .debug_macro   0x000000000001aefa      0x1c7 ./Drivers/CMSIS/system_stm32g0xx.o
 .debug_macro   0x000000000001b0c1      0x1e5 ./Drivers/STM32G0xx_HAL_Driver/stm32g0xx_hal.o
 .debug_macro   0x000000000001b2a6      0x1c1 ./Drivers/STM32G0xx_HAL_Driver/stm32g0xx_hal_cortex.o
 .debug_macro   0x000000000001b467      0x2d3 ./Drivers/STM32G0xx_HAL_Driver/stm32g0xx_hal_fdcan.o
 .debug_macro   0x000000000001b73a      0x1c8 ./Drivers/STM32G0xx_HAL_Driver/stm32g0xx_hal_gpio.o
 .debug_macro   0x000000000001b902      0x1eb ./Drivers/STM32G0xx_HAL_Driver/stm32g0xx_hal_pwr_ex.o
 .debug_macro   0x000000000001baed      0x215 ./Drivers/STM32G0xx_HAL_Driver/stm32g0xx_hal_rcc.o
 .debug_macro   0x000000000001bd02      0x1d9 ./Drivers/STM32G0xx_HAL_Driver/stm32g0xx_hal_rcc_ex.o

.comment        0x0000000000000000       0x53
 .comment       0x0000000000000000       0x53 ./Application/User/main.o
                                         0x54 (size before relaxing)
 .comment       0x0000000000000053       0x54 ./Application/User/stm32g0xx_hal_msp.o
 .comment       0x0000000000000053       0x54 ./Application/User/stm32g0xx_it.o
 .comment       0x0000000000000053       0x54 ./Drivers/BSP/STM32G0C1E-EV/stm32g0c1e_eval.o
 .comment       0x0000000000000053       0x54 ./Drivers/CMSIS/system_stm32g0xx.o
 .comment       0x0000000000000053       0x54 ./Drivers/STM32G0xx_HAL_Driver/stm32g0xx_hal.o
 .comment       0x0000000000000053       0x54 ./Drivers/STM32G0xx_HAL_Driver/stm32g0xx_hal_cortex.o
 .comment       0x0000000000000053       0x54 ./Drivers/STM32G0xx_HAL_Driver/stm32g0xx_hal_fdcan.o
 .comment       0x0000000000000053       0x54 ./Drivers/STM32G0xx_HAL_Driver/stm32g0xx_hal_gpio.o
 .comment       0x0000000000000053       0x54 ./Drivers/STM32G0xx_HAL_Driver/stm32g0xx_hal_pwr_ex.o
 .comment       0x0000000000000053       0x54 ./Drivers/STM32G0xx_HAL_Driver/stm32g0xx_hal_rcc.o
 .comment       0x0000000000000053       0x54 ./Drivers/STM32G0xx_HAL_Driver/stm32g0xx_hal_rcc_ex.o

.debug_frame    0x0000000000000000     0x1c30
 .debug_frame   0x0000000000000000      0x104 ./Application/User/main.o
 .debug_frame   0x0000000000000104       0x70 ./Application/User/stm32g0xx_hal_msp.o
 .debug_frame   0x0000000000000174       0xb8 ./Application/User/stm32g0xx_it.o
 .debug_frame   0x000000000000022c      0x16c ./Drivers/BSP/STM32G0C1E-EV/stm32g0c1e_eval.o
 .debug_frame   0x0000000000000398       0x4c ./Drivers/CMSIS/system_stm32g0xx.o
 .debug_frame   0x00000000000003e4      0x41c ./Drivers/STM32G0xx_HAL_Driver/stm32g0xx_hal.o
 .debug_frame   0x0000000000000800      0x2fc ./Drivers/STM32G0xx_HAL_Driver/stm32g0xx_hal_cortex.o
 .debug_frame   0x0000000000000afc      0x7d0 ./Drivers/STM32G0xx_HAL_Driver/stm32g0xx_hal_fdcan.o
 .debug_frame   0x00000000000012cc      0x130 ./Drivers/STM32G0xx_HAL_Driver/stm32g0xx_hal_gpio.o
 .debug_frame   0x00000000000013fc      0x3f4 ./Drivers/STM32G0xx_HAL_Driver/stm32g0xx_hal_pwr_ex.o
 .debug_frame   0x00000000000017f0      0x214 ./Drivers/STM32G0xx_HAL_Driver/stm32g0xx_hal_rcc.o
 .debug_frame   0x0000000000001a04      0x1c0 ./Drivers/STM32G0xx_HAL_Driver/stm32g0xx_hal_rcc_ex.o
 .debug_frame   0x0000000000001bc4       0x2c c:/program files (x86)/stm32cubeide_1.7.0/stm32cubeide/plugins/com.st.stm32cube.ide.mcu.externaltools.gnu-tools-for-stm32.9-2020-q2-update.win32_2.0.0.202105311346/tools/bin/../lib/gcc/arm-none-eabi/9.3.1/../../../../arm-none-eabi/lib/thumb/v6-m/nofp\libc_nano.a(lib_a-init.o)
 .debug_frame   0x0000000000001bf0       0x20 c:/program files (x86)/stm32cubeide_1.7.0/stm32cubeide/plugins/com.st.stm32cube.ide.mcu.externaltools.gnu-tools-for-stm32.9-2020-q2-update.win32_2.0.0.202105311346/tools/bin/../lib/gcc/arm-none-eabi/9.3.1/../../../../arm-none-eabi/lib/thumb/v6-m/nofp\libc_nano.a(lib_a-memset.o)
 .debug_frame   0x0000000000001c10       0x20 c:/program files (x86)/stm32cubeide_1.7.0/stm32cubeide/plugins/com.st.stm32cube.ide.mcu.externaltools.gnu-tools-for-stm32.9-2020-q2-update.win32_2.0.0.202105311346/tools/bin/../lib/gcc/arm-none-eabi/9.3.1/thumb/v6-m/nofp\libgcc.a(_udivsi3.o)
