com_FPGA_spi.c:8:6:test_spi	8	static
com_FPGA_spi.c:31:6:test_spi_inverse	16	static
com_FPGA_spi.c:39:6:spi_transmit	8	static
com_FPGA_spi.c:49:6:moteur1	4	static
com_FPGA_spi.c:53:6:moteur2	4	static
com_FPGA_spi.c:61:6:cmd_marche_arret	4	static
com_FPGA_spi.c:67:6:cmd_marche	4	static
com_FPGA_spi.c:75:6:cmd_arret	4	static
com_FPGA_spi.c:85:6:sens_rotation	4	static
com_FPGA_spi.c:90:6:sens_rotation_avant	8	static
com_FPGA_spi.c:96:6:sens_rotation_arriere	8	static
com_FPGA_spi.c:104:6:config_freq_PWM	4	static
com_FPGA_spi.c:109:6:config_freq_PWM_p1	4	static
com_FPGA_spi.c:115:6:config_freq_PWM_p16	4	static
com_FPGA_spi.c:125:6:vit_rap_cyc	16	static
com_FPGA_spi.c:133:6:fct_vierge	4	static
