com_FPGA_spi.c:11:6:test_spi	8	static
com_FPGA_spi.c:60:6:test_spi_inverse	16	static
com_FPGA_spi.c:68:6:spi_transmit	8	static
com_FPGA_spi.c:78:6:moteur1	4	static
com_FPGA_spi.c:82:6:moteur2	4	static
com_FPGA_spi.c:90:6:cmd_marche_arret	4	static
com_FPGA_spi.c:96:6:cmd_marche	4	static
com_FPGA_spi.c:104:6:cmd_arret	4	static
com_FPGA_spi.c:114:6:sens_rotation	4	static
com_FPGA_spi.c:119:6:sens_rotation_avant	8	static
com_FPGA_spi.c:125:6:sens_rotation_arriere	8	static
com_FPGA_spi.c:133:6:config_freq_PWM	4	static
com_FPGA_spi.c:138:6:config_freq_PWM_p1	4	static
com_FPGA_spi.c:144:6:config_freq_PWM_p127	4	static
com_FPGA_spi.c:150:6:config_freq_PWM_p16	4	static
com_FPGA_spi.c:160:6:vit_rap_cyc	16	static
com_FPGA_spi.c:168:6:fct_vierge	4	static
com_FPGA_spi.c:174:6:spi_transmission	8	static
com_FPGA_spi.c:185:6:callback_adoucissement_vitesse	16	static
