stm32f4xx_it.c:80:6:NMI_Handler	4	static
stm32f4xx_it.c:95:6:HardFault_Handler	4	static
stm32f4xx_it.c:110:6:MemManage_Handler	4	static
stm32f4xx_it.c:125:6:BusFault_Handler	4	static
stm32f4xx_it.c:140:6:UsageFault_Handler	4	static
stm32f4xx_it.c:155:6:SVC_Handler	4	static
stm32f4xx_it.c:168:6:DebugMon_Handler	4	static
stm32f4xx_it.c:181:6:PendSV_Handler	4	static
stm32f4xx_it.c:194:6:SysTick_Handler	8	static
stm32f4xx_it.c:215:6:TIM2_IRQHandler	8	static
stm32f4xx_it.c:233:6:SPI1_IRQHandler	8	static
stm32f4xx_it.c:247:6:USART2_IRQHandler	8	static
stm32f4xx_it.c:272:6:USART3_IRQHandler	8	static
stm32f4xx_it.c:293:6:USART6_IRQHandler	8	static
